{
  "passed": true,
  "revision": 27,
  "sourceCandidateSha256": "b073fb527ba3b4a270248928a47ecff45ed111999307c3820d5999220def7cb6",
  "sourceSha256": "ec4bfebc0b054542ffc7b7b92eb40ba9651e0527f3906dbd8eb1bb02b2a1f0ee",
  "runtimeSha256": "ad8a267243604e8ec35e08afebd66bc90b88036896ab3b27dfa3da452295de33",
  "sourceBytes": 11082844,
  "runtimeBytes": 4094448,
  "runtimeBudgetDecision": "pending-root-decision",
  "priorV26BudgetBytesReferenceOnly": 3800000,
  "withinPriorV26ReferenceBudget": false,
  "budgetAcceptanceImplied": false,
  "integrationApproved": false,
  "appearanceAccepted": false,
  "jointMaterialAcceptanceImplied": false,
  "meshInstances": 285,
  "renderedMeshPrimitives": 287,
  "rawNodes": 352,
  "countsVerifiedAgainstCurrentReferenceAndBakeReceipt": true,
  "inheritedCriticalOwnersAndAliases": 179,
  "requiredCriticalGeometryOwners": 177,
  "completeCriticalGeometryMeshes": 177,
  "criticalPrimitiveCount": 179,
  "newRequiredCriticalOwners": [],
  "additionalCompressorDeclaredOwners": [],
  "semanticAliases": [
    {
      "node": "WingLowerClosure_L",
      "type": "EMPTY",
      "materialOwner": "Composite_wing_L",
      "parent": "WingPivot_L",
      "serializedTrsExactlyPreserved": true
    },
    {
      "node": "WingLowerClosure_R",
      "type": "EMPTY",
      "materialOwner": "Composite_wing_R",
      "parent": "WingPivot_R",
      "serializedTrsExactlyPreserved": true
    }
  ],
  "allHierarchyNamesAndParentsPreserved": true,
  "allMaterialDefinitionsAndBindingsPreserved": true,
  "maxCriticalLocalMatrixError": 0,
  "driveRestTransformsExactlyPreserved": [
    "Drive_ScrewRotor",
    "Drive_MotorRotor",
    "Drive_PlanetRotor_0",
    "Drive_PlanetRotor_1",
    "Drive_PlanetRotor_2"
  ],
  "animations": [
    {
      "name": "TRANSWING_Hover_Cruise_Hover",
      "tracks": 18,
      "duration": 8.291666984558105,
      "trackNames": [
        "BraceSpreader.position",
        "WingPivot_L.quaternion",
        "BladeFold_L_Rear_A.quaternion",
        "BladeFold_L_Rear_B.quaternion",
        "BraceRod_L.position",
        "BraceRod_L.quaternion",
        "BraceRod_L.scale",
        "WingPivot_R.quaternion",
        "BladeFold_R_Rear_A.quaternion",
        "BladeFold_R_Rear_B.quaternion",
        "BraceRod_R.position",
        "BraceRod_R.quaternion",
        "BraceRod_R.scale",
        "Drive_ScrewRotor.quaternion",
        "Drive_PlanetRotor_0.quaternion",
        "Drive_PlanetRotor_1.quaternion",
        "Drive_PlanetRotor_2.quaternion",
        "Drive_MotorRotor.quaternion"
      ],
      "allDecodedTimesAndValuesByteEqual": true,
      "interpolationAndTypesIdentical": true
    },
    {
      "name": "TRANSWING_Motors_Start_Stop",
      "tracks": 26,
      "duration": 7,
      "trackNames": [
        "BraceSpreader.position",
        "WingPivot_L.quaternion",
        "Prop_L_Front.quaternion",
        "BladeFold_L_Front_A.quaternion",
        "BladeFold_L_Front_B.quaternion",
        "Prop_L_Rear.quaternion",
        "BladeFold_L_Rear_A.quaternion",
        "BladeFold_L_Rear_B.quaternion",
        "BraceRod_L.position",
        "BraceRod_L.quaternion",
        "BraceRod_L.scale",
        "WingPivot_R.quaternion",
        "Prop_R_Front.quaternion",
        "BladeFold_R_Front_A.quaternion",
        "BladeFold_R_Front_B.quaternion",
        "Prop_R_Rear.quaternion",
        "BladeFold_R_Rear_A.quaternion",
        "BladeFold_R_Rear_B.quaternion",
        "BraceRod_R.position",
        "BraceRod_R.quaternion",
        "BraceRod_R.scale",
        "Drive_ScrewRotor.quaternion",
        "Drive_PlanetRotor_0.quaternion",
        "Drive_PlanetRotor_1.quaternion",
        "Drive_PlanetRotor_2.quaternion",
        "Drive_MotorRotor.quaternion"
      ],
      "allDecodedTimesAndValuesByteEqual": true,
      "interpolationAndTypesIdentical": true
    }
  ],
  "claimBoundary": "Current baked source/runtime identity only: all inherited and current critical owners, every material primitive, Float32 oriented positions, exact serialized local TRS, complete hierarchy/material assignments, and animation arrays. Full current-candidate material, wall/clearance, appearance, playback and production-rig gates remain separate. Frozen parent metadata grants no new material acceptance."
}
