{
  "passed": true,
  "revision": 27,
  "jointMaterialAcceptanceImplied": false,
  "appearanceAccepted": false,
  "integrationApproved": false,
  "candidateReferenceSha256": "5849db3a2ad557579bbe354a207437d387824cdab9a4754ba6d2dd557e33b500",
  "sourceCandidateSha256": "b073fb527ba3b4a270248928a47ecff45ed111999307c3820d5999220def7cb6",
  "bakedBlendSha256": "dda9ce51fb6f37b5ac12666d27fbf3402c98afdd912d9d6c05702c7fa44a5768",
  "completeMeshIdentitiesCompared": 285,
  "allNamedParentsCompared": 352,
  "countsVerifiedAgainstCurrentReferenceAndBakeReceipt": true,
  "completeGeometryIncludesUnusedVerticesOrientedPolygonsAndMaterialSlots": true,
  "actualCandidateReopenedAndIndependentlyCompared": true,
  "animatedFramesRequireSeparateActualGLTFPlaybackVerification": true,
  "checks": [
    {
      "artifact": "pinned-current-candidate",
      "sha256": "b073fb527ba3b4a270248928a47ecff45ed111999307c3820d5999220def7cb6",
      "completeMeshIdentitiesCompared": 285,
      "allNamedParentsCompared": 352,
      "staticLocalFramesCompared": 352,
      "differences": []
    },
    {
      "artifact": "fresh-baked-blend",
      "sha256": "dda9ce51fb6f37b5ac12666d27fbf3402c98afdd912d9d6c05702c7fa44a5768",
      "completeMeshIdentitiesCompared": 285,
      "allNamedParentsCompared": 352,
      "staticLocalFramesCompared": 330,
      "differences": []
    }
  ],
  "differences": [],
  "claimBoundary": "Complete current-candidate and baked native geometry identity only. No thickness, clearance, collision, visual, animation-playback or integration acceptance is granted."
}
Blender 4.3.2
Read blend: "/workspace/scratch/40bf3b17dbf8/transwing-new-annotations-20261007/control-surface-revision/fresh-rebuild/transwing-studio/qa/revision-20261007/candidate-inset-integrated-b-independent-controls-regenerated.blend"
Read blend: "/workspace/scratch/40bf3b17dbf8/transwing-new-annotations-20261007/control-surface-revision/fresh-rebuild/transwing-studio/qa/revision-20261007-inset/baked-independent-controls-regenerated/xp4.blend"

Blender quit
