{
  "passed": true,
  "revision": 27,
  "sourceCandidateSha256": "b073fb527ba3b4a270248928a47ecff45ed111999307c3820d5999220def7cb6",
  "strictGateOwnerNames": [
    "Composite_wing_L",
    "Composite_wing_R"
  ],
  "jointMaterialAcceptanceImplied": false,
  "appearanceAccepted": false,
  "integrationApproved": false,
  "rows": [
    {
      "file": "xp4-source.glb",
      "sha256": "ec4bfebc0b054542ffc7b7b92eb40ba9651e0527f3906dbd8eb1bb02b2a1f0ee",
      "node": "Composite_wing_L",
      "loaderType": "Group",
      "primitives": [
        "Composite_wing_L__flat_candidate_actual_triangle_surface002",
        "Composite_wing_L__flat_candidate_actual_triangle_surface002_1"
      ],
      "sourceTriangleCount": 52132,
      "rawTopology": {
        "closed": true,
        "components": 1,
        "boundaryEdges": 0,
        "nonmanifoldEdges": 0
      },
      "zeroAreaTriangles": [],
      "minimumOwnerLocalTriangleArea": 2.7755575615628914e-17,
      "ownerLocalBelowOrEqual1e18": [],
      "unchangedCollisionSnapshotTopology": {
        "closed": true,
        "components": 1,
        "boundaryEdges": 0
      },
      "skippedDegenerate": 0,
      "skippedTriangles": []
    },
    {
      "file": "xp4-source.glb",
      "sha256": "ec4bfebc0b054542ffc7b7b92eb40ba9651e0527f3906dbd8eb1bb02b2a1f0ee",
      "node": "Composite_wing_R",
      "loaderType": "Group",
      "primitives": [
        "Composite_wing_R__flat_candidate_actual_triangle_surface002",
        "Composite_wing_R__flat_candidate_actual_triangle_surface002_1"
      ],
      "sourceTriangleCount": 52340,
      "rawTopology": {
        "closed": true,
        "components": 1,
        "boundaryEdges": 0,
        "nonmanifoldEdges": 0
      },
      "zeroAreaTriangles": [],
      "minimumOwnerLocalTriangleArea": 2.7755575615628914e-17,
      "ownerLocalBelowOrEqual1e18": [],
      "unchangedCollisionSnapshotTopology": {
        "closed": true,
        "components": 1,
        "boundaryEdges": 0
      },
      "skippedDegenerate": 0,
      "skippedTriangles": []
    },
    {
      "file": "xp4.glb",
      "sha256": "ad8a267243604e8ec35e08afebd66bc90b88036896ab3b27dfa3da452295de33",
      "node": "Composite_wing_L",
      "loaderType": "Group",
      "primitives": [
        "Composite_wing_L__flat_candidate_actual_triangle_surface002",
        "Composite_wing_L__flat_candidate_actual_triangle_surface002_1"
      ],
      "sourceTriangleCount": 52132,
      "rawTopology": {
        "closed": true,
        "components": 1,
        "boundaryEdges": 0,
        "nonmanifoldEdges": 0
      },
      "zeroAreaTriangles": [],
      "minimumOwnerLocalTriangleArea": 2.7755575615628914e-17,
      "ownerLocalBelowOrEqual1e18": [],
      "unchangedCollisionSnapshotTopology": {
        "closed": true,
        "components": 1,
        "boundaryEdges": 0
      },
      "skippedDegenerate": 0,
      "skippedTriangles": []
    },
    {
      "file": "xp4.glb",
      "sha256": "ad8a267243604e8ec35e08afebd66bc90b88036896ab3b27dfa3da452295de33",
      "node": "Composite_wing_R",
      "loaderType": "Group",
      "primitives": [
        "Composite_wing_R__flat_candidate_actual_triangle_surface002",
        "Composite_wing_R__flat_candidate_actual_triangle_surface002_1"
      ],
      "sourceTriangleCount": 52340,
      "rawTopology": {
        "closed": true,
        "components": 1,
        "boundaryEdges": 0,
        "nonmanifoldEdges": 0
      },
      "zeroAreaTriangles": [],
      "minimumOwnerLocalTriangleArea": 2.7755575615628914e-17,
      "ownerLocalBelowOrEqual1e18": [],
      "unchangedCollisionSnapshotTopology": {
        "closed": true,
        "components": 1,
        "boundaryEdges": 0
      },
      "skippedDegenerate": 0,
      "skippedTriangles": []
    }
  ],
  "unchangedThresholds": {
    "ownerLocalMinimumAreaExclusive": 1e-18,
    "triangleContactModuleSha256": "c8c8bc4f141aff261dbb0bac493fb9e7b4066cae9e1eb95f41cdd9b7718700bb",
    "solidContactModuleSha256": "ce7e6268a2b923be64a714716989206c325d283936f28cb7a72d98d2433f023d"
  },
  "scope": "Aggregate all material primitives of each current lower-skin physical owner and any newly added owner; preserve V26 area and original SAT filtering gates exactly. Raw topology and the unchanged collision snapshot must both pass. No appearance, material-thickness, clearance, collision or global aircraft acceptance is implied."
}
