{
  "passed": true,
  "revision": 27,
  "baselineRuntimePath": "assets/baseline-v25-20261007/xp4-runtime.glb",
  "baselineRuntimeSha256": "7d8f17becf588b7dbebcd95201f89e18bcd95db4eca238451c6e64e85de9e902",
  "currentRuntimeSha256": "ad8a267243604e8ec35e08afebd66bc90b88036896ab3b27dfa3da452295de33",
  "sourceCandidateSha256": "b073fb527ba3b4a270248928a47ecff45ed111999307c3820d5999220def7cb6",
  "frozenBaselineHashVerifiedBeforeAndAfter": true,
  "baselineVerificationInputLockSha256": "06dc3c20ede7a1802baad0ec17e5cc8b7f80a0dba86f42c20aa7e47b05923103",
  "currentMainOutputUsedAsBaseline": false,
  "optionalMainOutputObservation": null,
  "baselineIsVerificationOnly": true,
  "baselineNotRequiredByBakeOrCompression": true,
  "checkedOwnerCount": 9,
  "rows": [
    {
      "node": "Ventral_small_sensor",
      "passed": true,
      "completeDecodedPositionOrientedTriangleMaterialAndLocalFrameIdentity": true,
      "geometrySignatureSha256": "10c5dd05a8a0238617b3cf3babb5d74a6aee95eeaf6253e38a92402787991672",
      "baselineGeometrySignatureSha256": "10c5dd05a8a0238617b3cf3babb5d74a6aee95eeaf6253e38a92402787991672",
      "differences": [],
      "primitiveCount": 1,
      "currentSatFilteredTriangles": 24,
      "ancestorRestFramesIdentical": true,
      "ancestorRestFrameDifferences": []
    },
    {
      "node": "Blade_hinge_arm_L_Front_A",
      "passed": true,
      "completeDecodedPositionOrientedTriangleMaterialAndLocalFrameIdentity": true,
      "geometrySignatureSha256": "577171d6e67ab1c4cb2876c0cd51ebfb45329b3ce9f207544f566ea5123261d7",
      "baselineGeometrySignatureSha256": "577171d6e67ab1c4cb2876c0cd51ebfb45329b3ce9f207544f566ea5123261d7",
      "differences": [],
      "primitiveCount": 1,
      "currentSatFilteredTriangles": 8,
      "ancestorRestFramesIdentical": false,
      "ancestorRestFrameDifferences": [
        {
          "node": "Prop_L_Front",
          "baselineMatrix": [
            1,
            0,
            0,
            0,
            0,
            -1.3435885648505064e-7,
            1.0000001343588565,
            0,
            0,
            -1.0000001343588565,
            -1.3435885648505064e-7,
            0,
            -0.10000000894069672,
            -0.2799999713897705,
            1.0749999284744263,
            1
          ],
          "currentMatrix": [
            1,
            0,
            0,
            0,
            0,
            -1.3435885648505064e-7,
            1.0000001343588565,
            0,
            0,
            -1.0000001343588565,
            -1.3435885648505064e-7,
            0,
            -0.03987167775630951,
            -0.2198716253042221,
            1.135128140449524,
            1
          ]
        },
        {
          "node": "WingPivot_L",
          "baselineMatrix": [
            -3.5762790417948054e-7,
            5.96046660916727e-8,
            1.0000001788139414,
            0,
            1.0000001788139272,
            -3.5762790417948054e-7,
            1.7881395564245395e-7,
            0,
            1.7881395564245395e-7,
            1.0000001788139414,
            -2.384185933124172e-7,
            0,
            -1.440000057220459,
            -0.1599999964237213,
            1.5049999952316284,
            1
          ],
          "currentMatrix": [
            -3.5762790417948054e-7,
            5.96046660916727e-8,
            1.0000001788139414,
            0,
            1.0000001788139272,
            -3.5762790417948054e-7,
            1.7881395564245395e-7,
            0,
            1.7881395564245395e-7,
            1.0000001788139414,
            -2.384185933124172e-7,
            0,
            -1.5001282691955566,
            -0.22012822329998016,
            1.4448717832565308,
            1
          ]
        }
      ]
    },
    {
      "node": "Blade_hinge_arm_L_Front_B",
      "passed": true,
      "completeDecodedPositionOrientedTriangleMaterialAndLocalFrameIdentity": true,
      "geometrySignatureSha256": "fcc66276e173ca8fc88230942beead7e5183e4a1c30be7bd7c98d373a606f58f",
      "baselineGeometrySignatureSha256": "fcc66276e173ca8fc88230942beead7e5183e4a1c30be7bd7c98d373a606f58f",
      "differences": [],
      "primitiveCount": 1,
      "currentSatFilteredTriangles": 8,
      "ancestorRestFramesIdentical": false,
      "ancestorRestFrameDifferences": [
        {
          "node": "Prop_L_Front",
          "baselineMatrix": [
            1,
            0,
            0,
            0,
            0,
            -1.3435885648505064e-7,
            1.0000001343588565,
            0,
            0,
            -1.0000001343588565,
            -1.3435885648505064e-7,
            0,
            -0.10000000894069672,
            -0.2799999713897705,
            1.0749999284744263,
            1
          ],
          "currentMatrix": [
            1,
            0,
            0,
            0,
            0,
            -1.3435885648505064e-7,
            1.0000001343588565,
            0,
            0,
            -1.0000001343588565,
            -1.3435885648505064e-7,
            0,
            -0.03987167775630951,
            -0.2198716253042221,
            1.135128140449524,
            1
          ]
        },
        {
          "node": "WingPivot_L",
          "baselineMatrix": [
            -3.5762790417948054e-7,
            5.96046660916727e-8,
            1.0000001788139414,
            0,
            1.0000001788139272,
            -3.5762790417948054e-7,
            1.7881395564245395e-7,
            0,
            1.7881395564245395e-7,
            1.0000001788139414,
            -2.384185933124172e-7,
            0,
            -1.440000057220459,
            -0.1599999964237213,
            1.5049999952316284,
            1
          ],
          "currentMatrix": [
            -3.5762790417948054e-7,
            5.96046660916727e-8,
            1.0000001788139414,
            0,
            1.0000001788139272,
            -3.5762790417948054e-7,
            1.7881395564245395e-7,
            0,
            1.7881395564245395e-7,
            1.0000001788139414,
            -2.384185933124172e-7,
            0,
            -1.5001282691955566,
            -0.22012822329998016,
            1.4448717832565308,
            1
          ]
        }
      ]
    },
    {
      "node": "Blade_hinge_arm_L_Rear_A",
      "passed": true,
      "completeDecodedPositionOrientedTriangleMaterialAndLocalFrameIdentity": true,
      "geometrySignatureSha256": "bb27e18552627b8a287d5a798f046a9a7c4a8e3bf876c04d146e12877a6f2b14",
      "baselineGeometrySignatureSha256": "bb27e18552627b8a287d5a798f046a9a7c4a8e3bf876c04d146e12877a6f2b14",
      "differences": [],
      "primitiveCount": 1,
      "currentSatFilteredTriangles": 8,
      "ancestorRestFramesIdentical": false,
      "ancestorRestFrameDifferences": [
        {
          "node": "Prop_L_Rear",
          "baselineMatrix": [
            1,
            0,
            0,
            0,
            0,
            -1.3435885648505064e-7,
            1.0000001343588565,
            0,
            0,
            -1.0000001343588565,
            -1.3435885648505064e-7,
            0,
            -2.309999942779541,
            -0.2800000011920929,
            1.0749998092651367,
            1
          ],
          "currentMatrix": [
            1,
            0,
            0,
            0,
            0,
            -1.3435885648505064e-7,
            1.0000001343588565,
            0,
            0,
            -1.0000001343588565,
            -1.3435885648505064e-7,
            0,
            -2.2498714923858643,
            -0.2198716700077057,
            1.135128140449524,
            1
          ]
        },
        {
          "node": "WingPivot_L",
          "baselineMatrix": [
            -3.5762790417948054e-7,
            5.96046660916727e-8,
            1.0000001788139414,
            0,
            1.0000001788139272,
            -3.5762790417948054e-7,
            1.7881395564245395e-7,
            0,
            1.7881395564245395e-7,
            1.0000001788139414,
            -2.384185933124172e-7,
            0,
            -1.440000057220459,
            -0.1599999964237213,
            1.5049999952316284,
            1
          ],
          "currentMatrix": [
            -3.5762790417948054e-7,
            5.96046660916727e-8,
            1.0000001788139414,
            0,
            1.0000001788139272,
            -3.5762790417948054e-7,
            1.7881395564245395e-7,
            0,
            1.7881395564245395e-7,
            1.0000001788139414,
            -2.384185933124172e-7,
            0,
            -1.5001282691955566,
            -0.22012822329998016,
            1.4448717832565308,
            1
          ]
        }
      ]
    },
    {
      "node": "Blade_hinge_arm_L_Rear_B",
      "passed": true,
      "completeDecodedPositionOrientedTriangleMaterialAndLocalFrameIdentity": true,
      "geometrySignatureSha256": "eee34c423ac84f5f03baa715c94321b32e82b2cf28716cd8ea1a6e4552a67cf5",
      "baselineGeometrySignatureSha256": "eee34c423ac84f5f03baa715c94321b32e82b2cf28716cd8ea1a6e4552a67cf5",
      "differences": [],
      "primitiveCount": 1,
      "currentSatFilteredTriangles": 8,
      "ancestorRestFramesIdentical": false,
      "ancestorRestFrameDifferences": [
        {
          "node": "Prop_L_Rear",
          "baselineMatrix": [
            1,
            0,
            0,
            0,
            0,
            -1.3435885648505064e-7,
            1.0000001343588565,
            0,
            0,
            -1.0000001343588565,
            -1.3435885648505064e-7,
            0,
            -2.309999942779541,
            -0.2800000011920929,
            1.0749998092651367,
            1
          ],
          "currentMatrix": [
            1,
            0,
            0,
            0,
            0,
            -1.3435885648505064e-7,
            1.0000001343588565,
            0,
            0,
            -1.0000001343588565,
            -1.3435885648505064e-7,
            0,
            -2.2498714923858643,
            -0.2198716700077057,
            1.135128140449524,
            1
          ]
        },
        {
          "node": "WingPivot_L",
          "baselineMatrix": [
            -3.5762790417948054e-7,
            5.96046660916727e-8,
            1.0000001788139414,
            0,
            1.0000001788139272,
            -3.5762790417948054e-7,
            1.7881395564245395e-7,
            0,
            1.7881395564245395e-7,
            1.0000001788139414,
            -2.384185933124172e-7,
            0,
            -1.440000057220459,
            -0.1599999964237213,
            1.5049999952316284,
            1
          ],
          "currentMatrix": [
            -3.5762790417948054e-7,
            5.96046660916727e-8,
            1.0000001788139414,
            0,
            1.0000001788139272,
            -3.5762790417948054e-7,
            1.7881395564245395e-7,
            0,
            1.7881395564245395e-7,
            1.0000001788139414,
            -2.384185933124172e-7,
            0,
            -1.5001282691955566,
            -0.22012822329998016,
            1.4448717832565308,
            1
          ]
        }
      ]
    },
    {
      "node": "Blade_hinge_arm_R_Front_A",
      "passed": true,
      "completeDecodedPositionOrientedTriangleMaterialAndLocalFrameIdentity": true,
      "geometrySignatureSha256": "66c4306c98cf8f1dbf99f6dd262078bd78cccae9c9684c45acb6761eebd2a699",
      "baselineGeometrySignatureSha256": "66c4306c98cf8f1dbf99f6dd262078bd78cccae9c9684c45acb6761eebd2a699",
      "differences": [],
      "primitiveCount": 1,
      "currentSatFilteredTriangles": 8,
      "ancestorRestFramesIdentical": false,
      "ancestorRestFrameDifferences": [
        {
          "node": "Prop_R_Front",
          "baselineMatrix": [
            1,
            0,
            0,
            0,
            0,
            -1.3435885648505064e-7,
            1.0000001343588565,
            0,
            0,
            -1.0000001343588565,
            -1.3435885648505064e-7,
            0,
            0.10000002384185791,
            -0.2799999713897705,
            1.0749999284744263,
            1
          ],
          "currentMatrix": [
            1,
            0,
            0,
            0,
            0,
            -1.3435885648505064e-7,
            1.0000001343588565,
            0,
            0,
            -1.0000001343588565,
            -1.3435885648505064e-7,
            0,
            0.039871811866760254,
            -0.21987175941467285,
            1.135128140449524,
            1
          ]
        },
        {
          "node": "WingPivot_R",
          "baselineMatrix": [
            0,
            0,
            -1,
            0,
            -1,
            0,
            0,
            0,
            0,
            1,
            0,
            0,
            1.440000057220459,
            -0.1599999964237213,
            1.5049999952316284,
            1
          ],
          "currentMatrix": [
            0,
            0,
            -1,
            0,
            -1,
            0,
            0,
            0,
            0,
            1,
            0,
            0,
            1.5001282691955566,
            -0.22012822329998016,
            1.4448717832565308,
            1
          ]
        }
      ]
    },
    {
      "node": "Blade_hinge_arm_R_Front_B",
      "passed": true,
      "completeDecodedPositionOrientedTriangleMaterialAndLocalFrameIdentity": true,
      "geometrySignatureSha256": "47fd627f54d7794ae926300c4ae735c9399bd2983232a3365e09557b7a97bcd4",
      "baselineGeometrySignatureSha256": "47fd627f54d7794ae926300c4ae735c9399bd2983232a3365e09557b7a97bcd4",
      "differences": [],
      "primitiveCount": 1,
      "currentSatFilteredTriangles": 8,
      "ancestorRestFramesIdentical": false,
      "ancestorRestFrameDifferences": [
        {
          "node": "Prop_R_Front",
          "baselineMatrix": [
            1,
            0,
            0,
            0,
            0,
            -1.3435885648505064e-7,
            1.0000001343588565,
            0,
            0,
            -1.0000001343588565,
            -1.3435885648505064e-7,
            0,
            0.10000002384185791,
            -0.2799999713897705,
            1.0749999284744263,
            1
          ],
          "currentMatrix": [
            1,
            0,
            0,
            0,
            0,
            -1.3435885648505064e-7,
            1.0000001343588565,
            0,
            0,
            -1.0000001343588565,
            -1.3435885648505064e-7,
            0,
            0.039871811866760254,
            -0.21987175941467285,
            1.135128140449524,
            1
          ]
        },
        {
          "node": "WingPivot_R",
          "baselineMatrix": [
            0,
            0,
            -1,
            0,
            -1,
            0,
            0,
            0,
            0,
            1,
            0,
            0,
            1.440000057220459,
            -0.1599999964237213,
            1.5049999952316284,
            1
          ],
          "currentMatrix": [
            0,
            0,
            -1,
            0,
            -1,
            0,
            0,
            0,
            0,
            1,
            0,
            0,
            1.5001282691955566,
            -0.22012822329998016,
            1.4448717832565308,
            1
          ]
        }
      ]
    },
    {
      "node": "Blade_hinge_arm_R_Rear_A",
      "passed": true,
      "completeDecodedPositionOrientedTriangleMaterialAndLocalFrameIdentity": true,
      "geometrySignatureSha256": "c7506bc4d0a3254e3d6010f414f327988272840c67460aa161de7c3f0af7698e",
      "baselineGeometrySignatureSha256": "c7506bc4d0a3254e3d6010f414f327988272840c67460aa161de7c3f0af7698e",
      "differences": [],
      "primitiveCount": 1,
      "currentSatFilteredTriangles": 8,
      "ancestorRestFramesIdentical": false,
      "ancestorRestFrameDifferences": [
        {
          "node": "Prop_R_Rear",
          "baselineMatrix": [
            1,
            0,
            0,
            0,
            0,
            -1.3435885648505064e-7,
            1.0000001343588565,
            0,
            0,
            -1.0000001343588565,
            -1.3435885648505064e-7,
            0,
            2.309999942779541,
            -0.2799999713897705,
            1.0749999284744263,
            1
          ],
          "currentMatrix": [
            1,
            0,
            0,
            0,
            0,
            -1.3435885648505064e-7,
            1.0000001343588565,
            0,
            0,
            -1.0000001343588565,
            -1.3435885648505064e-7,
            0,
            2.2498717308044434,
            -0.21987175941467285,
            1.135128140449524,
            1
          ]
        },
        {
          "node": "WingPivot_R",
          "baselineMatrix": [
            0,
            0,
            -1,
            0,
            -1,
            0,
            0,
            0,
            0,
            1,
            0,
            0,
            1.440000057220459,
            -0.1599999964237213,
            1.5049999952316284,
            1
          ],
          "currentMatrix": [
            0,
            0,
            -1,
            0,
            -1,
            0,
            0,
            0,
            0,
            1,
            0,
            0,
            1.5001282691955566,
            -0.22012822329998016,
            1.4448717832565308,
            1
          ]
        }
      ]
    },
    {
      "node": "Blade_hinge_arm_R_Rear_B",
      "passed": true,
      "completeDecodedPositionOrientedTriangleMaterialAndLocalFrameIdentity": true,
      "geometrySignatureSha256": "f77f011a0d77645909843e3e9b9fb1727a8a6315cd1b6c4167a90cddd53c76b7",
      "baselineGeometrySignatureSha256": "f77f011a0d77645909843e3e9b9fb1727a8a6315cd1b6c4167a90cddd53c76b7",
      "differences": [],
      "primitiveCount": 1,
      "currentSatFilteredTriangles": 8,
      "ancestorRestFramesIdentical": false,
      "ancestorRestFrameDifferences": [
        {
          "node": "Prop_R_Rear",
          "baselineMatrix": [
            1,
            0,
            0,
            0,
            0,
            -1.3435885648505064e-7,
            1.0000001343588565,
            0,
            0,
            -1.0000001343588565,
            -1.3435885648505064e-7,
            0,
            2.309999942779541,
            -0.2799999713897705,
            1.0749999284744263,
            1
          ],
          "currentMatrix": [
            1,
            0,
            0,
            0,
            0,
            -1.3435885648505064e-7,
            1.0000001343588565,
            0,
            0,
            -1.0000001343588565,
            -1.3435885648505064e-7,
            0,
            2.2498717308044434,
            -0.21987175941467285,
            1.135128140449524,
            1
          ]
        },
        {
          "node": "WingPivot_R",
          "baselineMatrix": [
            0,
            0,
            -1,
            0,
            -1,
            0,
            0,
            0,
            0,
            1,
            0,
            0,
            1.440000057220459,
            -0.1599999964237213,
            1.5049999952316284,
            1
          ],
          "currentMatrix": [
            0,
            0,
            -1,
            0,
            -1,
            0,
            0,
            0,
            0,
            1,
            0,
            0,
            1.5001282691955566,
            -0.22012822329998016,
            1.4448717832565308,
            1
          ]
        }
      ]
    }
  ],
  "anyAncestorRestFramesChanged": true,
  "globalGeometryAcceptanceImplied": false,
  "jointMaterialAcceptanceImplied": false,
  "appearanceAccepted": false,
  "integrationApproved": false,
  "scope": "Exact local decoded coordinates (including full position inventory), oriented triangles, material definitions, own local matrices and parent identities for every current runtime SAT-filtering inventory owner, compared with separately locked frozen V25 runtime bytes. Ancestor frame differences are recorded separately and are not silently accepted as world-space identity. This provides historical local-defect provenance only, grants no exemption and changes no area, topology or SAT threshold."
}
