{
  "passed": true,
  "revision": 27,
  "scope": "Synthetic negative checks of current-stage copies only; no fixture grants model acceptance.",
  "originalRuntimeSha256": "ad8a267243604e8ec35e08afebd66bc90b88036896ab3b27dfa3da452295de33",
  "originalRuntimeUnchanged": true,
  "tests": [
    {
      "test": "primitive-material-drift",
      "passed": true,
      "exitCode": 1,
      "expectedRejection": "Serialized material changed",
      "mutatedRuntimeSha256": "5266061890ed632aaf1838aaa606f92e95563bf89892ec139eaf9f67c247c94e",
      "log": "identity-negative-fixtures/primitive-material-drift/expected-rejection.log",
      "temporaryFixtureAssetsRetained": false
    },
    {
      "test": "critical-owner-trs-drift",
      "passed": true,
      "exitCode": 1,
      "expectedRejection": "serialized translation",
      "mutatedRuntimeSha256": "1f38d5692274c4f2062ba3e97be6a1e0775e8f235680e5628f8ab99b1560cbde",
      "log": "identity-negative-fixtures/critical-owner-trs-drift/expected-rejection.log",
      "temporaryFixtureAssetsRetained": false
    },
    {
      "test": "empty-alias-trs-drift",
      "passed": true,
      "exitCode": 1,
      "expectedRejection": "serialized translation",
      "mutatedRuntimeSha256": "37258374d84f806b2dfe9ce7a93cf0f82d55d1b8749e59edf014e2d1f994a74b",
      "log": "identity-negative-fixtures/empty-alias-trs-drift/expected-rejection.log",
      "temporaryFixtureAssetsRetained": false
    },
    {
      "test": "animation-interpolation-drift",
      "passed": true,
      "exitCode": 1,
      "expectedRejection": "Animation interpolation changed",
      "mutatedRuntimeSha256": "0785725fdc6b4fe2235978f9df319109057fd9e406d89ea282010967f98fbfa9",
      "log": "identity-negative-fixtures/animation-interpolation-drift/expected-rejection.log",
      "temporaryFixtureAssetsRetained": false
    },
    {
      "test": "inherited-critical-exemption-removed",
      "passed": true,
      "exitCode": 1,
      "expectedRejection": "Missing strict Float32 owner Composite_wing_R",
      "mutatedRuntimeSha256": "ad8a267243604e8ec35e08afebd66bc90b88036896ab3b27dfa3da452295de33",
      "log": "identity-negative-fixtures/inherited-critical-exemption-removed/expected-rejection.log",
      "temporaryFixtureAssetsRetained": false
    }
  ]
}
