test_concurrent_duplicates_linearize_once (test_bridge.BridgeTests.test_concurrent_duplicates_linearize_once) ... ok
test_destroy_and_version (test_bridge.BridgeTests.test_destroy_and_version) ... ok
test_disconnect_reconnect_replay_and_generation (test_bridge.BridgeTests.test_disconnect_reconnect_replay_and_generation) ... ok
test_exclusive_ownership_and_ui_interrupt (test_bridge.BridgeTests.test_exclusive_ownership_and_ui_interrupt) ... ok
test_false_observer_never_counts_as_viewer (test_bridge.BridgeTests.test_false_observer_never_counts_as_viewer) ... ok
test_history_overrun_safely_resyncs (test_bridge.BridgeTests.test_history_overrun_safely_resyncs) ... ok
test_invalid_command_does_not_consume_sequence (test_bridge.BridgeTests.test_invalid_command_does_not_consume_sequence) ... ok
test_lease_and_close_stop_targets (test_bridge.BridgeTests.test_lease_and_close_stop_targets) ... ok
test_no_viewer_pending_applied_and_stale_ack (test_bridge.BridgeTests.test_no_viewer_pending_applied_and_stale_ack) ... ok
test_order_conflict_and_idempotence (test_bridge.BridgeTests.test_order_conflict_and_idempotence) ... ok
test_bad_json_deep_nesting_and_mime (test_http.HttpTests.test_bad_json_deep_nesting_and_mime) ... ok
test_binding_restricted (test_http.HttpTests.test_binding_restricted) ... ok
test_disconnect_and_interruption_close_client (test_http.HttpTests.test_disconnect_and_interruption_close_client) ... ok
test_many_viewer_refreshes_do_not_exhaust_capacity (test_http.HttpTests.test_many_viewer_refreshes_do_not_exhaust_capacity) ... ok
test_real_command_sse_ack_and_reconnect (test_http.HttpTests.test_real_command_sse_ack_and_reconnect) ... ok
test_sdk_parallel_commands_and_replay (test_http.HttpTests.test_sdk_parallel_commands_and_replay) ... ok
test_security_origin_host_static_and_limit (test_http.HttpTests.test_security_origin_host_static_and_limit) ... ok
test_snapshot_subscription_is_read_only_observer (test_http.HttpTests.test_snapshot_subscription_is_read_only_observer) ... ok
test_uncertain_transport_reuses_sequence (test_http.HttpTests.test_uncertain_transport_reuses_sequence) ... ok
test_all_fields_and_boundaries (test_protocol.ProtocolTests.test_all_fields_and_boundaries) ... ok
test_clock_seek_pause_reset (test_protocol.ProtocolTests.test_clock_seek_pause_reset) ... ok
test_exploded_requires_atomic_stop (test_protocol.ProtocolTests.test_exploded_requires_atomic_stop) ... ok
test_motor_and_surface_partial_updates (test_protocol.ProtocolTests.test_motor_and_surface_partial_updates) ... ok
test_recording_is_deterministic_and_validated (test_protocol.ProtocolTests.test_recording_is_deterministic_and_validated) ... ok
test_reject_invalid_values_without_partial_mutation (test_protocol.ProtocolTests.test_reject_invalid_values_without_partial_mutation) ... ok
test_snapshot_conversion (test_protocol.ProtocolTests.test_snapshot_conversion) ... ok

----------------------------------------------------------------------
Ran 26 tests in 0.694s

OK
