{
  "schema": "transwing.local-rear-static-layer-gap.v1",
  "sourceSha256": "f38764881b5c597cc3be98aab79a9b2ad932f6c8c07359d7f9f30c218969c084",
  "rows": [
    {
      "side": "L",
      "samples": 993,
      "minimumGap": {
        "x": -0.7030000000000001,
        "y": -1.0070000000000037,
        "gap": 0.003045022487640381,
        "fixedVerticalWall": 0.011032521724700928,
        "movingTop": -0.21813344955444336,
        "fixedBottom": -0.21508842706680298
      },
      "below003Count": 0,
      "lowestWitnesses": [
        {
          "x": -0.7030000000000001,
          "y": -1.0070000000000037,
          "gap": 0.003045022487640381,
          "fixedVerticalWall": 0.011032521724700928,
          "movingTop": -0.21813344955444336,
          "fixedBottom": -0.21508842706680298
        },
        {
          "x": -0.7020000000000001,
          "y": -1.0080000000000036,
          "gap": 0.0032407045364379883,
          "fixedVerticalWall": 0.011132240295410156,
          "movingTop": -0.2182527780532837,
          "fixedBottom": -0.2150120735168457
        },
        {
          "x": -0.7030000000000001,
          "y": -1.0080000000000036,
          "gap": 0.0032503604888916016,
          "fixedVerticalWall": 0.011086106300354004,
          "movingTop": -0.2182624340057373,
          "fixedBottom": -0.2150120735168457
        },
        {
          "x": -0.7040000000000001,
          "y": -1.0080000000000036,
          "gap": 0.0032602548599243164,
          "fixedVerticalWall": 0.011039972305297852,
          "movingTop": -0.21827232837677002,
          "fixedBottom": -0.2150120735168457
        },
        {
          "x": -0.7050000000000001,
          "y": -1.0080000000000036,
          "gap": 0.0032701492309570312,
          "fixedVerticalWall": 0.010993599891662598,
          "movingTop": -0.21828222274780273,
          "fixedBottom": -0.2150120735168457
        },
        {
          "x": -0.7020000000000001,
          "y": -1.0090000000000034,
          "gap": 0.0034459829330444336,
          "fixedVerticalWall": 0.011185765266418457,
          "movingTop": -0.21838176250457764,
          "fixedBottom": -0.2149357795715332
        },
        {
          "x": -0.7030000000000001,
          "y": -1.0090000000000034,
          "gap": 0.0034554004669189453,
          "fixedVerticalWall": 0.011139750480651855,
          "movingTop": -0.21839118003845215,
          "fixedBottom": -0.2149357795715332
        },
        {
          "x": -0.7040000000000001,
          "y": -1.0090000000000034,
          "gap": 0.00346529483795166,
          "fixedVerticalWall": 0.011093616485595703,
          "movingTop": -0.21840107440948486,
          "fixedBottom": -0.2149357795715332
        },
        {
          "x": -0.7050000000000001,
          "y": -1.0090000000000034,
          "gap": 0.003475189208984375,
          "fixedVerticalWall": 0.01104724407196045,
          "movingTop": -0.21841096878051758,
          "fixedBottom": -0.2149357795715332
        },
        {
          "x": -0.7060000000000001,
          "y": -1.0090000000000034,
          "gap": 0.00348508358001709,
          "fixedVerticalWall": 0.011001110076904297,
          "movingTop": -0.21842074394226074,
          "fixedBottom": -0.21493566036224365
        },
        {
          "x": -0.7010000000000001,
          "y": -1.0100000000000033,
          "gap": 0.0036414265632629395,
          "fixedVerticalWall": 0.011285483837127686,
          "movingTop": -0.21850085258483887,
          "fixedBottom": -0.21485942602157593
        },
        {
          "x": -0.7020000000000001,
          "y": -1.0100000000000033,
          "gap": 0.0036510825157165527,
          "fixedVerticalWall": 0.011239469051361084,
          "movingTop": -0.21851050853729248,
          "fixedBottom": -0.21485942602157593
        }
      ]
    },
    {
      "side": "R",
      "samples": 993,
      "minimumGap": {
        "x": 0.7030000000000001,
        "y": -1.0070000000000037,
        "gap": 0.003045022487640381,
        "fixedVerticalWall": 0.011032640933990479,
        "movingTop": -0.21813344955444336,
        "fixedBottom": -0.21508842706680298
      },
      "below003Count": 0,
      "lowestWitnesses": [
        {
          "x": 0.7030000000000001,
          "y": -1.0070000000000037,
          "gap": 0.003045022487640381,
          "fixedVerticalWall": 0.011032640933990479,
          "movingTop": -0.21813344955444336,
          "fixedBottom": -0.21508842706680298
        },
        {
          "x": 0.7020000000000001,
          "y": -1.0080000000000036,
          "gap": 0.0032407045364379883,
          "fixedVerticalWall": 0.011132240295410156,
          "movingTop": -0.2182527780532837,
          "fixedBottom": -0.2150120735168457
        },
        {
          "x": 0.7030000000000001,
          "y": -1.0080000000000036,
          "gap": 0.003250420093536377,
          "fixedVerticalWall": 0.01108616590499878,
          "movingTop": -0.21826255321502686,
          "fixedBottom": -0.21501213312149048
        },
        {
          "x": 0.7040000000000001,
          "y": -1.0080000000000036,
          "gap": 0.0032602548599243164,
          "fixedVerticalWall": 0.011039972305297852,
          "movingTop": -0.21827232837677002,
          "fixedBottom": -0.2150120735168457
        },
        {
          "x": 0.7050000000000001,
          "y": -1.0080000000000036,
          "gap": 0.0032699108123779297,
          "fixedVerticalWall": 0.010993599891662598,
          "movingTop": -0.21828198432922363,
          "fixedBottom": -0.2150120735168457
        },
        {
          "x": 0.7020000000000001,
          "y": -1.0090000000000034,
          "gap": 0.003445744514465332,
          "fixedVerticalWall": 0.011185765266418457,
          "movingTop": -0.21838152408599854,
          "fixedBottom": -0.2149357795715332
        },
        {
          "x": 0.7030000000000001,
          "y": -1.0090000000000034,
          "gap": 0.0034554600715637207,
          "fixedVerticalWall": 0.01113969087600708,
          "movingTop": -0.2183912992477417,
          "fixedBottom": -0.21493583917617798
        },
        {
          "x": 0.7040000000000001,
          "y": -1.0090000000000034,
          "gap": 0.00346529483795166,
          "fixedVerticalWall": 0.011093497276306152,
          "movingTop": -0.21840107440948486,
          "fixedBottom": -0.2149357795715332
        },
        {
          "x": 0.7050000000000001,
          "y": -1.0090000000000034,
          "gap": 0.0034751296043395996,
          "fixedVerticalWall": 0.011047184467315674,
          "movingTop": -0.21841084957122803,
          "fixedBottom": -0.21493571996688843
        },
        {
          "x": 0.7060000000000001,
          "y": -1.0090000000000034,
          "gap": 0.0034850239753723145,
          "fixedVerticalWall": 0.011001169681549072,
          "movingTop": -0.21842074394226074,
          "fixedBottom": -0.21493571996688843
        },
        {
          "x": 0.7010000000000001,
          "y": -1.0100000000000033,
          "gap": 0.003641188144683838,
          "fixedVerticalWall": 0.011285483837127686,
          "movingTop": -0.21850061416625977,
          "fixedBottom": -0.21485942602157593
        },
        {
          "x": 0.7020000000000001,
          "y": -1.0100000000000033,
          "gap": 0.003650963306427002,
          "fixedVerticalWall": 0.011239349842071533,
          "movingTop": -0.21851038932800293,
          "fixedBottom": -0.21485942602157593
        }
      ]
    }
  ],
  "passed": true,
  "scope": "Finite 0.001u XY grid of vertical separation in the modified rear overlap region; not a global Euclidean or continuous-motion certificate"
}
Blender 4.3.2
Read blend: "/workspace/scratch/40bf3b17dbf8/transwing-new-annotations-20261007/edge-linkage-revision/transwing-studio/qa/revision-20261007/candidate-inset-integrated-b-edge-linkage.blend"

Blender quit
