{
  "passed": true,
  "topology": [
    {
      "name": "Fixed_root_L",
      "triangles": 6520,
      "nonManifoldEdges": 0,
      "exactFloat64ZeroAreaFaces": 0,
      "signedVolume": 0.005532120638198621,
      "connectedComponents": 1
    },
    {
      "name": "Composite_wing_L",
      "triangles": 52312,
      "nonManifoldEdges": 0,
      "exactFloat64ZeroAreaFaces": 0,
      "signedVolume": 0.17042348766799145,
      "connectedComponents": 1
    },
    {
      "name": "RootFixedBearingPedestal_L",
      "triangles": 768,
      "nonManifoldEdges": 0,
      "exactFloat64ZeroAreaFaces": 0,
      "signedVolume": 1.8609051980948365e-05,
      "connectedComponents": 1
    },
    {
      "name": "RootCarrierBridge_L",
      "triangles": 792,
      "nonManifoldEdges": 0,
      "exactFloat64ZeroAreaFaces": 0,
      "signedVolume": 1.7064657425404362e-06,
      "connectedComponents": 1
    },
    {
      "name": "BraceWingSeat_L",
      "triangles": 380,
      "nonManifoldEdges": 0,
      "exactFloat64ZeroAreaFaces": 0,
      "signedVolume": 1.0001921691598257e-05,
      "connectedComponents": 1
    },
    {
      "name": "Fixed_root_R",
      "triangles": 6476,
      "nonManifoldEdges": 0,
      "exactFloat64ZeroAreaFaces": 0,
      "signedVolume": 0.005531909848192552,
      "connectedComponents": 1
    },
    {
      "name": "Composite_wing_R",
      "triangles": 52520,
      "nonManifoldEdges": 0,
      "exactFloat64ZeroAreaFaces": 0,
      "signedVolume": 0.17042327669403887,
      "connectedComponents": 1
    },
    {
      "name": "RootFixedBearingPedestal_R",
      "triangles": 768,
      "nonManifoldEdges": 0,
      "exactFloat64ZeroAreaFaces": 0,
      "signedVolume": 1.860905127816006e-05,
      "connectedComponents": 1
    },
    {
      "name": "RootCarrierBridge_R",
      "triangles": 792,
      "nonManifoldEdges": 0,
      "exactFloat64ZeroAreaFaces": 0,
      "signedVolume": 1.706465871789886e-06,
      "connectedComponents": 1
    },
    {
      "name": "BraceWingSeat_R",
      "triangles": 380,
      "nonManifoldEdges": 0,
      "exactFloat64ZeroAreaFaces": 0,
      "signedVolume": 1.00016139572674e-05,
      "connectedComponents": 1
    },
    {
      "name": "Nacelle_L_Front",
      "triangles": 4748,
      "nonManifoldEdges": 0,
      "exactFloat64ZeroAreaFaces": 0,
      "signedVolume": 0.22350116272539386,
      "connectedComponents": 1
    },
    {
      "name": "Pod_wing_saddle_L_Front",
      "triangles": 894,
      "nonManifoldEdges": 0,
      "exactFloat64ZeroAreaFaces": 0,
      "signedVolume": 0.0003170958051857514,
      "connectedComponents": 1
    },
    {
      "name": "Nacelle_R_Front",
      "triangles": 4748,
      "nonManifoldEdges": 0,
      "exactFloat64ZeroAreaFaces": 0,
      "signedVolume": 0.22350114960427525,
      "connectedComponents": 1
    },
    {
      "name": "Pod_wing_saddle_R_Front",
      "triangles": 894,
      "nonManifoldEdges": 0,
      "exactFloat64ZeroAreaFaces": 0,
      "signedVolume": 0.00031711204529697573,
      "connectedComponents": 1
    }
  ],
  "contactErrors": []
}
Blender 4.3.2
Read blend: "/workspace/scratch/40bf3b17dbf8/transwing-new-annotations-20261007/edge-linkage-revision/transwing-studio/qa/revision-20261007/candidate-inset-integrated-b-edge-linkage.blend"

Blender quit
