CONTAIN 0 3428 0
CONTAIN 10 6856 0
CONTAIN 20 10284 0
CONTAIN 30 13712 0
CONTAIN 40 17140 0
CONTAIN 50 20568 0
CONTAIN 60 23996 0
CONTAIN 70 27424 0
CONTAIN 80 30852 0
CONTAIN 90 34280 0
CONTAIN 100 37708 0
CONTAIN 110 41136 0
CONTAIN 120 44564 0
{
  "sourceSha256": "f38764881b5c597cc3be98aab79a9b2ad932f6c8c07359d7f9f30c218969c084",
  "protectedMeshAndLocalTransformIdentities": {
    "nodes": [
      "ActuatorSideSlot_L",
      "ActuatorSideSlot_R",
      "Drive_LeadScrewCore",
      "Drive_MotorFoot_L",
      "Drive_MotorFoot_R",
      "Drive_MotorGearboxAdapter",
      "Drive_MotorHousing",
      "Drive_MotorMount",
      "Drive_MotorRotorDisc",
      "Drive_MotorSaddle_L",
      "Drive_MotorSaddle_R",
      "Drive_MotorShaft",
      "Drive_MotorWitness",
      "Drive_OutputCoupling",
      "Drive_RearFoot_L",
      "Drive_RearFoot_R",
      "Drive_RearGuidePedestal_L",
      "Drive_RearGuidePedestal_R",
      "Drive_RearGuideSeat_L",
      "Drive_RearGuideSeat_R",
      "Drive_RearScrewBearing",
      "Drive_RearScrewPedestal",
      "Drive_RearSupport",
      "Drive_RearTravelStop_L",
      "Drive_RearTravelStop_R",
      "Drive_ReductionHousing"
    ],
    "passed": true
  },
  "topology": {
    "Drive_FrontSupport": {
      "nonmanifoldEdges": 0,
      "looseEdges": 0,
      "components": 1,
      "signedVolume": 2.221000650592632e-05
    },
    "Drive_FrontScrewPedestal": {
      "nonmanifoldEdges": 0,
      "looseEdges": 0,
      "components": 1,
      "signedVolume": 3.7618313858611343e-06
    },
    "Drive_FrontScrewBearing": {
      "nonmanifoldEdges": 0,
      "looseEdges": 0,
      "components": 1,
      "signedVolume": 3.1769251801627347e-05
    },
    "Drive_FrontGuidePedestal_L": {
      "nonmanifoldEdges": 0,
      "looseEdges": 0,
      "components": 1,
      "signedVolume": 1.2083934410199832e-06
    },
    "Drive_FrontGuidePedestal_R": {
      "nonmanifoldEdges": 0,
      "looseEdges": 0,
      "components": 1,
      "signedVolume": 1.2083934410199832e-06
    },
    "Drive_FrontGuideSeat_L": {
      "nonmanifoldEdges": 0,
      "looseEdges": 0,
      "components": 1,
      "signedVolume": 1.3451406435295603e-05
    },
    "Drive_FrontGuideSeat_R": {
      "nonmanifoldEdges": 0,
      "looseEdges": 0,
      "components": 1,
      "signedVolume": 1.3451406435295627e-05
    },
    "Drive_FrontFoot_L": {
      "nonmanifoldEdges": 0,
      "looseEdges": 0,
      "components": 1,
      "signedVolume": 1.758448842287318e-05
    },
    "Drive_FrontFoot_R": {
      "nonmanifoldEdges": 0,
      "looseEdges": 0,
      "components": 1,
      "signedVolume": 1.758018871928467e-05
    },
    "Drive_GuideRail_L": {
      "nonmanifoldEdges": 0,
      "looseEdges": 0,
      "components": 1,
      "signedVolume": 0.00028103617048339836
    },
    "Drive_GuideRail_R": {
      "nonmanifoldEdges": 0,
      "looseEdges": 0,
      "components": 1,
      "signedVolume": 0.0002810361705125376
    },
    "Drive_LeadScrewThread": {
      "nonmanifoldEdges": 0,
      "looseEdges": 0,
      "components": 1,
      "signedVolume": 3.140769677355421e-05
    },
    "Drive_FrontTravelStop_L": {
      "nonmanifoldEdges": 0,
      "looseEdges": 0,
      "components": 1,
      "signedVolume": 2.5032900185473805e-06
    },
    "Drive_FrontTravelStop_R": {
      "nonmanifoldEdges": 0,
      "looseEdges": 0,
      "components": 1,
      "signedVolume": 2.5032900185473974e-06
    },
    "BraceWingSeat_L": {
      "nonmanifoldEdges": 0,
      "looseEdges": 0,
      "components": 1,
      "signedVolume": 1.0022819566378979e-05
    },
    "BraceWingSeat_R": {
      "nonmanifoldEdges": 0,
      "looseEdges": 0,
      "components": 1,
      "signedVolume": 1.002352566998417e-05
    },
    "Fuselage": {
      "nonmanifoldEdges": 0,
      "looseEdges": 0,
      "components": 1,
      "signedVolume": 0.7185222048486771
    }
  },
  "staticAttachmentContacts": {
    "Drive_FrontFoot_L / Drive_FrontSupport": {
      "trianglePairs": 141,
      "originalAttachmentPair": true
    },
    "Drive_FrontFoot_L / Fuselage": {
      "trianglePairs": 52,
      "originalAttachmentPair": true
    },
    "Drive_FrontFoot_R / Drive_FrontSupport": {
      "trianglePairs": 149,
      "originalAttachmentPair": true
    },
    "Drive_FrontFoot_R / Fuselage": {
      "trianglePairs": 50,
      "originalAttachmentPair": true
    },
    "Drive_FrontGuidePedestal_L / Drive_FrontGuideSeat_L": {
      "trianglePairs": 68,
      "originalAttachmentPair": true
    },
    "Drive_FrontGuidePedestal_L / Drive_FrontSupport": {
      "trianglePairs": 79,
      "originalAttachmentPair": true
    },
    "Drive_FrontGuidePedestal_R / Drive_FrontGuideSeat_R": {
      "trianglePairs": 68,
      "originalAttachmentPair": true
    },
    "Drive_FrontGuidePedestal_R / Drive_FrontSupport": {
      "trianglePairs": 80,
      "originalAttachmentPair": true
    },
    "Drive_FrontGuideSeat_L / Drive_FrontSupport": {
      "trianglePairs": 70,
      "originalAttachmentPair": true
    },
    "Drive_FrontGuideSeat_L / Drive_GuideRail_L": {
      "trianglePairs": 240,
      "originalAttachmentPair": true
    },
    "Drive_FrontGuideSeat_R / Drive_FrontSupport": {
      "trianglePairs": 70,
      "originalAttachmentPair": true
    },
    "Drive_FrontGuideSeat_R / Drive_GuideRail_R": {
      "trianglePairs": 240,
      "originalAttachmentPair": true
    },
    "Drive_FrontScrewBearing / Drive_FrontScrewPedestal": {
      "trianglePairs": 65,
      "originalAttachmentPair": true
    },
    "Drive_FrontScrewPedestal / Drive_FrontSupport": {
      "trianglePairs": 103,
      "originalAttachmentPair": true
    },
    "Drive_FrontTravelStop_L / Drive_GuideRail_L": {
      "trianglePairs": 240,
      "originalAttachmentPair": true
    },
    "Drive_FrontTravelStop_R / Drive_GuideRail_R": {
      "trianglePairs": 240,
      "originalAttachmentPair": true
    },
    "Drive_GuideRail_L / Drive_RearGuideSeat_L": {
      "trianglePairs": 236,
      "originalAttachmentPair": true
    },
    "Drive_GuideRail_L / Drive_RearTravelStop_L": {
      "trianglePairs": 236,
      "originalAttachmentPair": true
    },
    "Drive_GuideRail_R / Drive_RearGuideSeat_R": {
      "trianglePairs": 236,
      "originalAttachmentPair": true
    },
    "Drive_GuideRail_R / Drive_RearTravelStop_R": {
      "trianglePairs": 236,
      "originalAttachmentPair": true
    }
  },
  "unexpectedStaticContacts": {},
  "feet": [
    {
      "side": "L",
      "minimumFootEmbedding": 0.0006000027060508728,
      "maximumFootEmbedding": 0.0006000027060508728,
      "footToFloorTrianglePairs": 52,
      "footToSupportTrianglePairs": 141,
      "minimumFootFiniteHeight": 0.11484550780057906
    },
    {
      "side": "R",
      "minimumFootEmbedding": 0.0006000027060508728,
      "maximumFootEmbedding": 0.0006000027060508728,
      "footToFloorTrianglePairs": 50,
      "footToSupportTrianglePairs": 149,
      "minimumFootFiniteHeight": 0.11484398788213729
    }
  ],
  "fuselageContainment": {
    "poses": 13,
    "movingVerticesChecked": 44564,
    "strictInside": [],
    "nearestSampledMovingVertex": {
      "distance": 0.012223368510603905,
      "angle": 120,
      "node": "BraceRodFerrule_R_Body",
      "vertex": 89,
      "point": [
        0.20428673923015594,
        0.770871639251709,
        -0.02431771345436573
      ],
      "nearest": [
        0.21523477137088776,
        0.7692437171936035,
        -0.01913107931613922
      ]
    },
    "note": "A sampled vertex distance is an upper bound on mesh minimum separation, not a global lower bound"
  },
  "threadPhase": [
    {
      "angle": 0,
      "residual": 1.0390680760252735e-07,
      "scatter": 5.3155934973680985e-06
    },
    {
      "angle": 10,
      "residual": -4.269373885534833e-07,
      "scatter": 5.3155934973680985e-06
    },
    {
      "angle": 20,
      "residual": -3.344036461072619e-07,
      "scatter": 5.3155934973680985e-06
    },
    {
      "angle": 30,
      "residual": -1.4119816249547057e-07,
      "scatter": 5.315989788368114e-06
    },
    {
      "angle": 40,
      "residual": -3.565491013546307e-07,
      "scatter": 5.322186345413371e-06
    },
    {
      "angle": 50,
      "residual": -4.1594880428874603e-07,
      "scatter": 5.734241904420401e-06
    },
    {
      "angle": 60,
      "residual": 4.0653000876744727e-07,
      "scatter": 5.286809248605806e-06
    },
    {
      "angle": 70,
      "residual": -1.392551443046841e-07,
      "scatter": 5.368127444338455e-06
    },
    {
      "angle": 80,
      "residual": -5.7836050615378554e-08,
      "scatter": 5.315989788368114e-06
    },
    {
      "angle": 90,
      "residual": 2.233808356066902e-07,
      "scatter": 5.3155934973680985e-06
    },
    {
      "angle": 100,
      "residual": 2.1741711542233588e-08,
      "scatter": 5.354107576849287e-06
    },
    {
      "angle": 110,
      "residual": 1.391694510743946e-07,
      "scatter": 6.225321689257157e-06
    },
    {
      "angle": 120,
      "residual": 2.425993752552813e-07,
      "scatter": 5.3155934973680985e-06
    }
  ],
  "localSlotRemainingWallVerticalSamples": {
    "samples": 325,
    "minimum": {
      "xy": [
        0.2143000215291977,
        0.8004107475280762
      ],
      "verticalThickness": 0.005962626077234745
    },
    "maximum": {
      "xy": [
        0.21436116099357605,
        0.7886385321617126
      ],
      "verticalThickness": 0.008810559287667274
    },
    "notGlobalOrNormalThickness": true
  },
  "passedLimitedChecks": true
}
Blender 4.3.2
Read blend: "/workspace/scratch/40bf3b17dbf8/transwing-new-annotations-20261007/edge-linkage-revision/transwing-studio/qa/revision-20261007/candidate-inset-integrated-b-edge-linkage.blend"

Blender quit
