Info: Saved "xp4.blend"
ERROR Draco mesh compression is not available because library could not be found at /usr/bin/4.3/python/lib/python3.13/site-packages/libextern_draco.so
06:14:08 | INFO: Starting glTF 2.0 export
06:14:08 | INFO: Extracting primitive: V24仅机腹局部更新.002
06:14:08 | INFO: Primitives created: 1
06:14:08 | INFO: Extracting primitive: Dorsal_hatch_main.002
06:14:08 | INFO: Primitives created: 1
06:14:08 | INFO: Extracting primitive: Sphere
06:14:08 | INFO: Primitives created: 1
06:14:08 | INFO: Extracting primitive: Sphere.001
06:14:08 | INFO: Primitives created: 1
06:14:08 | INFO: Extracting primitive: Sphere.002
06:14:08 | INFO: Primitives created: 1
06:14:08 | INFO: Extracting primitive: Sphere.003
06:14:08 | INFO: Primitives created: 1
06:14:08 | INFO: Extracting primitive: Tail_boom_join
06:14:08 | INFO: Primitives created: 1
06:14:08 | INFO: Extracting primitive: Sphere.004
06:14:08 | INFO: Primitives created: 1
06:14:08 | INFO: Extracting primitive: Sphere.005
06:14:08 | INFO: Primitives created: 1
06:14:08 | INFO: Extracting primitive: Dorsal_antenna_V21实际贴合网格
06:14:08 | INFO: Primitives created: 1
06:14:08 | INFO: Extracting primitive: Ventral_antenna
06:14:08 | INFO: Primitives created: 1
06:14:08 | INFO: Extracting primitive: Ventral_antenna.001
06:14:08 | INFO: Primitives created: 1
06:14:08 | INFO: Extracting primitive: Cube.003
06:14:08 | INFO: Primitives created: 1
06:14:08 | INFO: Extracting primitive: Ventral_tail_tab
06:14:08 | INFO: Primitives created: 1
06:14:08 | INFO: Extracting primitive: Sphere.008
06:14:08 | INFO: Primitives created: 1
06:14:08 | INFO: Extracting primitive: Sphere.014
06:14:08 | INFO: Primitives created: 1
06:14:08 | INFO: Extracting primitive: Cylinder.111
06:14:08 | INFO: Primitives created: 1
06:14:08 | INFO: Extracting primitive: Cylinder.117
06:14:08 | INFO: Primitives created: 1
06:14:08 | INFO: Extracting primitive: Cylinder.089
06:14:08 | INFO: Primitives created: 1
06:14:08 | INFO: Extracting primitive: Cylinder.090
06:14:08 | INFO: Primitives created: 1
06:14:08 | INFO: Extracting primitive: Cylinder.091
06:14:08 | INFO: Primitives created: 1
06:14:08 | INFO: Extracting primitive: Cube.009
06:14:08 | INFO: Primitives created: 1
06:14:08 | INFO: Extracting primitive: Cube.010
06:14:08 | INFO: Primitives created: 1
06:14:08 | INFO: Extracting primitive: Drive_GuideBushing_L
06:14:08 | INFO: Primitives created: 1
06:14:08 | INFO: Extracting primitive: Drive_GuideBushing_R
06:14:08 | INFO: Primitives created: 1
06:14:08 | INFO: Extracting primitive: Drive_NutCarriage
06:14:08 | INFO: Primitives created: 1
06:14:08 | INFO: Extracting primitive: Drive_NutInternalThread
06:14:08 | INFO: Primitives created: 1
06:14:08 | INFO: Extracting primitive: Cube.008
06:14:08 | INFO: Primitives created: 1
06:14:08 | INFO: Extracting primitive: ActuatorSideSlot_L
06:14:08 | INFO: Primitives created: 1
06:14:08 | INFO: Extracting primitive: ActuatorSideSlot_R
06:14:08 | INFO: Primitives created: 1
06:14:08 | INFO: Extracting primitive: Lower_fuselage_join局部贴壳
06:14:08 | INFO: Primitives created: 1
06:14:08 | INFO: Extracting primitive: Lower_fuselage_join.001_V21实际贴合网格
06:14:08 | INFO: Primitives created: 1
06:14:08 | INFO: Extracting primitive: Lower_fuselage_join.002局部贴壳
06:14:08 | INFO: Primitives created: 1
06:14:08 | INFO: Extracting primitive: Lower_fuselage_join.003_V21实际贴合网格
06:14:08 | INFO: Primitives created: 1
06:14:08 | INFO: Extracting primitive: V_tail_L
06:14:08 | INFO: Primitives created: 1
06:14:08 | INFO: Extracting primitive: V_tail_blue_leading_L
06:14:08 | INFO: Primitives created: 1
06:14:08 | INFO: Extracting primitive: Sphere.006
06:14:08 | INFO: Primitives created: 1
06:14:08 | INFO: Extracting primitive: Sphere.007
06:14:08 | INFO: Primitives created: 1
06:14:08 | INFO: Extracting primitive: Fixed_root_L__flat_candidate
06:14:08 | INFO: Primitives created: 1
06:14:08 | INFO: Extracting primitive: Fixed_root_blue_L_revision
06:14:08 | INFO: Primitives created: 1
06:14:08 | INFO: Extracting primitive: Sphere.009
06:14:08 | INFO: Primitives created: 1
06:14:08 | INFO: Extracting primitive: Cylinder.112
06:14:08 | INFO: Primitives created: 1
06:14:08 | INFO: Extracting primitive: BraceWingSeat_L_inset_refit
06:14:08 | INFO: Primitives created: 1
06:14:08 | INFO: Extracting primitive: Composite_wing_L__flat_candidate_actual_triangle_surface.002
06:14:08 | INFO: Primitives created: 2
06:14:08 | INFO: Extracting primitive: ControlFlexureFixed_L_Inboard
06:14:08 | INFO: Primitives created: 1
06:14:08 | INFO: Extracting primitive: ControlFlexureFixed_L_Outboard
06:14:08 | INFO: Primitives created: 1
06:14:08 | INFO: Extracting primitive: Temporary_control_fixed_pin
06:14:08 | INFO: Primitives created: 1
06:14:08 | INFO: Extracting primitive: Temporary_control_fixed_pin.002
06:14:08 | INFO: Primitives created: 1
06:14:08 | INFO: Extracting primitive: ControlFlexureMoving_L_Inboard
06:14:08 | INFO: Primitives created: 1
06:14:08 | INFO: Extracting primitive: Temporary_control_moving_ear
06:14:08 | INFO: Primitives created: 1
06:14:08 | INFO: Extracting primitive: ControlHorn_L_Inboard
06:14:08 | INFO: Primitives created: 1
06:14:08 | INFO: Extracting primitive: Composite_wing_L.001
06:14:08 | INFO: Primitives created: 1
06:14:08 | INFO: Extracting primitive: ControlFlexureMoving_L_Outboard
06:14:08 | INFO: Primitives created: 1
06:14:08 | INFO: Extracting primitive: Temporary_control_moving_ear.002
06:14:08 | INFO: Primitives created: 1
06:14:08 | INFO: Extracting primitive: ControlHorn_L_Outboard
06:14:08 | INFO: Primitives created: 1
06:14:08 | INFO: Extracting primitive: Composite_wing_L.002
06:14:08 | INFO: Primitives created: 1
06:14:08 | INFO: Extracting primitive: Cowl_boundary_L_Front
06:14:08 | INFO: Primitives created: 1
06:14:08 | INFO: Extracting primitive: Cowl_boundary_L_Rear
06:14:08 | INFO: Primitives created: 1
06:14:08 | INFO: Extracting primitive: Temporary_V11_landing_end.008
06:14:08 | INFO: Primitives created: 1
06:14:08 | INFO: Extracting primitive: Temporary_V11_landing_end.009
06:14:08 | INFO: Primitives created: 1
06:14:08 | INFO: Extracting primitive: Motor_cowl_L_Front
06:14:08 | INFO: Primitives created: 1
06:14:08 | INFO: Extracting primitive: Motor_cowl_L_Rear
06:14:08 | INFO: Primitives created: 1
06:14:08 | INFO: Extracting primitive: Cylinder.015
06:14:08 | INFO: Primitives created: 1
06:14:08 | INFO: Extracting primitive: Cylinder.021
06:14:08 | INFO: Primitives created: 1
06:14:08 | INFO: Extracting primitive: MotorFrontBearing_L_Front
06:14:08 | INFO: Primitives created: 1
06:14:08 | INFO: Extracting primitive: MotorFrontBearing_L_Rear
06:14:08 | INFO: Primitives created: 1
06:14:08 | INFO: Extracting primitive: Nacelle_L_Front
06:14:08 | INFO: Primitives created: 1
06:14:08 | INFO: Extracting primitive: Nacelle_L_Rear
06:14:08 | INFO: Primitives created: 1
06:14:08 | INFO: Extracting primitive: Pod_mount_seam_L_Front
06:14:08 | INFO: Primitives created: 1
06:14:08 | INFO: Extracting primitive: Pod_mount_seam_L_Front.001
06:14:08 | INFO: Primitives created: 1
06:14:08 | INFO: Extracting primitive: Pod_mount_seam_L_Rear
06:14:08 | INFO: Primitives created: 1
06:14:08 | INFO: Extracting primitive: Pod_mount_seam_L_Rear.001
06:14:08 | INFO: Primitives created: 1
06:14:08 | INFO: Extracting primitive: Pod_U_access_panel_L_Front
06:14:08 | INFO: Primitives created: 1
06:14:08 | INFO: Extracting primitive: Pod_U_access_panel_L_Front.001
06:14:08 | INFO: Primitives created: 1
06:14:08 | INFO: Extracting primitive: Pod_U_access_panel_L_Rear
06:14:08 | INFO: Primitives created: 1
06:14:08 | INFO: Extracting primitive: Pod_U_access_panel_L_Rear.001
06:14:08 | INFO: Primitives created: 1
06:14:08 | INFO: Extracting primitive: Pod_wing_saddle_L_Front__LegacyFit_V21实际贴合网格.002
06:14:08 | INFO: Primitives created: 1
06:14:08 | INFO: Extracting primitive: Pod_wing_saddle_L_Rear__LegacyFit_V21实际贴合网格.002
06:14:08 | INFO: Primitives created: 1
06:14:08 | INFO: Extracting primitive: Blade_hinge_arm_L_Front_A.001
06:14:08 | INFO: Primitives created: 1
06:14:08 | INFO: Extracting primitive: Blade_hinge_arm_L_Front_B.001
06:14:08 | INFO: Primitives created: 1
06:14:08 | INFO: Extracting primitive: Cylinder.113
06:14:08 | INFO: Primitives created: 1
06:14:08 | INFO: Extracting primitive: Cylinder.114
06:14:08 | INFO: Primitives created: 1
06:14:08 | INFO: Extracting primitive: Continuous_propeller_solid_Blade_L_Front_A
06:14:08 | INFO: Primitives created: 1
06:14:08 | INFO: Extracting primitive: Continuous_propeller_solid_Blade_L_Front_B
06:14:08 | INFO: Primitives created: 1
06:14:08 | INFO: Extracting primitive: Spinner_L_Front
06:14:08 | INFO: Primitives created: 1
06:14:08 | INFO: Extracting primitive: Blade_hinge_arm_L_Rear_A.001
06:14:08 | INFO: Primitives created: 1
06:14:08 | INFO: Extracting primitive: Blade_hinge_arm_L_Rear_B.001
06:14:08 | INFO: Primitives created: 1
06:14:08 | INFO: Extracting primitive: Cylinder.115
06:14:08 | INFO: Primitives created: 1
06:14:08 | INFO: Extracting primitive: Cylinder.116
06:14:08 | INFO: Primitives created: 1
06:14:08 | INFO: Extracting primitive: Continuous_propeller_solid_Blade_L_Rear_A
06:14:08 | INFO: Primitives created: 1
06:14:08 | INFO: Extracting primitive: Continuous_propeller_solid_Blade_L_Rear_B
06:14:08 | INFO: Primitives created: 1
06:14:08 | INFO: Extracting primitive: Spinner_L_Rear
06:14:08 | INFO: Primitives created: 1
06:14:08 | INFO: Extracting primitive: RootCarrierBridge_L_compact_inset.001
06:14:08 | INFO: Primitives created: 1
06:14:08 | INFO: Extracting primitive: RootCarrierMoving_L_compact_inset
06:14:08 | INFO: Primitives created: 1
06:14:08 | INFO: Extracting primitive: RootCarrierThrust_L_compact_inset
06:14:09 | INFO: Primitives created: 1
06:14:09 | INFO: Extracting primitive: RootFairingMoving_L_compact_inset
06:14:09 | INFO: Primitives created: 1
06:14:09 | INFO: Extracting primitive: Wing_blue_angular_panel_L
06:14:09 | INFO: Primitives created: 1
06:14:09 | INFO: Extracting primitive: Wing_blue_leading_L_unified_local_endcoat.001
06:14:09 | INFO: Primitives created: 1
06:14:09 | INFO: Extracting primitive: Wing_service_panel_L
06:14:09 | INFO: Primitives created: 1
06:14:09 | INFO: Extracting primitive: Wing_service_panel_L.001
06:14:09 | INFO: Primitives created: 1
06:14:09 | INFO: Extracting primitive: WingLowerClosureBlue_L_unified_local_endcoat
06:14:09 | INFO: Primitives created: 1
06:14:09 | INFO: Extracting primitive: RootHingeShaft_L_compact_inset.001
06:14:09 | INFO: Primitives created: 1
06:14:09 | INFO: Extracting primitive: RootBearingFixed_L_Front_compact_inset
06:14:09 | INFO: Primitives created: 1
06:14:09 | INFO: Extracting primitive: RootBearingSeal_L_Front_compact_inset
06:14:09 | INFO: Primitives created: 1
06:14:09 | INFO: Extracting primitive: RootBearingFixed_L_Rear_compact_inset
06:14:09 | INFO: Primitives created: 1
06:14:09 | INFO: Extracting primitive: RootBearingSeal_L_Rear_compact_inset
06:14:09 | INFO: Primitives created: 1
06:14:09 | INFO: Extracting primitive: RootFixedBearingPedestal_L_compact_inset.001
06:14:09 | INFO: Primitives created: 1
06:14:09 | INFO: Extracting primitive: Root_access_cover_L
06:14:09 | INFO: Primitives created: 1
06:14:09 | INFO: Extracting primitive: RootHingeEndcap_L-0.148_compact_inset.001
06:14:09 | INFO: Primitives created: 1
06:14:09 | INFO: Extracting primitive: RootHingeEndcap_L0.148_compact_inset
06:14:09 | INFO: Primitives created: 1
06:14:09 | INFO: Extracting primitive: Cylinder.003
06:14:09 | INFO: Primitives created: 1
06:14:09 | INFO: Extracting primitive: BraceRodEye_L_Body
06:14:09 | INFO: Primitives created: 1
06:14:09 | INFO: Extracting primitive: BraceRodEye_L_Root
06:14:09 | INFO: Primitives created: 1
06:14:09 | INFO: Extracting primitive: Cylinder.011
06:14:09 | INFO: Primitives created: 1
06:14:09 | INFO: Extracting primitive: Cylinder.012
06:14:09 | INFO: Primitives created: 1
06:14:09 | INFO: Extracting primitive: Cylinder.009
06:14:09 | INFO: Primitives created: 1
06:14:09 | INFO: Extracting primitive: Cylinder.010
06:14:09 | INFO: Primitives created: 1
06:14:09 | INFO: Extracting primitive: V_tail_R
06:14:09 | INFO: Primitives created: 1
06:14:09 | INFO: Extracting primitive: V_tail_blue_leading_R
06:14:09 | INFO: Primitives created: 1
06:14:09 | INFO: Extracting primitive: Sphere.012
06:14:09 | INFO: Primitives created: 1
06:14:09 | INFO: Extracting primitive: Sphere.013
06:14:09 | INFO: Primitives created: 1
06:14:09 | INFO: Extracting primitive: Fixed_root_R__flat_candidate
06:14:09 | INFO: Primitives created: 1
06:14:09 | INFO: Extracting primitive: Fixed_root_blue_R_revision
06:14:09 | INFO: Primitives created: 1
06:14:09 | INFO: Extracting primitive: Sphere.015
06:14:09 | INFO: Primitives created: 1
06:14:09 | INFO: Extracting primitive: Cylinder.118
06:14:09 | INFO: Primitives created: 1
06:14:09 | INFO: Extracting primitive: BraceWingSeat_R_inset_refit
06:14:09 | INFO: Primitives created: 1
06:14:09 | INFO: Extracting primitive: Composite_wing_R__flat_candidate_actual_triangle_surface.002
06:14:09 | INFO: Primitives created: 2
06:14:09 | INFO: Extracting primitive: ControlFlexureFixed_R_Inboard
06:14:09 | INFO: Primitives created: 1
06:14:09 | INFO: Extracting primitive: ControlFlexureFixed_R_Outboard
06:14:09 | INFO: Primitives created: 1
06:14:09 | INFO: Extracting primitive: Temporary_control_fixed_pin.006
06:14:09 | INFO: Primitives created: 1
06:14:09 | INFO: Extracting primitive: Temporary_control_fixed_pin.008
06:14:09 | INFO: Primitives created: 1
06:14:09 | INFO: Extracting primitive: ControlFlexureMoving_R_Inboard
06:14:09 | INFO: Primitives created: 1
06:14:09 | INFO: Extracting primitive: Temporary_control_moving_ear.006
06:14:09 | INFO: Primitives created: 1
06:14:09 | INFO: Extracting primitive: ControlHorn_R_Inboard
06:14:09 | INFO: Primitives created: 1
06:14:09 | INFO: Extracting primitive: Composite_wing_R.001
06:14:09 | INFO: Primitives created: 1
06:14:09 | INFO: Extracting primitive: ControlFlexureMoving_R_Outboard
06:14:09 | INFO: Primitives created: 1
06:14:09 | INFO: Extracting primitive: Temporary_control_moving_ear.008
06:14:09 | INFO: Primitives created: 1
06:14:09 | INFO: Extracting primitive: ControlHorn_R_Outboard
06:14:09 | INFO: Primitives created: 1
06:14:09 | INFO: Extracting primitive: Composite_wing_R.002
06:14:09 | INFO: Primitives created: 1
06:14:09 | INFO: Extracting primitive: Cowl_boundary_R_Front
06:14:09 | INFO: Primitives created: 1
06:14:09 | INFO: Extracting primitive: Cowl_boundary_R_Rear
06:14:09 | INFO: Primitives created: 1
06:14:09 | INFO: Extracting primitive: Temporary_V11_landing_end.010
06:14:09 | INFO: Primitives created: 1
06:14:09 | INFO: Extracting primitive: Temporary_V11_landing_end.011
06:14:09 | INFO: Primitives created: 1
06:14:09 | INFO: Extracting primitive: Motor_cowl_R_Front
06:14:09 | INFO: Primitives created: 1
06:14:09 | INFO: Extracting primitive: Motor_cowl_R_Rear
06:14:09 | INFO: Primitives created: 1
06:14:09 | INFO: Extracting primitive: Cylinder.042
06:14:09 | INFO: Primitives created: 1
06:14:09 | INFO: Extracting primitive: Cylinder.048
06:14:09 | INFO: Primitives created: 1
06:14:09 | INFO: Extracting primitive: MotorFrontBearing_R_Front
06:14:09 | INFO: Primitives created: 1
06:14:09 | INFO: Extracting primitive: MotorFrontBearing_R_Rear
06:14:09 | INFO: Primitives created: 1
06:14:09 | INFO: Extracting primitive: Nacelle_R_Front
06:14:09 | INFO: Primitives created: 1
06:14:09 | INFO: Extracting primitive: Nacelle_R_Rear
06:14:09 | INFO: Primitives created: 1
06:14:09 | INFO: Extracting primitive: Pod_mount_seam_R_Front
06:14:09 | INFO: Primitives created: 1
06:14:09 | INFO: Extracting primitive: Pod_mount_seam_R_Front.001
06:14:09 | INFO: Primitives created: 1
06:14:09 | INFO: Extracting primitive: Pod_mount_seam_R_Rear
06:14:09 | INFO: Primitives created: 1
06:14:09 | INFO: Extracting primitive: Pod_mount_seam_R_Rear.001
06:14:09 | INFO: Primitives created: 1
06:14:09 | INFO: Extracting primitive: Pod_U_access_panel_R_Front
06:14:09 | INFO: Primitives created: 1
06:14:09 | INFO: Extracting primitive: Pod_U_access_panel_R_Front.001
06:14:09 | INFO: Primitives created: 1
06:14:09 | INFO: Extracting primitive: Pod_U_access_panel_R_Rear
06:14:09 | INFO: Primitives created: 1
06:14:09 | INFO: Extracting primitive: Pod_U_access_panel_R_Rear.001
06:14:09 | INFO: Primitives created: 1
06:14:09 | INFO: Extracting primitive: Pod_wing_saddle_R_Front__LegacyFit_V21实际贴合网格.002
06:14:09 | INFO: Primitives created: 1
06:14:09 | INFO: Extracting primitive: Pod_wing_saddle_R_Rear__LegacyFit_V21实际贴合网格.002
06:14:09 | INFO: Primitives created: 1
06:14:09 | INFO: Extracting primitive: Blade_hinge_arm_R_Front_A.001
06:14:09 | INFO: Primitives created: 1
06:14:09 | INFO: Extracting primitive: Blade_hinge_arm_R_Front_B.001
06:14:09 | INFO: Primitives created: 1
06:14:09 | INFO: Extracting primitive: Cylinder.119
06:14:09 | INFO: Primitives created: 1
06:14:09 | INFO: Extracting primitive: Cylinder.120
06:14:09 | INFO: Primitives created: 1
06:14:09 | INFO: Extracting primitive: Continuous_propeller_solid_Blade_R_Front_A
06:14:09 | INFO: Primitives created: 1
06:14:09 | INFO: Extracting primitive: Continuous_propeller_solid_Blade_R_Front_B
06:14:09 | INFO: Primitives created: 1
06:14:09 | INFO: Extracting primitive: Spinner_R_Front
06:14:09 | INFO: Primitives created: 1
06:14:09 | INFO: Extracting primitive: Blade_hinge_arm_R_Rear_A.001
06:14:09 | INFO: Primitives created: 1
06:14:09 | INFO: Extracting primitive: Blade_hinge_arm_R_Rear_B.001
06:14:09 | INFO: Primitives created: 1
06:14:09 | INFO: Extracting primitive: Cylinder.121
06:14:09 | INFO: Primitives created: 1
06:14:09 | INFO: Extracting primitive: Cylinder.122
06:14:09 | INFO: Primitives created: 1
06:14:09 | INFO: Extracting primitive: Continuous_propeller_solid_Blade_R_Rear_A
06:14:09 | INFO: Primitives created: 1
06:14:09 | INFO: Extracting primitive: Continuous_propeller_solid_Blade_R_Rear_B
06:14:09 | INFO: Primitives created: 1
06:14:09 | INFO: Extracting primitive: Spinner_R_Rear
06:14:09 | INFO: Primitives created: 1
06:14:09 | INFO: Extracting primitive: RootCarrierBridge_R_compact_inset.001
06:14:09 | INFO: Primitives created: 1
06:14:09 | INFO: Extracting primitive: RootCarrierMoving_R_compact_inset
06:14:09 | INFO: Primitives created: 1
06:14:09 | INFO: Extracting primitive: RootCarrierThrust_R_compact_inset
06:14:09 | INFO: Primitives created: 1
06:14:09 | INFO: Extracting primitive: RootFairingMoving_R_compact_inset
06:14:09 | INFO: Primitives created: 1
06:14:09 | INFO: Extracting primitive: Wing_blue_angular_panel_R
06:14:09 | INFO: Primitives created: 1
06:14:09 | INFO: Extracting primitive: Wing_blue_leading_R_unified_local_endcoat.001
06:14:09 | INFO: Primitives created: 1
06:14:09 | INFO: Extracting primitive: Wing_service_panel_R
06:14:09 | INFO: Primitives created: 1
06:14:09 | INFO: Extracting primitive: Wing_service_panel_R.001
06:14:09 | INFO: Primitives created: 1
06:14:09 | INFO: Extracting primitive: WingLowerClosureBlue_R_unified_local_endcoat
06:14:09 | INFO: Primitives created: 1
06:14:09 | INFO: Extracting primitive: RootHingeShaft_R_compact_inset.001
06:14:09 | INFO: Primitives created: 1
06:14:09 | INFO: Extracting primitive: RootBearingFixed_R_Front_compact_inset
06:14:09 | INFO: Primitives created: 1
06:14:09 | INFO: Extracting primitive: RootBearingSeal_R_Front_compact_inset
06:14:09 | INFO: Primitives created: 1
06:14:09 | INFO: Extracting primitive: RootBearingFixed_R_Rear_compact_inset
06:14:09 | INFO: Primitives created: 1
06:14:09 | INFO: Extracting primitive: RootBearingSeal_R_Rear_compact_inset
06:14:09 | INFO: Primitives created: 1
06:14:09 | INFO: Extracting primitive: RootFixedBearingPedestal_R_compact_inset.001
06:14:09 | INFO: Primitives created: 1
06:14:09 | INFO: Extracting primitive: Root_access_cover_R
06:14:09 | INFO: Primitives created: 1
06:14:09 | INFO: Extracting primitive: RootHingeEndcap_R-0.148_compact_inset.001
06:14:09 | INFO: Primitives created: 1
06:14:09 | INFO: Extracting primitive: RootHingeEndcap_R0.148_compact_inset
06:14:09 | INFO: Primitives created: 1
06:14:09 | INFO: Extracting primitive: Cylinder.004
06:14:09 | INFO: Primitives created: 1
06:14:09 | INFO: Extracting primitive: BraceRodEye_R_Body
06:14:09 | INFO: Primitives created: 1
06:14:09 | INFO: Extracting primitive: BraceRodEye_R_Root
06:14:09 | INFO: Primitives created: 1
06:14:09 | INFO: Extracting primitive: Cylinder.038
06:14:09 | INFO: Primitives created: 1
06:14:09 | INFO: Extracting primitive: Cylinder.039
06:14:09 | INFO: Primitives created: 1
06:14:09 | INFO: Extracting primitive: Cylinder.036
06:14:09 | INFO: Primitives created: 1
06:14:09 | INFO: Extracting primitive: Cylinder.037
06:14:09 | INFO: Primitives created: 1
06:14:09 | INFO: Extracting primitive: ControlFlexureMoving_Tail_L
06:14:09 | INFO: Primitives created: 1
06:14:09 | INFO: Extracting primitive: Temporary_control_moving_ear.004
06:14:09 | INFO: Primitives created: 1
06:14:09 | INFO: Extracting primitive: V_tail_L.001
06:14:09 | INFO: Primitives created: 1
06:14:09 | INFO: Extracting primitive: ControlFlexureFixed_Tail_L
06:14:09 | INFO: Primitives created: 1
06:14:09 | INFO: Extracting primitive: ControlFlexureMoving_Tail_R
06:14:09 | INFO: Primitives created: 1
06:14:09 | INFO: Extracting primitive: Temporary_control_moving_ear.010
06:14:09 | INFO: Primitives created: 1
06:14:09 | INFO: Extracting primitive: V_tail_R.001
06:14:09 | INFO: Primitives created: 1
06:14:09 | INFO: Extracting primitive: ControlFlexureFixed_Tail_R
06:14:09 | INFO: Primitives created: 1
06:14:09 | INFO: Extracting primitive: CargoHingeMovingSeat_L
06:14:09 | INFO: Primitives created: 1
06:14:09 | INFO: Extracting primitive: CargoHingeMovingSeat_R
06:14:09 | INFO: Primitives created: 1
06:14:09 | INFO: Extracting primitive: Fuselage.006
06:14:09 | INFO: Primitives created: 1
06:14:09 | INFO: Extracting primitive: Cube.007
06:14:09 | INFO: Primitives created: 1
06:14:09 | INFO: Extracting primitive: Cube.005
06:14:09 | INFO: Primitives created: 1
06:14:09 | INFO: Extracting primitive: CargoOpeningLip
06:14:09 | INFO: Primitives created: 1
06:14:09 | INFO: Extracting primitive: Cube.004
06:14:09 | INFO: Primitives created: 1
06:14:09 | INFO: Extracting primitive: Cylinder.058
06:14:09 | INFO: Primitives created: 1
06:14:09 | INFO: Extracting primitive: Cube.006
06:14:09 | INFO: Primitives created: 1
06:14:09 | INFO: Extracting primitive: Cylinder.059
06:14:09 | INFO: Primitives created: 1
06:14:09 | INFO: Extracting primitive: Cylinder.060
06:14:09 | INFO: Primitives created: 1
06:14:09 | INFO: Extracting primitive: Pitot_probe_mount
06:14:09 | INFO: Primitives created: 1
06:14:09 | INFO: Extracting primitive: Pitot_probe_tube
06:14:09 | INFO: Primitives created: 1
06:14:09 | INFO: Extracting primitive: Cylinder.093
06:14:09 | INFO: Primitives created: 1
06:14:09 | INFO: Extracting primitive: Cylinder.092
06:14:09 | INFO: Primitives created: 1
06:14:09 | INFO: Extracting primitive: Drive_LeadScrewThread_extended_front.001
06:14:09 | INFO: Primitives created: 1
06:14:09 | INFO: Extracting primitive: Drive_OutputCoupling
06:14:09 | INFO: Primitives created: 1
06:14:09 | INFO: Extracting primitive: Cylinder.097
06:14:09 | INFO: Primitives created: 1
06:14:09 | INFO: Extracting primitive: Cylinder.098
06:14:09 | INFO: Primitives created: 1
06:14:09 | INFO: Extracting primitive: Cylinder.099
06:14:09 | INFO: Primitives created: 1
06:14:09 | INFO: Extracting primitive: Cylinder.100
06:14:09 | INFO: Primitives created: 1
06:14:09 | INFO: Extracting primitive: Drive_PlanetRetainer_0_Front
06:14:09 | INFO: Primitives created: 1
06:14:09 | INFO: Extracting primitive: Drive_PlanetRetainer_0_Rear
06:14:09 | INFO: Primitives created: 1
06:14:09 | INFO: Extracting primitive: Drive_PlanetRetainer_1_Front
06:14:09 | INFO: Primitives created: 1
06:14:09 | INFO: Extracting primitive: Drive_PlanetRetainer_1_Rear
06:14:09 | INFO: Primitives created: 1
06:14:09 | INFO: Extracting primitive: Drive_PlanetRetainer_2_Front
06:14:09 | INFO: Primitives created: 1
06:14:09 | INFO: Extracting primitive: Drive_PlanetRetainer_2_Rear
06:14:09 | INFO: Primitives created: 1
06:14:09 | INFO: Extracting primitive: Drive_PlanetGear_0
06:14:09 | INFO: Primitives created: 1
06:14:09 | INFO: Extracting primitive: Drive_PlanetGear_1
06:14:09 | INFO: Primitives created: 1
06:14:09 | INFO: Extracting primitive: Drive_PlanetGear_2
06:14:09 | INFO: Primitives created: 1
06:14:09 | INFO: Extracting primitive: Cylinder.095
06:14:09 | INFO: Primitives created: 1
06:14:09 | INFO: Extracting primitive: Cylinder.094
06:14:09 | INFO: Primitives created: 1
06:14:09 | INFO: Extracting primitive: Cylinder.096
06:14:09 | INFO: Primitives created: 1
06:14:09 | INFO: Extracting primitive: Drive_SunGear
06:14:09 | INFO: Primitives created: 1
06:14:09 | INFO: Extracting primitive: Drive_MotorHousing
06:14:09 | INFO: Primitives created: 1
06:14:09 | INFO: Extracting primitive: Drive_ReductionHousing
06:14:09 | INFO: Primitives created: 1
06:14:09 | INFO: Extracting primitive: Drive_MotorGearboxAdapter
06:14:09 | INFO: Primitives created: 1
06:14:09 | INFO: Extracting primitive: Drive_RingGear
06:14:09 | INFO: Primitives created: 1
06:14:09 | INFO: Extracting primitive: Cube.011
06:14:09 | INFO: Primitives created: 1
06:14:09 | INFO: Extracting primitive: Cube.012
06:14:09 | INFO: Primitives created: 1
06:14:09 | INFO: Extracting primitive: Cube.013
06:14:09 | INFO: Primitives created: 1
06:14:09 | INFO: Extracting primitive: Cylinder.101
06:14:09 | INFO: Primitives created: 1
06:14:09 | INFO: Extracting primitive: Cylinder.102
06:14:09 | INFO: Primitives created: 1
06:14:09 | INFO: Extracting primitive: Drive_FrontScrewBearing
06:14:09 | INFO: Primitives created: 1
06:14:09 | INFO: Extracting primitive: Cylinder.103
06:14:09 | INFO: Primitives created: 1
06:14:09 | INFO: Extracting primitive: Drive_FrontGuideSeat_L
06:14:09 | INFO: Primitives created: 1
06:14:09 | INFO: Extracting primitive: Cylinder.104
06:14:09 | INFO: Primitives created: 1
06:14:09 | INFO: Extracting primitive: Drive_FrontGuideSeat_R
06:14:09 | INFO: Primitives created: 1
06:14:09 | INFO: Extracting primitive: Cylinder.105
06:14:09 | INFO: Primitives created: 1
06:14:09 | INFO: Extracting primitive: Cylinder.106
06:14:09 | INFO: Primitives created: 1
06:14:09 | INFO: Extracting primitive: Drive_RearScrewBearing
06:14:09 | INFO: Primitives created: 1
06:14:09 | INFO: Extracting primitive: Cylinder.107
06:14:09 | INFO: Primitives created: 1
06:14:09 | INFO: Extracting primitive: Drive_RearGuideSeat_L
06:14:09 | INFO: Primitives created: 1
06:14:09 | INFO: Extracting primitive: Cylinder.108
06:14:09 | INFO: Primitives created: 1
06:14:09 | INFO: Extracting primitive: Drive_RearGuideSeat_R
06:14:09 | INFO: Primitives created: 1
06:14:09 | INFO: Extracting primitive: Cylinder.001
06:14:09 | INFO: Primitives created: 1
06:14:09 | INFO: Extracting primitive: Cylinder.002
06:14:09 | INFO: Primitives created: 1
06:14:09 | INFO: Extracting primitive: Drive_FrontFoot_L_extended_front
06:14:09 | INFO: Primitives created: 1
06:14:09 | INFO: Extracting primitive: Drive_FrontFoot_R_extended_front
06:14:09 | INFO: Primitives created: 1
06:14:09 | INFO: Extracting primitive: Drive_RearFoot_L
06:14:09 | INFO: Primitives created: 1
06:14:09 | INFO: Extracting primitive: Drive_RearFoot_R
06:14:09 | INFO: Primitives created: 1
06:14:09 | INFO: Extracting primitive: Drive_MotorFoot_L
06:14:09 | INFO: Primitives created: 1
06:14:09 | INFO: Extracting primitive: Drive_MotorFoot_R
06:14:09 | INFO: Primitives created: 1
06:14:09 | INFO: Extracting primitive: Drive_FrontTravelStop_L
06:14:09 | INFO: Primitives created: 1
06:14:09 | INFO: Extracting primitive: Drive_FrontTravelStop_R
06:14:09 | INFO: Primitives created: 1
06:14:09 | INFO: Extracting primitive: Drive_RearTravelStop_L
06:14:09 | INFO: Primitives created: 1
06:14:09 | INFO: Extracting primitive: Drive_RearTravelStop_R
06:14:09 | INFO: Primitives created: 1
06:14:09 | INFO: Extracting primitive: RootBearingHousing_L_compact_inset
06:14:09 | INFO: Primitives created: 1
06:14:09 | INFO: Extracting primitive: RootBearingHousing_R_compact_inset
06:14:09 | INFO: Primitives created: 1
06:14:09 | INFO: Extracting primitive: CargoHingeFixedSeat
06:14:09 | INFO: Primitives created: 1
06:14:09 | INFO: Extracting primitive: Cylinder.123
06:14:09 | INFO: Primitives created: 1
06:14:09 | INFO: Extracting primitive: Cylinder.124
06:14:09 | INFO: Primitives created: 1
06:14:09 | INFO: Extracting primitive: Cylinder.125
06:14:09 | INFO: Primitives created: 1
06:14:09 | INFO: Extracting primitive: Temporary_control_fixed_pin.004
06:14:09 | INFO: Primitives created: 1
06:14:09 | INFO: Extracting primitive: Temporary_control_fixed_pin.010
06:14:09 | INFO: Primitives created: 1
06:14:09 | INFO: Extracting primitive: RootFairingFixed_L_compact_inset
06:14:09 | INFO: Primitives created: 1
06:14:09 | INFO: Extracting primitive: RootFairingFixed_R_compact_inset
06:14:09 | INFO: Primitives created: 1
06:14:10 | INFO: Finished glTF 2.0 export in 1.4575798511505127 s

06:14:10 | INFO: Starting glTF 2.0 export
06:14:10 | INFO: Extracting primitive: V24仅机腹局部更新.002
06:14:10 | INFO: Primitives created: 1
06:14:10 | INFO: Extracting primitive: Dorsal_hatch_main.002
06:14:10 | INFO: Primitives created: 1
06:14:10 | INFO: Extracting primitive: Sphere
06:14:10 | INFO: Primitives created: 1
06:14:10 | INFO: Extracting primitive: Sphere.001
06:14:10 | INFO: Primitives created: 1
06:14:10 | INFO: Extracting primitive: Sphere.002
06:14:10 | INFO: Primitives created: 1
06:14:10 | INFO: Extracting primitive: Sphere.003
06:14:10 | INFO: Primitives created: 1
06:14:10 | INFO: Extracting primitive: Tail_boom_join
06:14:10 | INFO: Primitives created: 1
06:14:10 | INFO: Extracting primitive: Sphere.004
06:14:10 | INFO: Primitives created: 1
06:14:10 | INFO: Extracting primitive: Sphere.005
06:14:10 | INFO: Primitives created: 1
06:14:10 | INFO: Extracting primitive: Dorsal_antenna_V21实际贴合网格
06:14:10 | INFO: Primitives created: 1
06:14:10 | INFO: Extracting primitive: Ventral_antenna
06:14:10 | INFO: Primitives created: 1
06:14:10 | INFO: Extracting primitive: Ventral_antenna.001
06:14:10 | INFO: Primitives created: 1
06:14:10 | INFO: Extracting primitive: Cube.003
06:14:10 | INFO: Primitives created: 1
06:14:10 | INFO: Extracting primitive: Ventral_tail_tab
06:14:10 | INFO: Primitives created: 1
06:14:10 | INFO: Extracting primitive: Sphere.008
06:14:10 | INFO: Primitives created: 1
06:14:10 | INFO: Extracting primitive: Sphere.014
06:14:10 | INFO: Primitives created: 1
06:14:10 | INFO: Extracting primitive: Cylinder.111
06:14:10 | INFO: Primitives created: 1
06:14:10 | INFO: Extracting primitive: Cylinder.117
06:14:10 | INFO: Primitives created: 1
06:14:10 | INFO: Extracting primitive: Cylinder.089
06:14:10 | INFO: Primitives created: 1
06:14:10 | INFO: Extracting primitive: Cylinder.090
06:14:10 | INFO: Primitives created: 1
06:14:10 | INFO: Extracting primitive: Cylinder.091
06:14:10 | INFO: Primitives created: 1
06:14:10 | INFO: Extracting primitive: Cube.009
06:14:10 | INFO: Primitives created: 1
06:14:10 | INFO: Extracting primitive: Cube.010
06:14:10 | INFO: Primitives created: 1
06:14:10 | INFO: Extracting primitive: Drive_GuideBushing_L
06:14:10 | INFO: Primitives created: 1
06:14:10 | INFO: Extracting primitive: Drive_GuideBushing_R
06:14:10 | INFO: Primitives created: 1
06:14:10 | INFO: Extracting primitive: Drive_NutCarriage
06:14:10 | INFO: Primitives created: 1
06:14:10 | INFO: Extracting primitive: Drive_NutInternalThread
06:14:10 | INFO: Primitives created: 1
06:14:10 | INFO: Extracting primitive: Cube.008
06:14:10 | INFO: Primitives created: 1
06:14:10 | INFO: Extracting primitive: ActuatorSideSlot_L
06:14:10 | INFO: Primitives created: 1
06:14:10 | INFO: Extracting primitive: ActuatorSideSlot_R
06:14:10 | INFO: Primitives created: 1
06:14:10 | INFO: Extracting primitive: Lower_fuselage_join局部贴壳
06:14:10 | INFO: Primitives created: 1
06:14:10 | INFO: Extracting primitive: Lower_fuselage_join.001_V21实际贴合网格
06:14:10 | INFO: Primitives created: 1
06:14:10 | INFO: Extracting primitive: Lower_fuselage_join.002局部贴壳
06:14:10 | INFO: Primitives created: 1
06:14:10 | INFO: Extracting primitive: Lower_fuselage_join.003_V21实际贴合网格
06:14:10 | INFO: Primitives created: 1
06:14:10 | INFO: Extracting primitive: V_tail_L
06:14:10 | INFO: Primitives created: 1
06:14:10 | INFO: Extracting primitive: V_tail_blue_leading_L
06:14:10 | INFO: Primitives created: 1
06:14:10 | INFO: Extracting primitive: Sphere.006
06:14:10 | INFO: Primitives created: 1
06:14:10 | INFO: Extracting primitive: Sphere.007
06:14:10 | INFO: Primitives created: 1
06:14:10 | INFO: Extracting primitive: Fixed_root_L__flat_candidate
06:14:10 | INFO: Primitives created: 1
06:14:10 | INFO: Extracting primitive: Fixed_root_blue_L_revision
06:14:10 | INFO: Primitives created: 1
06:14:10 | INFO: Extracting primitive: Sphere.009
06:14:10 | INFO: Primitives created: 1
06:14:10 | INFO: Extracting primitive: Cylinder.112
06:14:10 | INFO: Primitives created: 1
06:14:10 | INFO: Extracting primitive: BraceWingSeat_L_inset_refit
06:14:10 | INFO: Primitives created: 1
06:14:10 | INFO: Extracting primitive: Composite_wing_L__flat_candidate_actual_triangle_surface.002
06:14:10 | INFO: Primitives created: 2
06:14:10 | INFO: Extracting primitive: ControlFlexureFixed_L_Inboard
06:14:10 | INFO: Primitives created: 1
06:14:10 | INFO: Extracting primitive: ControlFlexureFixed_L_Outboard
06:14:10 | INFO: Primitives created: 1
06:14:10 | INFO: Extracting primitive: Temporary_control_fixed_pin
06:14:10 | INFO: Primitives created: 1
06:14:10 | INFO: Extracting primitive: Temporary_control_fixed_pin.002
06:14:10 | INFO: Primitives created: 1
06:14:10 | INFO: Extracting primitive: ControlFlexureMoving_L_Inboard
06:14:10 | INFO: Primitives created: 1
06:14:10 | INFO: Extracting primitive: Temporary_control_moving_ear
06:14:10 | INFO: Primitives created: 1
06:14:10 | INFO: Extracting primitive: ControlHorn_L_Inboard
06:14:10 | INFO: Primitives created: 1
06:14:10 | INFO: Extracting primitive: Composite_wing_L.001
06:14:10 | INFO: Primitives created: 1
06:14:10 | INFO: Extracting primitive: ControlFlexureMoving_L_Outboard
06:14:10 | INFO: Primitives created: 1
06:14:10 | INFO: Extracting primitive: Temporary_control_moving_ear.002
06:14:10 | INFO: Primitives created: 1
06:14:10 | INFO: Extracting primitive: ControlHorn_L_Outboard
06:14:10 | INFO: Primitives created: 1
06:14:10 | INFO: Extracting primitive: Composite_wing_L.002
06:14:10 | INFO: Primitives created: 1
06:14:10 | INFO: Extracting primitive: Cowl_boundary_L_Front
06:14:10 | INFO: Primitives created: 1
06:14:10 | INFO: Extracting primitive: Cowl_boundary_L_Rear
06:14:10 | INFO: Primitives created: 1
06:14:10 | INFO: Extracting primitive: Temporary_V11_landing_end.008
06:14:10 | INFO: Primitives created: 1
06:14:10 | INFO: Extracting primitive: Temporary_V11_landing_end.009
06:14:10 | INFO: Primitives created: 1
06:14:10 | INFO: Extracting primitive: Motor_cowl_L_Front
06:14:10 | INFO: Primitives created: 1
06:14:10 | INFO: Extracting primitive: Motor_cowl_L_Rear
06:14:10 | INFO: Primitives created: 1
06:14:10 | INFO: Extracting primitive: Cylinder.015
06:14:10 | INFO: Primitives created: 1
06:14:10 | INFO: Extracting primitive: Cylinder.021
06:14:10 | INFO: Primitives created: 1
06:14:10 | INFO: Extracting primitive: MotorFrontBearing_L_Front
06:14:10 | INFO: Primitives created: 1
06:14:10 | INFO: Extracting primitive: MotorFrontBearing_L_Rear
06:14:10 | INFO: Primitives created: 1
06:14:10 | INFO: Extracting primitive: Nacelle_L_Front
06:14:10 | INFO: Primitives created: 1
06:14:10 | INFO: Extracting primitive: Nacelle_L_Rear
06:14:10 | INFO: Primitives created: 1
06:14:10 | INFO: Extracting primitive: Pod_mount_seam_L_Front
06:14:10 | INFO: Primitives created: 1
06:14:10 | INFO: Extracting primitive: Pod_mount_seam_L_Front.001
06:14:10 | INFO: Primitives created: 1
06:14:10 | INFO: Extracting primitive: Pod_mount_seam_L_Rear
06:14:10 | INFO: Primitives created: 1
06:14:10 | INFO: Extracting primitive: Pod_mount_seam_L_Rear.001
06:14:10 | INFO: Primitives created: 1
06:14:10 | INFO: Extracting primitive: Pod_U_access_panel_L_Front
06:14:10 | INFO: Primitives created: 1
06:14:10 | INFO: Extracting primitive: Pod_U_access_panel_L_Front.001
06:14:10 | INFO: Primitives created: 1
06:14:10 | INFO: Extracting primitive: Pod_U_access_panel_L_Rear
06:14:10 | INFO: Primitives created: 1
06:14:10 | INFO: Extracting primitive: Pod_U_access_panel_L_Rear.001
06:14:10 | INFO: Primitives created: 1
06:14:10 | INFO: Extracting primitive: Pod_wing_saddle_L_Front__LegacyFit_V21实际贴合网格.002
06:14:10 | INFO: Primitives created: 1
06:14:10 | INFO: Extracting primitive: Pod_wing_saddle_L_Rear__LegacyFit_V21实际贴合网格.002
06:14:10 | INFO: Primitives created: 1
06:14:10 | INFO: Extracting primitive: Blade_hinge_arm_L_Front_A.001
06:14:10 | INFO: Primitives created: 1
06:14:10 | INFO: Extracting primitive: Blade_hinge_arm_L_Front_B.001
06:14:10 | INFO: Primitives created: 1
06:14:10 | INFO: Extracting primitive: Cylinder.113
06:14:10 | INFO: Primitives created: 1
06:14:10 | INFO: Extracting primitive: Cylinder.114
06:14:10 | INFO: Primitives created: 1
06:14:10 | INFO: Extracting primitive: Continuous_propeller_solid_Blade_L_Front_A
06:14:10 | INFO: Primitives created: 1
06:14:10 | INFO: Extracting primitive: Continuous_propeller_solid_Blade_L_Front_B
06:14:10 | INFO: Primitives created: 1
06:14:10 | INFO: Extracting primitive: Spinner_L_Front
06:14:10 | INFO: Primitives created: 1
06:14:10 | INFO: Extracting primitive: Blade_hinge_arm_L_Rear_A.001
06:14:10 | INFO: Primitives created: 1
06:14:10 | INFO: Extracting primitive: Blade_hinge_arm_L_Rear_B.001
06:14:10 | INFO: Primitives created: 1
06:14:10 | INFO: Extracting primitive: Cylinder.115
06:14:10 | INFO: Primitives created: 1
06:14:10 | INFO: Extracting primitive: Cylinder.116
06:14:10 | INFO: Primitives created: 1
06:14:10 | INFO: Extracting primitive: Continuous_propeller_solid_Blade_L_Rear_A
06:14:10 | INFO: Primitives created: 1
06:14:10 | INFO: Extracting primitive: Continuous_propeller_solid_Blade_L_Rear_B
06:14:10 | INFO: Primitives created: 1
06:14:10 | INFO: Extracting primitive: Spinner_L_Rear
06:14:10 | INFO: Primitives created: 1
06:14:10 | INFO: Extracting primitive: RootCarrierBridge_L_compact_inset.001
06:14:10 | INFO: Primitives created: 1
06:14:10 | INFO: Extracting primitive: RootCarrierMoving_L_compact_inset
06:14:10 | INFO: Primitives created: 1
06:14:10 | INFO: Extracting primitive: RootCarrierThrust_L_compact_inset
06:14:10 | INFO: Primitives created: 1
06:14:10 | INFO: Extracting primitive: RootFairingMoving_L_compact_inset
06:14:10 | INFO: Primitives created: 1
06:14:10 | INFO: Extracting primitive: Wing_blue_angular_panel_L
06:14:10 | INFO: Primitives created: 1
06:14:10 | INFO: Extracting primitive: Wing_blue_leading_L_unified_local_endcoat.001
06:14:10 | INFO: Primitives created: 1
06:14:10 | INFO: Extracting primitive: Wing_service_panel_L
06:14:10 | INFO: Primitives created: 1
06:14:10 | INFO: Extracting primitive: Wing_service_panel_L.001
06:14:10 | INFO: Primitives created: 1
06:14:10 | INFO: Extracting primitive: WingLowerClosureBlue_L_unified_local_endcoat
06:14:10 | INFO: Primitives created: 1
06:14:10 | INFO: Extracting primitive: RootHingeShaft_L_compact_inset.001
06:14:10 | INFO: Primitives created: 1
06:14:10 | INFO: Extracting primitive: RootBearingFixed_L_Front_compact_inset
06:14:10 | INFO: Primitives created: 1
06:14:10 | INFO: Extracting primitive: RootBearingSeal_L_Front_compact_inset
06:14:10 | INFO: Primitives created: 1
06:14:10 | INFO: Extracting primitive: RootBearingFixed_L_Rear_compact_inset
06:14:10 | INFO: Primitives created: 1
06:14:10 | INFO: Extracting primitive: RootBearingSeal_L_Rear_compact_inset
06:14:10 | INFO: Primitives created: 1
06:14:10 | INFO: Extracting primitive: RootFixedBearingPedestal_L_compact_inset.001
06:14:10 | INFO: Primitives created: 1
06:14:10 | INFO: Extracting primitive: Root_access_cover_L
06:14:10 | INFO: Primitives created: 1
06:14:10 | INFO: Extracting primitive: RootHingeEndcap_L-0.148_compact_inset.001
06:14:10 | INFO: Primitives created: 1
06:14:10 | INFO: Extracting primitive: RootHingeEndcap_L0.148_compact_inset
06:14:10 | INFO: Primitives created: 1
06:14:10 | INFO: Extracting primitive: Cylinder.003
06:14:10 | INFO: Primitives created: 1
06:14:10 | INFO: Extracting primitive: BraceRodEye_L_Body
06:14:10 | INFO: Primitives created: 1
06:14:10 | INFO: Extracting primitive: BraceRodEye_L_Root
06:14:10 | INFO: Primitives created: 1
06:14:10 | INFO: Extracting primitive: Cylinder.011
06:14:10 | INFO: Primitives created: 1
06:14:10 | INFO: Extracting primitive: Cylinder.012
06:14:10 | INFO: Primitives created: 1
06:14:10 | INFO: Extracting primitive: Cylinder.009
06:14:10 | INFO: Primitives created: 1
06:14:10 | INFO: Extracting primitive: Cylinder.010
06:14:10 | INFO: Primitives created: 1
06:14:10 | INFO: Extracting primitive: V_tail_R
06:14:10 | INFO: Primitives created: 1
06:14:10 | INFO: Extracting primitive: V_tail_blue_leading_R
06:14:10 | INFO: Primitives created: 1
06:14:10 | INFO: Extracting primitive: Sphere.012
06:14:10 | INFO: Primitives created: 1
06:14:10 | INFO: Extracting primitive: Sphere.013
06:14:10 | INFO: Primitives created: 1
06:14:10 | INFO: Extracting primitive: Fixed_root_R__flat_candidate
06:14:10 | INFO: Primitives created: 1
06:14:10 | INFO: Extracting primitive: Fixed_root_blue_R_revision
06:14:10 | INFO: Primitives created: 1
06:14:10 | INFO: Extracting primitive: Sphere.015
06:14:10 | INFO: Primitives created: 1
06:14:10 | INFO: Extracting primitive: Cylinder.118
06:14:10 | INFO: Primitives created: 1
06:14:10 | INFO: Extracting primitive: BraceWingSeat_R_inset_refit
06:14:10 | INFO: Primitives created: 1
06:14:10 | INFO: Extracting primitive: Composite_wing_R__flat_candidate_actual_triangle_surface.002
06:14:10 | INFO: Primitives created: 2
06:14:10 | INFO: Extracting primitive: ControlFlexureFixed_R_Inboard
06:14:10 | INFO: Primitives created: 1
06:14:10 | INFO: Extracting primitive: ControlFlexureFixed_R_Outboard
06:14:10 | INFO: Primitives created: 1
06:14:10 | INFO: Extracting primitive: Temporary_control_fixed_pin.006
06:14:10 | INFO: Primitives created: 1
06:14:10 | INFO: Extracting primitive: Temporary_control_fixed_pin.008
06:14:10 | INFO: Primitives created: 1
06:14:10 | INFO: Extracting primitive: ControlFlexureMoving_R_Inboard
06:14:10 | INFO: Primitives created: 1
06:14:10 | INFO: Extracting primitive: Temporary_control_moving_ear.006
06:14:10 | INFO: Primitives created: 1
06:14:10 | INFO: Extracting primitive: ControlHorn_R_Inboard
06:14:10 | INFO: Primitives created: 1
06:14:10 | INFO: Extracting primitive: Composite_wing_R.001
06:14:10 | INFO: Primitives created: 1
06:14:10 | INFO: Extracting primitive: ControlFlexureMoving_R_Outboard
06:14:10 | INFO: Primitives created: 1
06:14:10 | INFO: Extracting primitive: Temporary_control_moving_ear.008
06:14:10 | INFO: Primitives created: 1
06:14:10 | INFO: Extracting primitive: ControlHorn_R_Outboard
06:14:10 | INFO: Primitives created: 1
06:14:10 | INFO: Extracting primitive: Composite_wing_R.002
06:14:10 | INFO: Primitives created: 1
06:14:10 | INFO: Extracting primitive: Cowl_boundary_R_Front
06:14:10 | INFO: Primitives created: 1
06:14:10 | INFO: Extracting primitive: Cowl_boundary_R_Rear
06:14:10 | INFO: Primitives created: 1
06:14:10 | INFO: Extracting primitive: Temporary_V11_landing_end.010
06:14:10 | INFO: Primitives created: 1
06:14:10 | INFO: Extracting primitive: Temporary_V11_landing_end.011
06:14:10 | INFO: Primitives created: 1
06:14:10 | INFO: Extracting primitive: Motor_cowl_R_Front
06:14:10 | INFO: Primitives created: 1
06:14:10 | INFO: Extracting primitive: Motor_cowl_R_Rear
06:14:10 | INFO: Primitives created: 1
06:14:10 | INFO: Extracting primitive: Cylinder.042
06:14:10 | INFO: Primitives created: 1
06:14:10 | INFO: Extracting primitive: Cylinder.048
06:14:10 | INFO: Primitives created: 1
06:14:10 | INFO: Extracting primitive: MotorFrontBearing_R_Front
06:14:10 | INFO: Primitives created: 1
06:14:10 | INFO: Extracting primitive: MotorFrontBearing_R_Rear
06:14:10 | INFO: Primitives created: 1
06:14:10 | INFO: Extracting primitive: Nacelle_R_Front
06:14:10 | INFO: Primitives created: 1
06:14:10 | INFO: Extracting primitive: Nacelle_R_Rear
06:14:10 | INFO: Primitives created: 1
06:14:10 | INFO: Extracting primitive: Pod_mount_seam_R_Front
06:14:10 | INFO: Primitives created: 1
06:14:10 | INFO: Extracting primitive: Pod_mount_seam_R_Front.001
06:14:10 | INFO: Primitives created: 1
06:14:10 | INFO: Extracting primitive: Pod_mount_seam_R_Rear
06:14:10 | INFO: Primitives created: 1
06:14:10 | INFO: Extracting primitive: Pod_mount_seam_R_Rear.001
06:14:10 | INFO: Primitives created: 1
06:14:10 | INFO: Extracting primitive: Pod_U_access_panel_R_Front
06:14:10 | INFO: Primitives created: 1
06:14:10 | INFO: Extracting primitive: Pod_U_access_panel_R_Front.001
06:14:10 | INFO: Primitives created: 1
06:14:10 | INFO: Extracting primitive: Pod_U_access_panel_R_Rear
06:14:10 | INFO: Primitives created: 1
06:14:10 | INFO: Extracting primitive: Pod_U_access_panel_R_Rear.001
06:14:10 | INFO: Primitives created: 1
06:14:10 | INFO: Extracting primitive: Pod_wing_saddle_R_Front__LegacyFit_V21实际贴合网格.002
06:14:10 | INFO: Primitives created: 1
06:14:10 | INFO: Extracting primitive: Pod_wing_saddle_R_Rear__LegacyFit_V21实际贴合网格.002
06:14:10 | INFO: Primitives created: 1
06:14:10 | INFO: Extracting primitive: Blade_hinge_arm_R_Front_A.001
06:14:10 | INFO: Primitives created: 1
06:14:10 | INFO: Extracting primitive: Blade_hinge_arm_R_Front_B.001
06:14:10 | INFO: Primitives created: 1
06:14:10 | INFO: Extracting primitive: Cylinder.119
06:14:10 | INFO: Primitives created: 1
06:14:10 | INFO: Extracting primitive: Cylinder.120
06:14:10 | INFO: Primitives created: 1
06:14:10 | INFO: Extracting primitive: Continuous_propeller_solid_Blade_R_Front_A
06:14:10 | INFO: Primitives created: 1
06:14:10 | INFO: Extracting primitive: Continuous_propeller_solid_Blade_R_Front_B
06:14:10 | INFO: Primitives created: 1
06:14:10 | INFO: Extracting primitive: Spinner_R_Front
06:14:10 | INFO: Primitives created: 1
06:14:10 | INFO: Extracting primitive: Blade_hinge_arm_R_Rear_A.001
06:14:10 | INFO: Primitives created: 1
06:14:10 | INFO: Extracting primitive: Blade_hinge_arm_R_Rear_B.001
06:14:10 | INFO: Primitives created: 1
06:14:10 | INFO: Extracting primitive: Cylinder.121
06:14:10 | INFO: Primitives created: 1
06:14:10 | INFO: Extracting primitive: Cylinder.122
06:14:10 | INFO: Primitives created: 1
06:14:10 | INFO: Extracting primitive: Continuous_propeller_solid_Blade_R_Rear_A
06:14:10 | INFO: Primitives created: 1
06:14:10 | INFO: Extracting primitive: Continuous_propeller_solid_Blade_R_Rear_B
06:14:10 | INFO: Primitives created: 1
06:14:10 | INFO: Extracting primitive: Spinner_R_Rear
06:14:10 | INFO: Primitives created: 1
06:14:10 | INFO: Extracting primitive: RootCarrierBridge_R_compact_inset.001
06:14:10 | INFO: Primitives created: 1
06:14:10 | INFO: Extracting primitive: RootCarrierMoving_R_compact_inset
06:14:10 | INFO: Primitives created: 1
06:14:10 | INFO: Extracting primitive: RootCarrierThrust_R_compact_inset
06:14:10 | INFO: Primitives created: 1
06:14:10 | INFO: Extracting primitive: RootFairingMoving_R_compact_inset
06:14:10 | INFO: Primitives created: 1
06:14:10 | INFO: Extracting primitive: Wing_blue_angular_panel_R
06:14:10 | INFO: Primitives created: 1
06:14:10 | INFO: Extracting primitive: Wing_blue_leading_R_unified_local_endcoat.001
06:14:10 | INFO: Primitives created: 1
06:14:10 | INFO: Extracting primitive: Wing_service_panel_R
06:14:10 | INFO: Primitives created: 1
06:14:10 | INFO: Extracting primitive: Wing_service_panel_R.001
06:14:10 | INFO: Primitives created: 1
06:14:10 | INFO: Extracting primitive: WingLowerClosureBlue_R_unified_local_endcoat
06:14:10 | INFO: Primitives created: 1
06:14:10 | INFO: Extracting primitive: RootHingeShaft_R_compact_inset.001
06:14:10 | INFO: Primitives created: 1
06:14:10 | INFO: Extracting primitive: RootBearingFixed_R_Front_compact_inset
06:14:10 | INFO: Primitives created: 1
06:14:10 | INFO: Extracting primitive: RootBearingSeal_R_Front_compact_inset
06:14:10 | INFO: Primitives created: 1
06:14:10 | INFO: Extracting primitive: RootBearingFixed_R_Rear_compact_inset
06:14:10 | INFO: Primitives created: 1
06:14:10 | INFO: Extracting primitive: RootBearingSeal_R_Rear_compact_inset
06:14:10 | INFO: Primitives created: 1
06:14:10 | INFO: Extracting primitive: RootFixedBearingPedestal_R_compact_inset.001
06:14:10 | INFO: Primitives created: 1
06:14:10 | INFO: Extracting primitive: Root_access_cover_R
06:14:10 | INFO: Primitives created: 1
06:14:10 | INFO: Extracting primitive: RootHingeEndcap_R-0.148_compact_inset.001
06:14:10 | INFO: Primitives created: 1
06:14:10 | INFO: Extracting primitive: RootHingeEndcap_R0.148_compact_inset
06:14:10 | INFO: Primitives created: 1
06:14:10 | INFO: Extracting primitive: Cylinder.004
06:14:10 | INFO: Primitives created: 1
06:14:10 | INFO: Extracting primitive: BraceRodEye_R_Body
06:14:10 | INFO: Primitives created: 1
06:14:10 | INFO: Extracting primitive: BraceRodEye_R_Root
06:14:10 | INFO: Primitives created: 1
06:14:10 | INFO: Extracting primitive: Cylinder.038
06:14:10 | INFO: Primitives created: 1
06:14:10 | INFO: Extracting primitive: Cylinder.039
06:14:10 | INFO: Primitives created: 1
06:14:10 | INFO: Extracting primitive: Cylinder.036
06:14:10 | INFO: Primitives created: 1
06:14:10 | INFO: Extracting primitive: Cylinder.037
06:14:10 | INFO: Primitives created: 1
06:14:10 | INFO: Extracting primitive: ControlFlexureMoving_Tail_L
06:14:10 | INFO: Primitives created: 1
06:14:10 | INFO: Extracting primitive: Temporary_control_moving_ear.004
06:14:10 | INFO: Primitives created: 1
06:14:10 | INFO: Extracting primitive: V_tail_L.001
06:14:10 | INFO: Primitives created: 1
06:14:10 | INFO: Extracting primitive: ControlFlexureFixed_Tail_L
06:14:10 | INFO: Primitives created: 1
06:14:10 | INFO: Extracting primitive: ControlFlexureMoving_Tail_R
06:14:10 | INFO: Primitives created: 1
06:14:10 | INFO: Extracting primitive: Temporary_control_moving_ear.010
06:14:10 | INFO: Primitives created: 1
06:14:10 | INFO: Extracting primitive: V_tail_R.001
06:14:10 | INFO: Primitives created: 1
06:14:10 | INFO: Extracting primitive: ControlFlexureFixed_Tail_R
06:14:10 | INFO: Primitives created: 1
06:14:10 | INFO: Extracting primitive: CargoHingeMovingSeat_L
06:14:10 | INFO: Primitives created: 1
06:14:10 | INFO: Extracting primitive: CargoHingeMovingSeat_R
06:14:10 | INFO: Primitives created: 1
06:14:10 | INFO: Extracting primitive: Fuselage.006
06:14:10 | INFO: Primitives created: 1
06:14:10 | INFO: Extracting primitive: Cube.007
06:14:10 | INFO: Primitives created: 1
06:14:10 | INFO: Extracting primitive: Cube.005
06:14:10 | INFO: Primitives created: 1
06:14:10 | INFO: Extracting primitive: CargoOpeningLip
06:14:10 | INFO: Primitives created: 1
06:14:10 | INFO: Extracting primitive: Cube.004
06:14:10 | INFO: Primitives created: 1
06:14:10 | INFO: Extracting primitive: Cylinder.058
06:14:10 | INFO: Primitives created: 1
06:14:10 | INFO: Extracting primitive: Cube.006
06:14:10 | INFO: Primitives created: 1
06:14:10 | INFO: Extracting primitive: Cylinder.059
06:14:10 | INFO: Primitives created: 1
06:14:10 | INFO: Extracting primitive: Cylinder.060
06:14:10 | INFO: Primitives created: 1
06:14:10 | INFO: Extracting primitive: Pitot_probe_mount
06:14:10 | INFO: Primitives created: 1
06:14:10 | INFO: Extracting primitive: Pitot_probe_tube
06:14:10 | INFO: Primitives created: 1
06:14:10 | INFO: Extracting primitive: Cylinder.093
06:14:10 | INFO: Primitives created: 1
06:14:10 | INFO: Extracting primitive: Cylinder.092
06:14:10 | INFO: Primitives created: 1
06:14:10 | INFO: Extracting primitive: Drive_LeadScrewThread_extended_front.001
06:14:10 | INFO: Primitives created: 1
06:14:10 | INFO: Extracting primitive: Drive_OutputCoupling
06:14:10 | INFO: Primitives created: 1
06:14:10 | INFO: Extracting primitive: Cylinder.097
06:14:10 | INFO: Primitives created: 1
06:14:10 | INFO: Extracting primitive: Cylinder.098
06:14:10 | INFO: Primitives created: 1
06:14:10 | INFO: Extracting primitive: Cylinder.099
06:14:10 | INFO: Primitives created: 1
06:14:10 | INFO: Extracting primitive: Cylinder.100
06:14:10 | INFO: Primitives created: 1
06:14:10 | INFO: Extracting primitive: Drive_PlanetRetainer_0_Front
06:14:10 | INFO: Primitives created: 1
06:14:10 | INFO: Extracting primitive: Drive_PlanetRetainer_0_Rear
06:14:10 | INFO: Primitives created: 1
06:14:10 | INFO: Extracting primitive: Drive_PlanetRetainer_1_Front
06:14:10 | INFO: Primitives created: 1
06:14:10 | INFO: Extracting primitive: Drive_PlanetRetainer_1_Rear
06:14:10 | INFO: Primitives created: 1
06:14:10 | INFO: Extracting primitive: Drive_PlanetRetainer_2_Front
06:14:10 | INFO: Primitives created: 1
06:14:10 | INFO: Extracting primitive: Drive_PlanetRetainer_2_Rear
06:14:10 | INFO: Primitives created: 1
06:14:10 | INFO: Extracting primitive: Drive_PlanetGear_0
06:14:10 | INFO: Primitives created: 1
06:14:10 | INFO: Extracting primitive: Drive_PlanetGear_1
06:14:10 | INFO: Primitives created: 1
06:14:10 | INFO: Extracting primitive: Drive_PlanetGear_2
06:14:10 | INFO: Primitives created: 1
06:14:10 | INFO: Extracting primitive: Cylinder.095
06:14:10 | INFO: Primitives created: 1
06:14:10 | INFO: Extracting primitive: Cylinder.094
06:14:10 | INFO: Primitives created: 1
06:14:10 | INFO: Extracting primitive: Cylinder.096
06:14:10 | INFO: Primitives created: 1
06:14:10 | INFO: Extracting primitive: Drive_SunGear
06:14:10 | INFO: Primitives created: 1
06:14:10 | INFO: Extracting primitive: Drive_MotorHousing
06:14:10 | INFO: Primitives created: 1
06:14:10 | INFO: Extracting primitive: Drive_ReductionHousing
06:14:10 | INFO: Primitives created: 1
06:14:10 | INFO: Extracting primitive: Drive_MotorGearboxAdapter
06:14:10 | INFO: Primitives created: 1
06:14:10 | INFO: Extracting primitive: Drive_RingGear
06:14:10 | INFO: Primitives created: 1
06:14:10 | INFO: Extracting primitive: Cube.011
06:14:10 | INFO: Primitives created: 1
06:14:10 | INFO: Extracting primitive: Cube.012
06:14:10 | INFO: Primitives created: 1
06:14:10 | INFO: Extracting primitive: Cube.013
06:14:10 | INFO: Primitives created: 1
06:14:10 | INFO: Extracting primitive: Cylinder.101
06:14:10 | INFO: Primitives created: 1
06:14:10 | INFO: Extracting primitive: Cylinder.102
06:14:10 | INFO: Primitives created: 1
06:14:10 | INFO: Extracting primitive: Drive_FrontScrewBearing
06:14:10 | INFO: Primitives created: 1
06:14:10 | INFO: Extracting primitive: Cylinder.103
06:14:10 | INFO: Primitives created: 1
06:14:10 | INFO: Extracting primitive: Drive_FrontGuideSeat_L
06:14:10 | INFO: Primitives created: 1
06:14:10 | INFO: Extracting primitive: Cylinder.104
06:14:10 | INFO: Primitives created: 1
06:14:10 | INFO: Extracting primitive: Drive_FrontGuideSeat_R
06:14:10 | INFO: Primitives created: 1
06:14:10 | INFO: Extracting primitive: Cylinder.105
06:14:10 | INFO: Primitives created: 1
06:14:10 | INFO: Extracting primitive: Cylinder.106
06:14:10 | INFO: Primitives created: 1
06:14:10 | INFO: Extracting primitive: Drive_RearScrewBearing
06:14:10 | INFO: Primitives created: 1
06:14:10 | INFO: Extracting primitive: Cylinder.107
06:14:10 | INFO: Primitives created: 1
06:14:10 | INFO: Extracting primitive: Drive_RearGuideSeat_L
06:14:10 | INFO: Primitives created: 1
06:14:10 | INFO: Extracting primitive: Cylinder.108
06:14:10 | INFO: Primitives created: 1
06:14:10 | INFO: Extracting primitive: Drive_RearGuideSeat_R
06:14:10 | INFO: Primitives created: 1
06:14:10 | INFO: Extracting primitive: Cylinder.001
06:14:10 | INFO: Primitives created: 1
06:14:10 | INFO: Extracting primitive: Cylinder.002
06:14:10 | INFO: Primitives created: 1
06:14:10 | INFO: Extracting primitive: Drive_FrontFoot_L_extended_front
06:14:10 | INFO: Primitives created: 1
06:14:10 | INFO: Extracting primitive: Drive_FrontFoot_R_extended_front
06:14:10 | INFO: Primitives created: 1
06:14:10 | INFO: Extracting primitive: Drive_RearFoot_L
06:14:10 | INFO: Primitives created: 1
06:14:10 | INFO: Extracting primitive: Drive_RearFoot_R
06:14:10 | INFO: Primitives created: 1
06:14:10 | INFO: Extracting primitive: Drive_MotorFoot_L
06:14:10 | INFO: Primitives created: 1
06:14:10 | INFO: Extracting primitive: Drive_MotorFoot_R
06:14:10 | INFO: Primitives created: 1
06:14:10 | INFO: Extracting primitive: Drive_FrontTravelStop_L
06:14:10 | INFO: Primitives created: 1
06:14:10 | INFO: Extracting primitive: Drive_FrontTravelStop_R
06:14:10 | INFO: Primitives created: 1
06:14:10 | INFO: Extracting primitive: Drive_RearTravelStop_L
06:14:10 | INFO: Primitives created: 1
06:14:10 | INFO: Extracting primitive: Drive_RearTravelStop_R
06:14:10 | INFO: Primitives created: 1
06:14:10 | INFO: Extracting primitive: RootBearingHousing_L_compact_inset
06:14:10 | INFO: Primitives created: 1
06:14:10 | INFO: Extracting primitive: RootBearingHousing_R_compact_inset
06:14:10 | INFO: Primitives created: 1
06:14:10 | INFO: Extracting primitive: CargoHingeFixedSeat
06:14:10 | INFO: Primitives created: 1
06:14:10 | INFO: Extracting primitive: Cylinder.123
06:14:10 | INFO: Primitives created: 1
06:14:10 | INFO: Extracting primitive: Cylinder.124
06:14:10 | INFO: Primitives created: 1
06:14:10 | INFO: Extracting primitive: Cylinder.125
06:14:10 | INFO: Primitives created: 1
06:14:10 | INFO: Extracting primitive: Temporary_control_fixed_pin.004
06:14:10 | INFO: Primitives created: 1
06:14:10 | INFO: Extracting primitive: Temporary_control_fixed_pin.010
06:14:10 | INFO: Primitives created: 1
06:14:10 | INFO: Extracting primitive: RootFairingFixed_L_compact_inset
06:14:10 | INFO: Primitives created: 1
06:14:10 | INFO: Extracting primitive: RootFairingFixed_R_compact_inset
06:14:10 | INFO: Primitives created: 1
06:14:11 | INFO: Finished glTF 2.0 export in 1.1314599514007568 s

V27_BAKED {"sourceCandidate": "qa/revision-20261007/candidate-inset-integrated-b-edge-linkage.blend", "sourceCandidateSha256": "f38764881b5c597cc3be98aab79a9b2ad932f6c8c07359d7f9f30c218969c084", "pipelineTrialOnly": true, "appearanceStatus": "\u540e\u7ee7\u5019\u9009\u987b\u6309\u65b0SHA\u72ec\u7acb\u590d\u6838\uff0c\u7ba1\u7ebf\u901a\u8fc7\u4e0d\u6388\u4e88\u5916\u89c2\u6216\u8054\u5408\u6750\u6599\u9a8c\u6536", "sourceGeometryReferenceSha256": "939549ab03762439d0c643073bbf110574729ff7990899e976943c6a965fc9f3", "animationMethod": "Unchanged frozen export-transition.py; two clips freshly baked against the explicitly pinned current candidate geometry and persisted mechanism", "exporterSha256": "900791a92748f6358257288c6de2b69d40e35d1e4dcb46a92f2b1d8abb630dc3", "frozenParentMetadataInputLockSha256": "3cbb163e57cc483cbdae91cce2f2b8e69b3a4d6f597ba608f3585387f1bee595", "outputs": [{"path": "qa/revision-20261007-inset/baked-edge-linkage-final/xp4.blend", "bytes": 39514764, "sha256": "74f4c082d150dedc160565eefbd5bc99ec0ff87999e86a835f7f4b62a32e4274"}, {"path": "qa/revision-20261007-inset/baked-edge-linkage-final/xp4-source.glb", "bytes": 10920584, "sha256": "db57f5fa421f10e5be27d236ad6d7733e354f3827d09d8d96f5adc55971e3be1"}], "expectedMeshes": 285, "expectedNodes": 352, "meshOwnerNames": ["ActuatorSideSlot_L", "ActuatorSideSlot_R", "Blade_L_Front_A", "Blade_L_Front_B", "Blade_L_Rear_A", "Blade_L_Rear_B", "Blade_R_Front_A", "Blade_R_Front_B", "Blade_R_Rear_A", "Blade_R_Rear_B", "Blade_hinge_arm_L_Front_A", "Blade_hinge_arm_L_Front_B", "Blade_hinge_arm_L_Rear_A", "Blade_hinge_arm_L_Rear_B", "Blade_hinge_arm_R_Front_A", "Blade_hinge_arm_R_Front_B", "Blade_hinge_arm_R_Rear_A", "Blade_hinge_arm_R_Rear_B", "Blade_hinge_pin_L_Front_A", "Blade_hinge_pin_L_Front_B", "Blade_hinge_pin_L_Rear_A", "Blade_hinge_pin_L_Rear_B", "Blade_hinge_pin_R_Front_A", "Blade_hinge_pin_R_Front_B", "Blade_hinge_pin_R_Rear_A", "Blade_hinge_pin_R_Rear_B", "BraceBallPin_L_Body", "BraceBallPin_L_Wing", "BraceBallPin_R_Body", "BraceBallPin_R_Wing", "BraceBall_L_Body", "BraceBall_L_Wing", "BraceBall_R_Body", "BraceBall_R_Wing", "BraceBodyCarriage_L", "BraceBodyCarriage_R", "BraceRodEyeNeck_L_Body", "BraceRodEyeNeck_L_Root", "BraceRodEyeNeck_R_Body", "BraceRodEyeNeck_R_Root", "BraceRodEye_L_Body", "BraceRodEye_L_Root", "BraceRodEye_R_Body", "BraceRodEye_R_Root", "BraceRodFerrule_L_Body", "BraceRodFerrule_L_Root", "BraceRodFerrule_R_Body", "BraceRodFerrule_R_Root", "BraceRod_mesh_L", "BraceRod_mesh_R", "BraceWingSeat_L", "BraceWingSeat_R", "CargoHingeCap_L", "CargoHingeCap_R", "CargoHingeFixedSeat", "CargoHingeMovingSeat_L", "CargoHingeMovingSeat_R", "CargoHingePin", "CargoHoodShell", "CargoLatchFixed_L", "CargoLatchFixed_R", "CargoLatchMoving_L", "CargoLatchMoving_R", "CargoLatchPin_L", "CargoLatchPin_R", "CargoOpeningLip", "Composite_wing_L", "Composite_wing_R", "ControlFlexureFixed_L_Inboard", "ControlFlexureFixed_L_Outboard", "ControlFlexureFixed_R_Inboard", "ControlFlexureFixed_R_Outboard", "ControlFlexureFixed_Tail_L", "ControlFlexureFixed_Tail_R", "ControlFlexureMoving_L_Inboard", "ControlFlexureMoving_L_Outboard", "ControlFlexureMoving_R_Inboard", "ControlFlexureMoving_R_Outboard", "ControlFlexureMoving_Tail_L", "ControlFlexureMoving_Tail_R", "ControlHingeFixed_L_Inboard", "ControlHingeFixed_L_Outboard", "ControlHingeFixed_R_Inboard", "ControlHingeFixed_R_Outboard", "ControlHingeFixed_Tail_L", "ControlHingeFixed_Tail_R", "ControlHingeMoving_L_Inboard", "ControlHingeMoving_L_Outboard", "ControlHingeMoving_R_Inboard", "ControlHingeMoving_R_Outboard", "ControlHingeMoving_Tail_L", "ControlHingeMoving_Tail_R", "ControlHorn_L_Inboard", "ControlHorn_L_Outboard", "ControlHorn_R_Inboard", "ControlHorn_R_Outboard", "ControlSurface_L_Inboard", "ControlSurface_L_Outboard", "ControlSurface_R_Inboard", "ControlSurface_R_Outboard", "ControlSurface_Tail_L", "ControlSurface_Tail_R", "Cowl_boundary_L_Front", "Cowl_boundary_L_Rear", "Cowl_boundary_R_Front", "Cowl_boundary_R_Rear", "Dorsal_antenna", "Dorsal_hatch_main", "Dorsal_small_receiver", "Drive_CouplingWitness", "Drive_Crossbeam", "Drive_FrontFoot_L", "Drive_FrontFoot_R", "Drive_FrontGuidePedestal_L", "Drive_FrontGuidePedestal_R", "Drive_FrontGuideSeat_L", "Drive_FrontGuideSeat_R", "Drive_FrontScrewBearing", "Drive_FrontScrewPedestal", "Drive_FrontSupport", "Drive_FrontTravelStop_L", "Drive_FrontTravelStop_R", "Drive_GuideBridge_L", "Drive_GuideBridge_R", "Drive_GuideBushing_L", "Drive_GuideBushing_R", "Drive_GuideRail_L", "Drive_GuideRail_R", "Drive_LeadScrewCore", "Drive_LeadScrewThread", "Drive_MotorFoot_L", "Drive_MotorFoot_R", "Drive_MotorGearboxAdapter", "Drive_MotorHousing", "Drive_MotorMount", "Drive_MotorRotorDisc", "Drive_MotorSaddle_L", "Drive_MotorSaddle_R", "Drive_MotorShaft", "Drive_MotorWitness", "Drive_NutCarriage", "Drive_NutInternalThread", "Drive_OutputCoupling", "Drive_OutputWeb", "Drive_PlanetCarrier", "Drive_PlanetGear_0", "Drive_PlanetGear_1", "Drive_PlanetGear_2", "Drive_PlanetPin_0", "Drive_PlanetPin_1", "Drive_PlanetPin_2", "Drive_PlanetRetainer_0_Front", "Drive_PlanetRetainer_0_Rear", "Drive_PlanetRetainer_1_Front", "Drive_PlanetRetainer_1_Rear", "Drive_PlanetRetainer_2_Front", "Drive_PlanetRetainer_2_Rear", "Drive_RearFoot_L", "Drive_RearFoot_R", "Drive_RearGuidePedestal_L", "Drive_RearGuidePedestal_R", "Drive_RearGuideSeat_L", "Drive_RearGuideSeat_R", "Drive_RearScrewBearing", "Drive_RearScrewPedestal", "Drive_RearSupport", "Drive_RearTravelStop_L", "Drive_RearTravelStop_R", "Drive_ReductionHousing", "Drive_RingGear", "Drive_SunGear", "Fixed_root_L", "Fixed_root_R", "Fixed_root_blue_L", "Fixed_root_blue_R", "Fuselage", "Hatch_fastener_main", "Hatch_fastener_main.001", "Hatch_fastener_main.002", "Hatch_fastener_main.003", "Landing_wear_tip_L_Front", "Landing_wear_tip_L_Rear", "Landing_wear_tip_R_Front", "Landing_wear_tip_R_Rear", "Lower_fuselage_join", "Lower_fuselage_join.001", "Lower_fuselage_join.002", "Lower_fuselage_join.003", "MotorFrontBearing_L_Front", "MotorFrontBearing_L_Rear", "MotorFrontBearing_R_Front", "MotorFrontBearing_R_Rear", "Motor_cowl_L_Front", "Motor_cowl_L_Rear", "Motor_cowl_R_Front", "Motor_cowl_R_Rear", "Motor_spindle_L_Front", "Motor_spindle_L_Rear", "Motor_spindle_R_Front", "Motor_spindle_R_Rear", "Nacelle_L_Front", "Nacelle_L_Rear", "Nacelle_R_Front", "Nacelle_R_Rear", "Pitot_probe_foot", "Pitot_probe_mount", "Pitot_probe_tube", "Pod_U_access_panel_L_Front", "Pod_U_access_panel_L_Front.001", "Pod_U_access_panel_L_Rear", "Pod_U_access_panel_L_Rear.001", "Pod_U_access_panel_R_Front", "Pod_U_access_panel_R_Front.001", "Pod_U_access_panel_R_Rear", "Pod_U_access_panel_R_Rear.001", "Pod_mount_seam_L_Front", "Pod_mount_seam_L_Front.001", "Pod_mount_seam_L_Rear", "Pod_mount_seam_L_Rear.001", "Pod_mount_seam_R_Front", "Pod_mount_seam_R_Front.001", "Pod_mount_seam_R_Rear", "Pod_mount_seam_R_Rear.001", "Pod_wing_saddle_L_Front", "Pod_wing_saddle_L_Rear", "Pod_wing_saddle_R_Front", "Pod_wing_saddle_R_Rear", "RootBearingFixed_L_Front", "RootBearingFixed_L_Rear", "RootBearingFixed_R_Front", "RootBearingFixed_R_Rear", "RootBearingHousing_L", "RootBearingHousing_R", "RootBearingSeal_L_Front", "RootBearingSeal_L_Rear", "RootBearingSeal_R_Front", "RootBearingSeal_R_Rear", "RootCarrierBridge_L", "RootCarrierBridge_R", "RootCarrierMoving_L", "RootCarrierMoving_R", "RootCarrierThrust_L", "RootCarrierThrust_R", "RootFairingFixed_L", "RootFairingFixed_R", "RootFairingMoving_L", "RootFairingMoving_R", "RootFixedBearingPedestal_L", "RootFixedBearingPedestal_R", "RootHingeEndcap_L-0.148", "RootHingeEndcap_L0.148", "RootHingeEndcap_R-0.148", "RootHingeEndcap_R0.148", "RootHingeShaft_L", "RootHingeShaft_R", "Root_access_cover_L", "Root_access_cover_R", "Spinner_L_Front", "Spinner_L_Rear", "Spinner_R_Front", "Spinner_R_Rear", "Tail_boom_join", "Tail_receiver", "Tail_root_fastener_L", "Tail_root_fastener_L.001", "Tail_root_fastener_R", "Tail_root_fastener_R.001", "V_tail_L", "V_tail_R", "V_tail_blue_leading_L", "V_tail_blue_leading_R", "Ventral_antenna", "Ventral_antenna.001", "Ventral_small_sensor", "Ventral_tail_tab", "WingLowerClosureBlue_L", "WingLowerClosureBlue_R", "Wing_blue_angular_panel_L", "Wing_blue_angular_panel_R", "Wing_blue_leading_L", "Wing_blue_leading_R", "Wing_service_panel_L", "Wing_service_panel_L.001", "Wing_service_panel_R", "Wing_service_panel_R.001"], "newMeshOwnersComparedToFrozenM": [], "priorGeometryReferenceSha256": "764aff0b33fe40a7c1c9f82bbf767a8e4b4a97bbaa2a3fa5547302330cbcb5d7", "lowerSkinMaterialOwners": ["Composite_wing_L", "Composite_wing_R"], "semanticAliases": {"WingLowerClosure_L": "EMPTY", "WingLowerClosure_R": "EMPTY"}, "animationVerified": false, "publicationPerformed": false, "finalDeliveryAccepted": false}
Blender 4.3.2
Read blend: "/workspace/scratch/40bf3b17dbf8/transwing-new-annotations-20261007/edge-linkage-revision/transwing-studio/qa/revision-20261007/candidate-inset-integrated-b-edge-linkage.blend"

Blender quit
