node:internal/modules/run_main:107
    triggerUncaughtException(
    ^

AssertionError [ERR_ASSERTION]: Serialized material changed Pearl gray composite
+ actual - expected
... Skipped lines

  {
    alphaCutoff: 0.5,
    alphaMode: 'OPAQUE',
    doubleSided: true,
    emissiveFactor: [
...
      metallicFactor: 0.11999999731779099,
+     roughnessFactor: 0.3800000047683716
-     roughnessFactor: 0.3700000047683716
    }
  }

    at file:///workspace/scratch/40bf3b17dbf8/transwing-new-annotations-20261007/work/transwing-studio/scripts/revision_20261007_inset/integrated_verify_source_runtime.mjs:60:53 {
  generatedMessage: false,
  code: 'ERR_ASSERTION',
  actual: {
    alphaMode: 'OPAQUE',
    alphaCutoff: 0.5,
    doubleSided: true,
    emissiveFactor: [ 0, 0, 0 ],
    name: 'Pearl gray composite',
    pbrMetallicRoughness: {
      baseColorFactor: [ 0.6299999952316284, 0.6700000166893005, 0.699999988079071, 1 ],
      metallicFactor: 0.11999999731779099,
      roughnessFactor: 0.3800000047683716
    }
  },
  expected: {
    alphaMode: 'OPAQUE',
    alphaCutoff: 0.5,
    doubleSided: true,
    emissiveFactor: [ 0, 0, 0 ],
    name: 'Pearl gray composite',
    pbrMetallicRoughness: {
      baseColorFactor: [ 0.6299999952316284, 0.6700000166893005, 0.699999988079071, 1 ],
      metallicFactor: 0.11999999731779099,
      roughnessFactor: 0.3700000047683716
    }
  },
  operator: 'deepStrictEqual',
  diff: 'simple'
}

Node.js v24.19.0
