1 / 399 接触对 0 SAT 140530
11 / 399 接触对 0 SAT 140530
21 / 399 接触对 0 SAT 140530
31 / 399 接触对 0 SAT 140530
41 / 399 接触对 0 SAT 140530
51 / 399 接触对 0 SAT 140530
61 / 399 接触对 0 SAT 140530
71 / 399 接触对 0 SAT 243543
81 / 399 接触对 0 SAT 243543
91 / 399 接触对 0 SAT 243543
101 / 399 接触对 0 SAT 243543
111 / 399 接触对 0 SAT 243543
121 / 399 接触对 0 SAT 243543
131 / 399 接触对 0 SAT 290018
141 / 399 接触对 0 SAT 290018
151 / 399 接触对 0 SAT 290018
161 / 399 接触对 0 SAT 290018
171 / 399 接触对 0 SAT 290018
181 / 399 接触对 0 SAT 290018
191 / 399 接触对 0 SAT 290018
201 / 399 接触对 0 SAT 290203
211 / 399 接触对 0 SAT 420266
221 / 399 接触对 0 SAT 491283
231 / 399 接触对 0 SAT 491283
241 / 399 接触对 0 SAT 491283
251 / 399 接触对 0 SAT 491283
261 / 399 接触对 0 SAT 491283
271 / 399 接触对 0 SAT 491283
281 / 399 接触对 0 SAT 491283
291 / 399 接触对 0 SAT 491283
301 / 399 接触对 0 SAT 491283
311 / 399 接触对 0 SAT 491283
321 / 399 接触对 0 SAT 491283
331 / 399 接触对 0 SAT 491283
341 / 399 接触对 0 SAT 491283
351 / 399 接触对 0 SAT 491283
361 / 399 接触对 0 SAT 491283
371 / 399 接触对 0 SAT 491283
381 / 399 接触对 0 SAT 491283
391 / 399 接触对 0 SAT 491283
{
  "passed": true,
  "source": "assets/blender/xp4-source.glb",
  "sha256": "14deba2a8cb20fb13c6cc05f8c4c09d441285b9754b014499942ad39992f7ce4",
  "samples": 399,
  "contacts": [],
  "criticalOpen": []
}
