1 / 399 接触对 0 SAT 140554
11 / 399 接触对 0 SAT 140554
21 / 399 接触对 0 SAT 140554
31 / 399 接触对 0 SAT 140554
41 / 399 接触对 0 SAT 140554
51 / 399 接触对 0 SAT 140554
61 / 399 接触对 0 SAT 140554
71 / 399 接触对 0 SAT 243561
81 / 399 接触对 0 SAT 243561
91 / 399 接触对 0 SAT 243561
101 / 399 接触对 0 SAT 243561
111 / 399 接触对 0 SAT 243561
121 / 399 接触对 0 SAT 243561
131 / 399 接触对 0 SAT 290052
141 / 399 接触对 0 SAT 290052
151 / 399 接触对 0 SAT 290052
161 / 399 接触对 0 SAT 290052
171 / 399 接触对 0 SAT 290052
181 / 399 接触对 0 SAT 290052
191 / 399 接触对 0 SAT 290052
201 / 399 接触对 0 SAT 290237
211 / 399 接触对 0 SAT 420308
221 / 399 接触对 0 SAT 491315
231 / 399 接触对 0 SAT 491315
241 / 399 接触对 0 SAT 491315
251 / 399 接触对 0 SAT 491315
261 / 399 接触对 0 SAT 491315
271 / 399 接触对 0 SAT 491315
281 / 399 接触对 0 SAT 491315
291 / 399 接触对 0 SAT 491315
301 / 399 接触对 0 SAT 491315
311 / 399 接触对 0 SAT 491315
321 / 399 接触对 0 SAT 491315
331 / 399 接触对 0 SAT 491315
341 / 399 接触对 0 SAT 491315
351 / 399 接触对 0 SAT 491315
361 / 399 接触对 0 SAT 491315
371 / 399 接触对 0 SAT 491315
381 / 399 接触对 0 SAT 491315
391 / 399 接触对 0 SAT 491315
{
  "passed": true,
  "source": "public/models/xp4.glb",
  "sha256": "313b014ec70b409175b34a08f66ec56820a51ea094085ce1eef96fc444ce4b2b",
  "samples": 399,
  "contacts": [],
  "criticalOpen": []
}
