{
  "passed": true,
  "reports": [
    {
      "source": "assets/blender/xp4-source.glb",
      "sha256": "82ca7f6f9e98cb11737da6f1cb8b1507f71baf0ffcb57734b9beb7bb23e70126",
      "clip": "TRANSWING_Motors_Start_Stop",
      "duration": 7,
      "samples": 673,
      "motorPoseChecks": 2692,
      "foldedNoRotationChecks": 1144,
      "minSignedIncrement": 0,
      "maxAxisError": 0.0000011016374487764438,
      "passed": true
    },
    {
      "source": "public/models/xp4.glb",
      "sha256": "846185616204841c9939ea29b88827c9928c32232504571a5f7ab352fb455f6d",
      "clip": "TRANSWING_Motors_Start_Stop",
      "duration": 7,
      "samples": 673,
      "motorPoseChecks": 2692,
      "foldedNoRotationChecks": 1144,
      "minSignedIncrement": 0,
      "maxAxisError": 0.0000011016374487764438,
      "passed": true
    }
  ],
  "limitations": [
    "独立导出动作有限1/96秒采样；导出演示速度是可读可视化节拍，不与实时RPM参数等同",
    "检查实际解码四元数及真实固定轴，不声称连续扫掠、浏览器或飞行安全"
  ]
}
