{
  passed: true,
  preflight: false,
  declaredContractCentralLift: 0.029,
  domain: {
    minimumAbsX: 0.2234,
    maximumAbsX: 0.6201,
    longitudinalY: [ -2.0023, -0.7299 ],
    verticalZ: [ -0.27, 0.1322 ],
    reviewStatus: 'Finite full-triangle support of the authorized central saddle deformation, fixed before final acceptance; separate from the unchanged old ventral-slot domain.'
  },
  reviewedC1VertexLaw: {
    centralLift: 0.029,
    nonzeroVertexSupportBlender: { minimumAbsX: 0.25, longitudinalY: [Array], maximumZ: 0.02 },
    fullLiftBlender: { minimumAbsX: 0.44, longitudinalY: [Array], maximumZ: -0.1 }
  },
  reference: {
    path: 'qa/reference/nacelle-previous-fuselage.json',
    sha256: '85535d86587aed302ff6892175c4b430c2db55ee85a8023d2eb76fad2ba6ad48'
  },
  reports: [
    {
      encoding: 'source',
      source: 'assets/blender/xp4-source.glb',
      sha256: '801b02ca6b12c326a04e0a1fe7741a99f168c629384ae836f490f7779428570e',
      baselineModelSha256: '82ca7f6f9e98cb11737da6f1cb8b1507f71baf0ffcb57734b9beb7bb23e70126',
      encodingTolerance: 0.000001,
      passed: true,
      originalVertexCount: 8918,
      newVertexCount: 8918,
      outsideOriginalVertices: 7072,
      exactPreservedOutsideVertices: 7072,
      addedOutsideSubdivisionVertices: 0,
      unchangedOutsideOrientedTriangles: true,
      beforeOutsideTriangles: 13852,
      afterOutsideTriangles: 13852,
      sameOrientedTopology: true,
      actualChangedVertices: 1424,
      affectedTriangleCount: 3131,
      actualTriangleSupportBlender: [Object],
      maximumReviewedDeformationResidual: 7.545446711887394e-9,
      fullOutsidePatchCoverage: [Object],
      failures: []
    },
    {
      encoding: 'runtime',
      source: 'public/models/xp4.glb',
      sha256: '062fd09dee64984221316ede5ba684f6c1b6ff4f7b7ee2a0bd818a8888fd6f43',
      baselineModelSha256: '846185616204841c9939ea29b88827c9928c32232504571a5f7ab352fb455f6d',
      encodingTolerance: 0.00006,
      passed: true,
      originalVertexCount: 8918,
      newVertexCount: 8918,
      outsideOriginalVertices: 7072,
      exactPreservedOutsideVertices: 7072,
      addedOutsideSubdivisionVertices: 0,
      unchangedOutsideOrientedTriangles: true,
      beforeOutsideTriangles: 13852,
      afterOutsideTriangles: 13852,
      sameOrientedTopology: true,
      actualChangedVertices: 1424,
      affectedTriangleCount: 3131,
      actualTriangleSupportBlender: [Object],
      maximumReviewedDeformationResidual: 7.545446711887394e-9,
      fullOutsidePatchCoverage: [Object],
      failures: []
    }
  ],
  claim: 'Immediate-baseline actual outside vertices and protected full triangle area preserved; one bounded same-topology saddle deformation; no authorization of the gap to the historical rear belly slot'
}
