assets/blender/nacelle-system-concept-source.glb: OK
assets/blender/xp4-source.glb: OK
assets/blender/xp4.blend: OK
package-lock.json: OK
package.json: OK
public/models/manifest.json: OK
public/models/nacelle-system-concept.glb: OK
public/models/xp4.glb: OK
python/transwing_sim/__init__.py: OK
python/transwing_sim/client.py: OK
python/transwing_sim/protocol.py: OK
python/transwing_sim/recording.py: OK
python/transwing_sim/server.py: OK
qa/contracts/drive-contact-contracts.json: OK
qa/contracts/drive-motion.json: OK
qa/contracts/layered-wing-refinement.json: OK
qa/contracts/model-refinement.json: OK
qa/contracts/reference-supports.json: OK
qa/contracts/supports.json: OK
qa/current/affected-scope.mts: OK
qa/current/affected-scope.selftest.mts: OK
qa/current/audit-scene.mts: OK
qa/current/author/generator-reproducibility.json: OK
qa/current/author/regenerated-runtime-geometry.json: OK
qa/current/author/regeneration-exact.json: OK
qa/current/author/source-kinematics.json: OK
qa/current/author/source-motor-animation.json: OK
qa/current/author/source-native-drive.json: OK
qa/current/author/source-reexport.glb: OK
qa/current/author/source-runtime-geometry.json: OK
qa/current/author/source-solids.json: OK
qa/current/broadphase.mts: OK
qa/current/broadphase.selftest.mts: OK
qa/current/decoration-topology.mts: OK
qa/current/decoration-topology.selftest.mts: OK
qa/current/exact-pair-cache.mts: OK
qa/current/exact-pair-cache.selftest.mts: OK
qa/current/fairing-clearance-evidence.mjs: OK
qa/current/fairing-clearance.mts: OK
qa/current/fairing-clearance.selftest.mts: OK
qa/current/fairing-support-roles.mjs: OK
qa/current/fairing-support-roles.selftest.mjs: OK
qa/current/freeze-inputs.mjs: OK
qa/current/hinge-identity-baseline.mts: OK
qa/current/hinge-identity.mts: OK
qa/current/input-lock-integrity.mjs: OK
qa/current/layered-contract-logic.mjs: OK
qa/current/layered-domain-schema.mjs: OK
qa/current/layered-domain-schema.selftest.mjs: OK
qa/current/layered-sections.mts: OK
qa/current/layered-sections.selftest.mts: OK
qa/current/local-module-dependencies.mjs: OK
qa/current/measure-slot.mts: OK
qa/current/model-reference.mts: OK
qa/current/motion-reference-adapter.mjs: OK
qa/current/motion-reference-cli.mts: OK
qa/current/motion-reference.mts: OK
qa/current/motion-reference.selftest.mts: OK
qa/current/node-inventory.mjs: OK
qa/current/node-inventory.selftest.mjs: OK
qa/current/patch-coverage.mts: OK
qa/current/patch-coverage.selftest.mts: OK
qa/current/reference-data.mts: OK
qa/current/reference-records.mjs: OK
qa/current/regeneration-evidence.mjs: OK
qa/current/rotor-impact.mts: OK
qa/current/rotor-impact.selftest.mts: OK
qa/current/run-safety.sh: OK
qa/current/slot-boundary-vertices.mts: OK
qa/current/slot-boundary-vertices.selftest.mts: OK
qa/current/slot-section.mts: OK
qa/current/slot-section.selftest.mts: OK
qa/current/stages.json: OK
qa/current/straight-output-geometry.mts: OK
qa/current/straight-output-geometry.selftest.mts: OK
qa/current/summarize.mjs: OK
qa/current/support-coordinate-review.mjs: OK
qa/current/support-coordinate-review.selftest.mjs: OK
qa/current/verify-fairing-clearance.mts: OK
qa/current/verify-hinge-identity.mts: OK
qa/current/verify-inheritance.mjs: OK
qa/current/verify-layered-geometry.mts: OK
qa/current/verify-layered-motion-impact.mts: OK
qa/current/verify-layered-scope.mts: OK
qa/current/verify-local-motion.mts: OK
qa/current/verify-local-scope.mts: OK
qa/current/verify-preservation.mts: OK
qa/current/verify-regenerated-contract.mjs: OK
qa/current/verify-relative-motion.mts: OK
qa/current/verify-reviewed-contract.mjs: OK
qa/current/verify-rotor-envelope.mts: OK
qa/current/verify-solids.mts: OK
qa/current/verify-straight-output.mts: OK
qa/current/verify-support.mts: OK
qa/lib/drive-contract.mts: OK
qa/lib/numeric-drift.mts: OK
qa/lib/pose-audit.mts: OK
qa/lib/rotor-envelope-geometry.mjs: OK
qa/lib/runtime-rotor-motion.mts: OK
qa/lib/sdk-driver.py: OK
qa/lib/snapshot-audit.mts: OK
qa/lib/snapshot-audit.selftest.mts: OK
qa/lib/solid-contact.mjs: OK
qa/lib/solid-contact.selftest.mjs: OK
qa/lib/support-geometry.mts: OK
qa/lib/support-geometry.selftest.mts: OK
qa/lib/triangle-contact.mjs: OK
qa/lib/triangle-contact.selftest.mjs: OK
qa/lib/verify-baked-winding.mts: OK
qa/lib/verify-drive-motion.mts: OK
qa/lib/verify-exported-motor-clip.mts: OK
qa/lib/verify-inspection.mts: OK
qa/lib/verify-linkage.mts: OK
qa/lib/verify-local-parity.mts: OK
qa/lib/verify-python-render.mts: OK
qa/reference/accepted-motion-grid-origin.json: OK
qa/reference/accepted-motion-reference.json: OK
qa/reference/accepted-reference.json: OK
qa/reference/code-migration.json: OK
qa/reference/evidence-map.json: OK
qa/reference/evidence/accepted-summary-402af8c2e54e.json: OK
qa/reference/evidence/baked-winding-report-29778f8fb70f.json: OK
qa/reference/evidence/details-report-543a3d6cff26.json: OK
qa/reference/evidence/details-report-799d284184dc.json: OK
qa/reference/evidence/drive-interfaces-report-fea9d89d826f.json: OK
qa/reference/evidence/drive-motion-report-1ff6f31465d8.json: OK
qa/reference/evidence/exported-motor-clip-report-8a7c2937bdfc.json: OK
qa/reference/evidence/fairings-report-fb0cc1b2ecda.json: OK
qa/reference/evidence/fast-report-e779e92fe8d5.json: OK
qa/reference/evidence/fast-report-ebc793742aee.json: OK
qa/reference/evidence/hollow-bay-report-d92d8dc7ed05.json: OK
qa/reference/evidence/inheritance-report-9d4656358c42.json: OK
qa/reference/evidence/linkage-report-b3bad92f745c.json: OK
qa/reference/evidence/local-drive-report-51e14f23665e.json: OK
qa/reference/evidence/rotor-envelope-report-ae3af3f7b6ae.json: OK
qa/reference/evidence/rotor-envelope-report-d69d45d53c72.json: OK
qa/reference/evidence/runtime-motion-report-bddde8af3280.json: OK
qa/reference/evidence/runtime-self-clearance-report-9109a14fa297.json: OK
qa/reference/evidence/runtime-shaft-clearance-report-a937e454d76f.json: OK
qa/reference/evidence/seam-motion-report-58fbe7d28e91.json: OK
qa/reference/evidence/seat-reattachment-report-570e5aae92be.json: OK
qa/reference/evidence/spin-report-dcb67d603ea8.json: OK
qa/reference/evidence/spin-report-f9ba3ac4ff02.json: OK
qa/reference/evidence/support-report-7e94a8a0f1f1.json: OK
qa/reference/evidence/wing-anchor-report-5323f2289021.json: OK
qa/reference/evidence/wing-report-0739f61dd0f9.json: OK
qa/reference/evidence/wing-report-2cc39b4afe4c.json: OK
qa/reference/motion-method-origin.json: OK
qa/reference/previous-accepted-motion.json: OK
qa/reference/previous-accepted-reference.json: OK
qa/reference/previous-accepted-summary.json: OK
qa/reference/previous-support-bounds.json: OK
qa/reference/previous-supports.json: OK
qa/reference/reference-manifest.json: OK
qa/reference/source-protected-surfaces.json: OK
qa/regenerated/assets/blender/xp4-source.glb: OK
qa/regenerated/public/models/nacelle-system-concept.glb: OK
qa/regenerated/public/models/xp4.glb: OK
qa/regenerated/scripts/airframe_accessories.py: OK
qa/regenerated/scripts/airframe_refinements.py: OK
qa/regenerated/scripts/central_wing_attachment.py: OK
qa/regenerated/scripts/compress-model.mjs: OK
qa/regenerated/scripts/control_supports.py: OK
qa/regenerated/scripts/data/fixed-root-paint-encoding.json: OK
qa/regenerated/scripts/data/preserved-front-surfaces.blend: OK
qa/regenerated/scripts/data/preserved-front-surfaces.json: OK
qa/regenerated/scripts/drive_layout.py: OK
qa/regenerated/scripts/embedded_joint_surfaces.py: OK
qa/regenerated/scripts/export-transition.py: OK
qa/regenerated/scripts/generate_transwing.py: OK
qa/regenerated/scripts/hinge_supports.py: OK
qa/regenerated/scripts/internal_drive.py: OK
qa/regenerated/scripts/joint_endcaps.py: OK
qa/regenerated/scripts/joint_fairings.py: OK
qa/regenerated/scripts/kinematics.py: OK
qa/regenerated/scripts/layered_wing_joint.py: OK
qa/regenerated/scripts/linkage_geometry.py: OK
qa/regenerated/scripts/output_slot_geometry.py: OK
qa/regenerated/scripts/output_slot_profile.py: OK
qa/regenerated/scripts/preserved_surfaces.py: OK
qa/regenerated/scripts/propeller_shape.py: OK
qa/regenerated/scripts/rotor_handedness.py: OK
qa/regenerated/scripts/slot_topology.py: OK
qa/regenerated/scripts/surface_finish.py: OK
qa/regenerated/scripts/surface_supports.py: OK
qa/regenerated/scripts/wing_seam.py: OK
qa/regenerated/scripts/wing_surfaces.py: OK
scripts/airframe_accessories.py: OK
scripts/airframe_refinements.py: OK
scripts/central_wing_attachment.py: OK
scripts/compress-model.mjs: OK
scripts/control_supports.py: OK
scripts/data/fixed-root-paint-encoding.json: OK
scripts/data/preserved-front-surfaces.blend: OK
scripts/data/preserved-front-surfaces.json: OK
scripts/drive_layout.py: OK
scripts/embedded_joint_surfaces.py: OK
scripts/export-transition.py: OK
scripts/generate_transwing.py: OK
scripts/hinge_supports.py: OK
scripts/internal_drive.py: OK
scripts/joint_endcaps.py: OK
scripts/joint_fairings.py: OK
scripts/kinematics.py: OK
scripts/layered_wing_joint.py: OK
scripts/linkage_geometry.py: OK
scripts/output_slot_geometry.py: OK
scripts/output_slot_profile.py: OK
scripts/package-lock.json: OK
scripts/package.json: OK
scripts/preserved_surfaces.py: OK
scripts/propeller_shape.py: OK
scripts/reexport-source.py: OK
scripts/rotor_handedness.py: OK
scripts/slot_topology.py: OK
scripts/surface_finish.py: OK
scripts/surface_supports.py: OK
scripts/verify-motor-animation.py: OK
scripts/verify-native-drive.py: OK
scripts/verify-regeneration-exact.mjs: OK
scripts/verify-regeneration.mjs: OK
scripts/verify-solids.py: OK
scripts/verify-source-runtime.mjs: OK
scripts/verify-source.py: OK
scripts/wing_seam.py: OK
scripts/wing_surfaces.py: OK
src/cameraNavigation.ts: OK
src/details.ts: OK
src/inspection.ts: OK
src/internalDriveInspection.ts: OK
src/motors.ts: OK
src/rig.ts: OK
src/rotorExposure.ts: OK
src/rotorExposureProfile.ts: OK
src/simulation.ts: OK
src/simulationBridge.ts: OK
