{
  source: 'public/models/xp4.glb',
  maxLengthError: 6.707434963004744e-8,
  maxEndpointError: 6.70743497101786e-8,
  maxSymmetryError: 1.5638075412383046e-7,
  maxMotorEffect: 0,
  maxRevisitError: 0
}
{
  source: 'assets/blender/xp4-source.glb',
  maxLengthError: 6.707434963004744e-8,
  maxEndpointError: 6.70743497101786e-8,
  maxSymmetryError: 1.5638075412383046e-7,
  maxMotorEffect: 0,
  maxRevisitError: 0
}
{
  "passed": true,
  "reports": [
    {
      "source": "public/models/xp4.glb",
      "sha256": "846185616204841c9939ea29b88827c9928c32232504571a5f7ab352fb455f6d",
      "sampleCount": 1001,
      "strokeMonotonicSamples": 10001,
      "maxBackwardStep": 0,
      "minForwardStep": 0.000028790004480416798,
      "maxLengthError": 6.707434963004744e-8,
      "maxEndpointError": 6.70743497101786e-8,
      "maxSymmetryError": 1.5638075412383046e-7,
      "maxMotorEffect": 0,
      "maxRevisitError": 0,
      "sliderRange": [
        -1.9000000711268825,
        -1.0224659442901611
      ],
      "ranges": {
        "L": {
          "length": 3.1912941201440748,
          "rodDirectionAngularRangeDeg": 9.542832646926673,
          "bodyEyeMisalignmentDeg": [
            1.1899224176752974,
            47.07569026141724
          ],
          "wingEyeMisalignmentDeg": [
            2.612396322011949,
            39.204341034951135
          ],
          "wingAnchorBox": [
            [
              -1.4454557214002048,
              -1.05476024016195
            ],
            [
              -0.5955436029316543,
              -0.16545566201211995
            ],
            [
              1.1399999985913531,
              1.850000180222612
            ]
          ]
        },
        "R": {
          "length": 3.1912939544978,
          "rodDirectionAngularRangeDeg": 9.542832266539376,
          "bodyEyeMisalignmentDeg": [
            1.1899257323393297,
            47.075670545190796
          ],
          "wingEyeMisalignmentDeg": [
            2.6123836214597764,
            39.204340813724166
          ],
          "wingAnchorBox": [
            [
              1.0547602696684668,
              1.4454556703567505
            ],
            [
              -0.5955435610346327,
              -0.16545566916465768
            ],
            [
              1.1399999558925629,
              1.850000023841858
            ]
          ]
        }
      },
      "linkageMeshes": [
        "BraceBall_L_Body",
        "BraceBall_R_Body",
        "BraceBallPin_L_Body",
        "BraceBallPin_R_Body",
        "BraceBodyCarriage_L",
        "BraceBodyCarriage_R",
        "ActuatorSideSlot_L",
        "ActuatorSideSlot_R",
        "BraceBall_L_Wing",
        "BraceBallPin_L_Wing",
        "BraceWingSeat_L",
        "BraceRod_mesh_L",
        "BraceRodEye_L_Body",
        "BraceRodEye_L_Root",
        "BraceRodEyeNeck_L_Body",
        "BraceRodEyeNeck_L_Root",
        "BraceRodFerrule_L_Body",
        "BraceRodFerrule_L_Root",
        "BraceBall_R_Wing",
        "BraceBallPin_R_Wing",
        "BraceWingSeat_R",
        "BraceRod_mesh_R",
        "BraceRodEye_R_Body",
        "BraceRodEye_R_Root",
        "BraceRodEyeNeck_R_Body",
        "BraceRodEyeNeck_R_Root",
        "BraceRodFerrule_R_Body",
        "BraceRodFerrule_R_Root"
      ],
      "selectedStates": [
        {
          "unfold": 0,
          "slider": [
            0,
            -0.019999999552965164,
            -1.0224659442901611
          ],
          "sides": {
            "L": {
              "body": [
                -0.1599999964237213,
                -0.019999999552965164,
                -1.0224659442901611
              ],
              "wing": [
                -1.4454557214002048,
                -0.5500000975887092,
                1.850000180222612
              ],
              "rodLength": 3.1912941201440748,
              "direction": [
                -0.40280076877353127,
                -0.16607685725056784,
                0.9000944495780577
              ],
              "eyeNormal": [
                -0.9152876819204716,
                0.07308762156874477,
                -0.39611445176624605
              ],
              "bodyPinAxis": [
                0.6652698574298351,
                0.6802985839310013,
                0.3075871478081639
              ],
              "wingPinAxis": [
                0.9999999999999201,
                -3.5762784023061336e-7,
                1.7881392366801972e-7
              ],
              "bodyEyeMisalignmentDeg": 47.07569026141724,
              "wingEyeMisalignmentDeg": 23.753371430236104
            },
            "R": {
              "body": [
                0.1599999964237213,
                -0.019999999552965164,
                -1.0224659442901611
              ],
              "wing": [
                1.4454556703567505,
                -0.5500000715255737,
                1.850000023841858
              ],
              "rodLength": 3.1912939544978,
              "direction": [
                0.4028007736865831,
                -0.16607685770395048,
                0.9000944472957667
              ],
              "eyeNormal": [
                0.9152876797583861,
                0.07308727982905511,
                -0.3961145198168068
              ],
              "bodyPinAxis": [
                -0.6652698574298351,
                0.6802985839310013,
                0.3075871478081639
              ],
              "wingPinAxis": [
                -1,
                0,
                0
              ],
              "bodyEyeMisalignmentDeg": 47.075670545190796,
              "wingEyeMisalignmentDeg": 23.753385530971713
            }
          }
        },
        {
          "unfold": 0.25,
          "slider": [
            0,
            -0.019999999552965164,
            -1.253513584650682
          ],
          "sides": {
            "L": {
              "body": [
                -0.1599999964237213,
                -0.019999999552965164,
                -1.253513584650682
              ],
              "wing": [
                -1.2431351178453283,
                -0.5950706878422504,
                1.6927501669212768
              ],
              "rodLength": 3.1912941201440748,
              "direction": [
                -0.3394031025909812,
                -0.18019984021784938,
                0.9232191243345631
              ],
              "eyeNormal": [
                -0.8815976120393775,
                -0.2813128136711293,
                -0.37901022586587274
              ],
              "bodyPinAxis": [
                0.6652698574298351,
                0.6802985839310013,
                0.3075871478081639
              ],
              "wingPinAxis": [
                0.9106837600421278,
                0.33333296791104633,
                -0.24401684716253869
              ],
              "bodyEyeMisalignmentDeg": 26.561398344447664,
              "wingEyeMisalignmentDeg": 36.47246911263804
            },
            "R": {
              "body": [
                0.1599999964237213,
                -0.019999999552965164,
                -1.253513584650682
              ],
              "wing": [
                1.2431351017291576,
                -0.5950706451106813,
                1.6927500287993726
              ],
              "rodLength": 3.1912939544978,
              "direction": [
                0.33940311250338495,
                -0.18019983477184057,
                0.9232191217534526
              ],
              "eyeNormal": [
                0.8815974479933657,
                -0.2813132756021938,
                -0.3790102645859994
              ],
              "bodyPinAxis": [
                -0.6652698574298351,
                0.6802985839310013,
                0.3075871478081639
              ],
              "wingPinAxis": [
                -0.9106836025229592,
                0.3333333333333334,
                -0.24401693585629247
              ],
              "bodyEyeMisalignmentDeg": 26.561370536112907,
              "wingEyeMisalignmentDeg": 36.472476298435815
            }
          }
        },
        {
          "unfold": 0.5,
          "slider": [
            0,
            -0.019999999552965164,
            -1.5214701809639006
          ],
          "sides": {
            "L": {
              "body": [
                -0.1599999964237213,
                -0.019999999552965164,
                -1.5214701809639006
              ],
              "wing": [
                -1.1003037455048954,
                -0.5303038677480694,
                1.485151974486663
              ],
              "rodLength": 3.1912941201440748,
              "direction": [
                -0.2946465361023435,
                -0.1599049958805749,
                0.9421325867707389
              ],
              "eyeNormal": [
                -0.6161468043632886,
                -0.7218088048791044,
                -0.3152065428761059
              ],
              "bodyPinAxis": [
                0.6652698574298351,
                0.6802985839310013,
                0.3075871478081639
              ],
              "wingPinAxis": [
                0.6666669249534258,
                0.6666663885115975,
                -0.3333333730697351
              ],
              "bodyEyeMisalignmentDeg": 3.7112872924210962,
              "wingEyeMisalignmentDeg": 38.10311221693768
            },
            "R": {
              "body": [
                0.1599999964237213,
                -0.019999999552965164,
                -1.5214701809639006
              ],
              "wing": [
                1.100303759177526,
                -0.530303825934728,
                1.4851518670717876
              ],
              "rodLength": 3.1912939544978,
              "direction": [
                0.2946465499755952,
                -0.15990498798216485,
                0.9421325837725297
              ],
              "eyeNormal": [
                0.616146449420255,
                -0.7218091304507301,
                -0.31520649115266325
              ],
              "bodyPinAxis": [
                -0.6652698574298351,
                0.6802985839310013,
                0.3075871478081639
              ],
              "wingPinAxis": [
                -0.6666666666666669,
                0.6666666666666666,
                -0.3333333333333333
              ],
              "bodyEyeMisalignmentDeg": 3.711314339836225,
              "wingEyeMisalignmentDeg": 38.10310740567081
            }
          }
        },
        {
          "unfold": 0.75,
          "slider": [
            0,
            -0.019999999552965164,
            -1.7599089073757308
          ],
          "sides": {
            "L": {
              "body": [
                -0.1599999964237213,
                -0.019999999552965164,
                -1.7599089073757308
              ],
              "wing": [
                -1.0552331552513543,
                -0.3730538544467338,
                1.2828313709317862
              ],
              "rodLength": 3.1912941201440748,
              "direction": [
                -0.28052355548959024,
                -0.11063031086092161,
                0.9534502971494081
              ],
              "eyeNormal": [
                -0.23617801652261916,
                -0.9548398693941221,
                -0.18027969471589825
              ],
              "bodyPinAxis": [
                0.6652698574298351,
                0.6802985839310013,
                0.3075871478081639
              ],
              "wingPinAxis": [
                0.33333359409086,
                0.9106834687690675,
                -0.2440170788309883
              ],
              "bodyEyeMisalignmentDeg": 30.44114641666202,
              "wingEyeMisalignmentDeg": 25.27195452364645
            },
            "R": {
              "body": [
                0.1599999964237213,
                -0.019999999552965164,
                -1.7599089073757308
              ],
              "wing": [
                1.0552331855924182,
                -0.37305383089224275,
                1.2828312984441945
              ],
              "rodLength": 3.1912939544978,
              "direction": [
                0.28052357055317667,
                -0.11063030567124135,
                0.9534502933195755
              ],
              "eyeNormal": [
                0.23617775756164633,
                -0.9548399462885132,
                -0.1802796267050204
              ],
              "bodyPinAxis": [
                -0.6652698574298351,
                0.6802985839310013,
                0.3075871478081639
              ],
              "wingPinAxis": [
                -0.3333333333333334,
                0.9106836025229591,
                -0.24401693585629253
              ],
              "bodyEyeMisalignmentDeg": 30.44116234912697,
              "wingEyeMisalignmentDeg": 25.271942148824806
            }
          }
        },
        {
          "unfold": 1,
          "slider": [
            0,
            -0.019999999552965164,
            -1.9000000711268825
          ],
          "sides": {
            "L": {
              "body": [
                -0.1599999964237213,
                -0.019999999552965164,
                -1.9000000711268825
              ],
              "wing": [
                -1.1199999753455352,
                -0.16545566201211995,
                1.1399999985913531
              ],
              "rodLength": 3.1912941201440748,
              "direction": [
                -0.30081840249048314,
                -0.04557889684883162,
                0.9525916506484386
              ],
              "eyeNormal": [
                0.013725123629140856,
                -0.9989607420524742,
                -0.043463281276668875
              ],
              "bodyPinAxis": [
                0.6652698574298351,
                0.6802985839310013,
                0.3075871478081639
              ],
              "wingPinAxis": [
                1.7881395575347625e-7,
                0.999999999999968,
                -1.7881394509533521e-7
              ],
              "bodyEyeMisalignmentDeg": 46.85638341334719,
              "wingEyeMisalignmentDeg": 2.612396322011949
            },
            "R": {
              "body": [
                0.1599999964237213,
                -0.019999999552965164,
                -1.9000000711268825
              ],
              "wing": [
                1.1200000047683716,
                -0.16545566916465768,
                1.1399999558925629
              ],
              "rodLength": 3.1912939544978,
              "direction": [
                0.3008184146792337,
                -0.045578899539953914,
                0.9525916466705969
              ],
              "eyeNormal": [
                -0.013725236365092267,
                -0.9989607419296952,
                -0.04346324849796158
              ],
              "bodyPinAxis": [
                -0.6652698574298351,
                0.6802985839310013,
                0.3075871478081639
              ],
              "wingPinAxis": [
                -1.1102230246251565e-16,
                1,
                -1.1102230246251565e-16
              ],
              "bodyEyeMisalignmentDeg": 46.85639010105631,
              "wingEyeMisalignmentDeg": 2.6123836214597764
            }
          }
        }
      ]
    },
    {
      "source": "assets/blender/xp4-source.glb",
      "sha256": "82ca7f6f9e98cb11737da6f1cb8b1507f71baf0ffcb57734b9beb7bb23e70126",
      "sampleCount": 1001,
      "strokeMonotonicSamples": 10001,
      "maxBackwardStep": 0,
      "minForwardStep": 0.000028790004480416798,
      "maxLengthError": 6.707434963004744e-8,
      "maxEndpointError": 6.70743497101786e-8,
      "maxSymmetryError": 1.5638075412383046e-7,
      "maxMotorEffect": 0,
      "maxRevisitError": 0,
      "sliderRange": [
        -1.9000000711268825,
        -1.0224659442901611
      ],
      "ranges": {
        "L": {
          "length": 3.1912941201440748,
          "rodDirectionAngularRangeDeg": 9.542832646926673,
          "bodyEyeMisalignmentDeg": [
            1.1899228987099142,
            47.075690105353424
          ],
          "wingEyeMisalignmentDeg": [
            2.612396322011949,
            39.204341034951135
          ],
          "wingAnchorBox": [
            [
              -1.4454557214002048,
              -1.05476024016195
            ],
            [
              -0.5955436029316543,
              -0.16545566201211995
            ],
            [
              1.1399999985913531,
              1.850000180222612
            ]
          ]
        },
        "R": {
          "length": 3.1912939544978,
          "rodDirectionAngularRangeDeg": 9.542832266539376,
          "bodyEyeMisalignmentDeg": [
            1.189926213378427,
            47.07567038912701
          ],
          "wingEyeMisalignmentDeg": [
            2.6123836214597764,
            39.204340813724166
          ],
          "wingAnchorBox": [
            [
              1.0547602696684668,
              1.4454556703567505
            ],
            [
              -0.5955435610346327,
              -0.16545566916465768
            ],
            [
              1.1399999558925629,
              1.850000023841858
            ]
          ]
        }
      },
      "linkageMeshes": [
        "BraceBall_L_Body",
        "BraceBall_R_Body",
        "BraceBallPin_L_Body",
        "BraceBallPin_R_Body",
        "BraceBodyCarriage_L",
        "BraceBodyCarriage_R",
        "ActuatorSideSlot_L",
        "ActuatorSideSlot_R",
        "BraceBall_L_Wing",
        "BraceBallPin_L_Wing",
        "BraceWingSeat_L",
        "BraceRod_mesh_L",
        "BraceRodEye_L_Body",
        "BraceRodEye_L_Root",
        "BraceRodEyeNeck_L_Body",
        "BraceRodEyeNeck_L_Root",
        "BraceRodFerrule_L_Body",
        "BraceRodFerrule_L_Root",
        "BraceBall_R_Wing",
        "BraceBallPin_R_Wing",
        "BraceWingSeat_R",
        "BraceRod_mesh_R",
        "BraceRodEye_R_Body",
        "BraceRodEye_R_Root",
        "BraceRodEyeNeck_R_Body",
        "BraceRodEyeNeck_R_Root",
        "BraceRodFerrule_R_Body",
        "BraceRodFerrule_R_Root"
      ],
      "selectedStates": [
        {
          "unfold": 0,
          "slider": [
            0,
            -0.019999999552965164,
            -1.0224659442901611
          ],
          "sides": {
            "L": {
              "body": [
                -0.1599999964237213,
                -0.019999999552965164,
                -1.0224659442901611
              ],
              "wing": [
                -1.4454557214002048,
                -0.5500000975887092,
                1.850000180222612
              ],
              "rodLength": 3.1912941201440748,
              "direction": [
                -0.40280076877353127,
                -0.16607685725056784,
                0.9000944495780577
              ],
              "eyeNormal": [
                -0.9152876819204716,
                0.07308762156874477,
                -0.39611445176624605
              ],
              "bodyPinAxis": [
                0.6652698625747056,
                0.6802985821470204,
                0.30758714062617454
              ],
              "wingPinAxis": [
                0.9999999999999201,
                -3.5762784023061336e-7,
                1.7881392366801972e-7
              ],
              "bodyEyeMisalignmentDeg": 47.075690105353424,
              "wingEyeMisalignmentDeg": 23.753371430236104
            },
            "R": {
              "body": [
                0.1599999964237213,
                -0.019999999552965164,
                -1.0224659442901611
              ],
              "wing": [
                1.4454556703567505,
                -0.5500000715255737,
                1.850000023841858
              ],
              "rodLength": 3.1912939544978,
              "direction": [
                0.4028007736865831,
                -0.16607685770395048,
                0.9000944472957667
              ],
              "eyeNormal": [
                0.9152876797583861,
                0.07308727982905511,
                -0.3961145198168068
              ],
              "bodyPinAxis": [
                -0.6652698625747056,
                0.6802985821470204,
                0.30758714062617454
              ],
              "wingPinAxis": [
                -1,
                0,
                0
              ],
              "bodyEyeMisalignmentDeg": 47.07567038912701,
              "wingEyeMisalignmentDeg": 23.753385530971713
            }
          }
        },
        {
          "unfold": 0.25,
          "slider": [
            0,
            -0.019999999552965164,
            -1.253513584650682
          ],
          "sides": {
            "L": {
              "body": [
                -0.1599999964237213,
                -0.019999999552965164,
                -1.253513584650682
              ],
              "wing": [
                -1.2431351178453283,
                -0.5950706878422504,
                1.6927501669212768
              ],
              "rodLength": 3.1912941201440748,
              "direction": [
                -0.3394031025909812,
                -0.18019984021784938,
                0.9232191243345631
              ],
              "eyeNormal": [
                -0.8815976120393775,
                -0.2813128136711293,
                -0.37901022586587274
              ],
              "bodyPinAxis": [
                0.6652698625747056,
                0.6802985821470204,
                0.30758714062617454
              ],
              "wingPinAxis": [
                0.9106837600421278,
                0.33333296791104633,
                -0.24401684716253869
              ],
              "bodyEyeMisalignmentDeg": 26.561398176361827,
              "wingEyeMisalignmentDeg": 36.47246911263804
            },
            "R": {
              "body": [
                0.1599999964237213,
                -0.019999999552965164,
                -1.253513584650682
              ],
              "wing": [
                1.2431351017291576,
                -0.5950706451106813,
                1.6927500287993726
              ],
              "rodLength": 3.1912939544978,
              "direction": [
                0.33940311250338495,
                -0.18019983477184057,
                0.9232191217534526
              ],
              "eyeNormal": [
                0.8815974479933657,
                -0.2813132756021938,
                -0.3790102645859994
              ],
              "bodyPinAxis": [
                -0.6652698625747056,
                0.6802985821470204,
                0.30758714062617454
              ],
              "wingPinAxis": [
                -0.9106836025229592,
                0.3333333333333334,
                -0.24401693585629247
              ],
              "bodyEyeMisalignmentDeg": 26.561370368027166,
              "wingEyeMisalignmentDeg": 36.472476298435815
            }
          }
        },
        {
          "unfold": 0.5,
          "slider": [
            0,
            -0.019999999552965164,
            -1.5214701809639006
          ],
          "sides": {
            "L": {
              "body": [
                -0.1599999964237213,
                -0.019999999552965164,
                -1.5214701809639006
              ],
              "wing": [
                -1.1003037455048954,
                -0.5303038677480694,
                1.485151974486663
              ],
              "rodLength": 3.1912941201440748,
              "direction": [
                -0.2946465361023435,
                -0.1599049958805749,
                0.9421325867707389
              ],
              "eyeNormal": [
                -0.6161468043632886,
                -0.7218088048791044,
                -0.3152065428761059
              ],
              "bodyPinAxis": [
                0.6652698625747056,
                0.6802985821470204,
                0.30758714062617454
              ],
              "wingPinAxis": [
                0.6666669249534258,
                0.6666663885115975,
                -0.3333333730697351
              ],
              "bodyEyeMisalignmentDeg": 3.7112876301185076,
              "wingEyeMisalignmentDeg": 38.10311221693768
            },
            "R": {
              "body": [
                0.1599999964237213,
                -0.019999999552965164,
                -1.5214701809639006
              ],
              "wing": [
                1.100303759177526,
                -0.530303825934728,
                1.4851518670717876
              ],
              "rodLength": 3.1912939544978,
              "direction": [
                0.2946465499755952,
                -0.15990498798216485,
                0.9421325837725297
              ],
              "eyeNormal": [
                0.616146449420255,
                -0.7218091304507301,
                -0.31520649115266325
              ],
              "bodyPinAxis": [
                -0.6652698625747056,
                0.6802985821470204,
                0.30758714062617454
              ],
              "wingPinAxis": [
                -0.6666666666666669,
                0.6666666666666666,
                -0.3333333333333333
              ],
              "bodyEyeMisalignmentDeg": 3.7113146775328496,
              "wingEyeMisalignmentDeg": 38.10310740567081
            }
          }
        },
        {
          "unfold": 0.75,
          "slider": [
            0,
            -0.019999999552965164,
            -1.7599089073757308
          ],
          "sides": {
            "L": {
              "body": [
                -0.1599999964237213,
                -0.019999999552965164,
                -1.7599089073757308
              ],
              "wing": [
                -1.0552331552513543,
                -0.3730538544467338,
                1.2828313709317862
              ],
              "rodLength": 3.1912941201440748,
              "direction": [
                -0.28052355548959024,
                -0.11063031086092161,
                0.9534502971494081
              ],
              "eyeNormal": [
                -0.23617801652261916,
                -0.9548398693941221,
                -0.18027969471589825
              ],
              "bodyPinAxis": [
                0.6652698625747056,
                0.6802985821470204,
                0.30758714062617454
              ],
              "wingPinAxis": [
                0.33333359409086,
                0.9106834687690675,
                -0.2440170788309883
              ],
              "bodyEyeMisalignmentDeg": 30.44114661830459,
              "wingEyeMisalignmentDeg": 25.27195452364645
            },
            "R": {
              "body": [
                0.1599999964237213,
                -0.019999999552965164,
                -1.7599089073757308
              ],
              "wing": [
                1.0552331855924182,
                -0.37305383089224275,
                1.2828312984441945
              ],
              "rodLength": 3.1912939544978,
              "direction": [
                0.28052357055317667,
                -0.11063030567124135,
                0.9534502933195755
              ],
              "eyeNormal": [
                0.23617775756164633,
                -0.9548399462885132,
                -0.1802796267050204
              ],
              "bodyPinAxis": [
                -0.6652698625747056,
                0.6802985821470204,
                0.30758714062617454
              ],
              "wingPinAxis": [
                -0.3333333333333334,
                0.9106836025229591,
                -0.24401693585629253
              ],
              "bodyEyeMisalignmentDeg": 30.44116255076954,
              "wingEyeMisalignmentDeg": 25.271942148824806
            }
          }
        },
        {
          "unfold": 1,
          "slider": [
            0,
            -0.019999999552965164,
            -1.9000000711268825
          ],
          "sides": {
            "L": {
              "body": [
                -0.1599999964237213,
                -0.019999999552965164,
                -1.9000000711268825
              ],
              "wing": [
                -1.1199999753455352,
                -0.16545566201211995,
                1.1399999985913531
              ],
              "rodLength": 3.1912941201440748,
              "direction": [
                -0.30081840249048314,
                -0.04557889684883162,
                0.9525916506484386
              ],
              "eyeNormal": [
                0.013725123629140856,
                -0.9989607420524742,
                -0.043463281276668875
              ],
              "bodyPinAxis": [
                0.6652698625747056,
                0.6802985821470204,
                0.30758714062617454
              ],
              "wingPinAxis": [
                1.7881395575347625e-7,
                0.999999999999968,
                -1.7881394509533521e-7
              ],
              "bodyEyeMisalignmentDeg": 46.85638358334738,
              "wingEyeMisalignmentDeg": 2.612396322011949
            },
            "R": {
              "body": [
                0.1599999964237213,
                -0.019999999552965164,
                -1.9000000711268825
              ],
              "wing": [
                1.1200000047683716,
                -0.16545566916465768,
                1.1399999558925629
              ],
              "rodLength": 3.1912939544978,
              "direction": [
                0.3008184146792337,
                -0.045578899539953914,
                0.9525916466705969
              ],
              "eyeNormal": [
                -0.013725236365092267,
                -0.9989607419296952,
                -0.04346324849796158
              ],
              "bodyPinAxis": [
                -0.6652698625747056,
                0.6802985821470204,
                0.30758714062617454
              ],
              "wingPinAxis": [
                -1.1102230246251565e-16,
                1,
                -1.1102230246251565e-16
              ],
              "bodyEyeMisalignmentDeg": 46.85639027105654,
              "wingEyeMisalignmentDeg": 2.6123836214597764
            }
          }
        }
      ]
    }
  ],
  "comparisons": [
    {
      "a": "public/models/xp4.glb",
      "b": "assets/blender/xp4-source.glb",
      "maxAnchorDeviation": 0,
      "maxRodLengthDeviation": 0
    }
  ],
  "impossibleFixedLengthRejected": true,
  "limitations": [
    "1001 actual poses, fixed-length rods and common-slider closure; not manufacturing/strength certification",
    "Established production 1e-6 rod-end closure/left-right threshold preserved (baseline Float32 asymmetry already 3.34e-7); collision SAT remains separately 1e-9",
    "All rod-end spheres still require articulation because off-axis wing anchor changes both position and rod direction",
    "No real browser/mobile/device testing; native solver and assets only"
  ]
}
