{
  "passed": true,
  "source": "assets/blender/xp4-source.glb",
  "sha256": "801b02ca6b12c326a04e0a1fe7741a99f168c629384ae836f490f7779428570e",
  "baselineSha256": "80ce0d237f5266077b5c34f4fc63e062a01d47c682be252eeedcf1cbb4f9f085",
  "referenceArtifact": {
    "path": "qa/reference/source-protected-surfaces.json",
    "sha256": "6234bf10e2401339ab1dcd3d242a3ae98a7d33f39e9cd1b5609460f172bf7d0a"
  },
  "domain": {
    "minimumAbsX": 0.074,
    "maximumAbsX": 0.3,
    "longitudinalY": [
      0.76416,
      2.1
    ],
    "verticalZ": [
      -0.2,
      0.22
    ],
    "reviewStatus": "预检采用最初实际中央底板保护界限 .074；.092仅是外环参数门槛"
  },
  "rows": [
    {
      "name": "Fuselage",
      "domains": [
        {
          "minimumAbsX": 0.074,
          "maximumAbsX": 0.3,
          "longitudinalY": [
            0.76416,
            2.1
          ],
          "verticalZ": [
            -0.2,
            0.22
          ],
          "reviewStatus": "预检采用最初实际中央底板保护界限 .074；.092仅是外环参数门槛"
        },
        {
          "minimumAbsX": 0.2234,
          "maximumAbsX": 0.6201,
          "longitudinalY": [
            -2.0023,
            -0.7299
          ],
          "verticalZ": [
            -0.27,
            0.1322
          ],
          "reviewStatus": "Finite full-triangle support of the authorized central saddle deformation, fixed before final acceptance; separate from the unchanged old ventral-slot domain."
        }
      ],
      "outsideOriginalVertices": 4068,
      "preservedOutsideOriginalVertices": 4068,
      "newOutsideSubdivisionVertices": 53,
      "unchangedOutsideOrientedTriangles": false,
      "maximumOutsideSurfaceDifference": 6.5242145712920045e-9,
      "outsideSurfaceSamples": 1680,
      "worstOutsideSamples": [
        {
          "point": [
            0.06656365096569061,
            -0.028792623430490494,
            -1.1624326705932617
          ],
          "direction": "after-to-before",
          "distance": 6.5242145712920045e-9
        },
        {
          "point": [
            0.06656365096569061,
            -0.028792623430490494,
            -1.1624326705932617
          ],
          "direction": "after-to-before",
          "distance": 6.5242145712920045e-9
        },
        {
          "point": [
            0.06656365096569061,
            -0.028792623430490494,
            -1.1624326705932617
          ],
          "direction": "after-to-before",
          "distance": 6.5242145712920045e-9
        },
        {
          "point": [
            0.06656365096569061,
            -0.028792623430490494,
            -1.1624326705932617
          ],
          "direction": "after-to-before",
          "distance": 6.5242145712920045e-9
        },
        {
          "point": [
            -0.07282842695713043,
            -0.029127582907676697,
            -1.2102910280227661
          ],
          "direction": "after-to-before",
          "distance": 5.451936955640828e-9
        },
        {
          "point": [
            -0.07282842695713043,
            -0.029127582907676697,
            -1.2102910280227661
          ],
          "direction": "after-to-before",
          "distance": 5.451936955640828e-9
        },
        {
          "point": [
            -0.07282842695713043,
            -0.029127582907676697,
            -1.2102910280227661
          ],
          "direction": "after-to-before",
          "distance": 5.451936955640828e-9
        },
        {
          "point": [
            0.07282842695713043,
            -0.029127582907676697,
            -1.2102910280227661
          ],
          "direction": "after-to-before",
          "distance": 5.451936955640828e-9
        }
      ],
      "fullPatchCoverage": {
        "passed": true,
        "epsilon": 0.000001,
        "beforeToAfter": {
          "passed": true,
          "epsilon": 0.000001,
          "method": "Closed domain clipping; convex target-triangle neighborhood certificates over full polygon partitions",
          "stats": {
            "sourceTriangles": 6019,
            "protectedPatches": 397,
            "targetTriangleCandidates": 8467,
            "convexCertificates": 2088,
            "certificateVertices": 5413,
            "wholeFragmentRescanCertificates": 44,
            "coveragePasses": 397,
            "largestResidualSet": 12,
            "failedPatches": 0
          },
          "failures": []
        },
        "afterToBefore": {
          "passed": true,
          "epsilon": 0.000001,
          "method": "Closed domain clipping; convex target-triangle neighborhood certificates over full polygon partitions",
          "stats": {
            "sourceTriangles": 8511,
            "protectedPatches": 562,
            "targetTriangleCandidates": 7632,
            "convexCertificates": 1750,
            "certificateVertices": 4092,
            "wholeFragmentRescanCertificates": 11,
            "coveragePasses": 562,
            "largestResidualSet": 13,
            "failedPatches": 0
          },
          "failures": []
        }
      },
      "beforeOutsideTriangles": 7591,
      "afterOutsideTriangles": 7646,
      "beforeHash": "7bc25058ac39f31d3a2a2d26c806e83d2e05a227965c0a5b477b51eb5a5c2c08",
      "afterHash": "6d5581e9087cf4eb0d234657a9fb84505f60165051033c84d5c189db8abb7cd9",
      "passed": true
    },
    {
      "name": "ActuatorSideSlot_L",
      "domains": [
        {
          "minimumAbsX": 0.074,
          "maximumAbsX": 0.3,
          "longitudinalY": [
            0.76416,
            2.1
          ],
          "verticalZ": [
            -0.2,
            0.22
          ],
          "reviewStatus": "预检采用最初实际中央底板保护界限 .074；.092仅是外环参数门槛"
        }
      ],
      "outsideOriginalVertices": 0,
      "preservedOutsideOriginalVertices": 0,
      "newOutsideSubdivisionVertices": 0,
      "unchangedOutsideOrientedTriangles": true,
      "maximumOutsideSurfaceDifference": 0,
      "outsideSurfaceSamples": 0,
      "worstOutsideSamples": [],
      "fullPatchCoverage": {
        "passed": true,
        "epsilon": 0.000001,
        "beforeToAfter": {
          "passed": true,
          "epsilon": 0.000001,
          "method": "Closed domain clipping; convex target-triangle neighborhood certificates over full polygon partitions",
          "stats": {
            "sourceTriangles": 40,
            "protectedPatches": 0,
            "targetTriangleCandidates": 0,
            "convexCertificates": 0,
            "certificateVertices": 0,
            "wholeFragmentRescanCertificates": 0,
            "coveragePasses": 0,
            "largestResidualSet": 0,
            "failedPatches": 0
          },
          "failures": []
        },
        "afterToBefore": {
          "passed": true,
          "epsilon": 0.000001,
          "method": "Closed domain clipping; convex target-triangle neighborhood certificates over full polygon partitions",
          "stats": {
            "sourceTriangles": 56,
            "protectedPatches": 0,
            "targetTriangleCandidates": 0,
            "convexCertificates": 0,
            "certificateVertices": 0,
            "wholeFragmentRescanCertificates": 0,
            "coveragePasses": 0,
            "largestResidualSet": 0,
            "failedPatches": 0
          },
          "failures": []
        }
      },
      "beforeOutsideTriangles": 0,
      "afterOutsideTriangles": 0,
      "beforeHash": "4f53cda18c2baa0c0354bb5f9a3ecbe5ed12ab4d8e11ba873c2f11161202b945",
      "afterHash": "4f53cda18c2baa0c0354bb5f9a3ecbe5ed12ab4d8e11ba873c2f11161202b945",
      "passed": true
    },
    {
      "name": "ActuatorSideSlot_R",
      "domains": [
        {
          "minimumAbsX": 0.074,
          "maximumAbsX": 0.3,
          "longitudinalY": [
            0.76416,
            2.1
          ],
          "verticalZ": [
            -0.2,
            0.22
          ],
          "reviewStatus": "预检采用最初实际中央底板保护界限 .074；.092仅是外环参数门槛"
        }
      ],
      "outsideOriginalVertices": 0,
      "preservedOutsideOriginalVertices": 0,
      "newOutsideSubdivisionVertices": 0,
      "unchangedOutsideOrientedTriangles": true,
      "maximumOutsideSurfaceDifference": 0,
      "outsideSurfaceSamples": 0,
      "worstOutsideSamples": [],
      "fullPatchCoverage": {
        "passed": true,
        "epsilon": 0.000001,
        "beforeToAfter": {
          "passed": true,
          "epsilon": 0.000001,
          "method": "Closed domain clipping; convex target-triangle neighborhood certificates over full polygon partitions",
          "stats": {
            "sourceTriangles": 46,
            "protectedPatches": 0,
            "targetTriangleCandidates": 0,
            "convexCertificates": 0,
            "certificateVertices": 0,
            "wholeFragmentRescanCertificates": 0,
            "coveragePasses": 0,
            "largestResidualSet": 0,
            "failedPatches": 0
          },
          "failures": []
        },
        "afterToBefore": {
          "passed": true,
          "epsilon": 0.000001,
          "method": "Closed domain clipping; convex target-triangle neighborhood certificates over full polygon partitions",
          "stats": {
            "sourceTriangles": 62,
            "protectedPatches": 0,
            "targetTriangleCandidates": 0,
            "convexCertificates": 0,
            "certificateVertices": 0,
            "wholeFragmentRescanCertificates": 0,
            "coveragePasses": 0,
            "largestResidualSet": 0,
            "failedPatches": 0
          },
          "failures": []
        }
      },
      "beforeOutsideTriangles": 0,
      "afterOutsideTriangles": 0,
      "beforeHash": "4f53cda18c2baa0c0354bb5f9a3ecbe5ed12ab4d8e11ba873c2f11161202b945",
      "afterHash": "4f53cda18c2baa0c0354bb5f9a3ecbe5ed12ab4d8e11ba873c2f11161202b945",
      "passed": true
    },
    {
      "name": "Lower_fuselage_join001",
      "domains": [
        {
          "minimumAbsX": 0.074,
          "maximumAbsX": 0.3,
          "longitudinalY": [
            0.76416,
            2.1
          ],
          "verticalZ": [
            -0.2,
            0.22
          ],
          "reviewStatus": "预检采用最初实际中央底板保护界限 .074；.092仅是外环参数门槛"
        }
      ],
      "outsideOriginalVertices": 0,
      "preservedOutsideOriginalVertices": 0,
      "newOutsideSubdivisionVertices": 0,
      "unchangedOutsideOrientedTriangles": true,
      "maximumOutsideSurfaceDifference": 0,
      "outsideSurfaceSamples": 0,
      "worstOutsideSamples": [],
      "fullPatchCoverage": {
        "passed": true,
        "epsilon": 0.000001,
        "beforeToAfter": {
          "passed": true,
          "epsilon": 0.000001,
          "method": "Closed domain clipping; convex target-triangle neighborhood certificates over full polygon partitions",
          "stats": {
            "sourceTriangles": 12,
            "protectedPatches": 0,
            "targetTriangleCandidates": 0,
            "convexCertificates": 0,
            "certificateVertices": 0,
            "wholeFragmentRescanCertificates": 0,
            "coveragePasses": 0,
            "largestResidualSet": 0,
            "failedPatches": 0
          },
          "failures": []
        },
        "afterToBefore": {
          "passed": true,
          "epsilon": 0.000001,
          "method": "Closed domain clipping; convex target-triangle neighborhood certificates over full polygon partitions",
          "stats": {
            "sourceTriangles": 84,
            "protectedPatches": 0,
            "targetTriangleCandidates": 0,
            "convexCertificates": 0,
            "certificateVertices": 0,
            "wholeFragmentRescanCertificates": 0,
            "coveragePasses": 0,
            "largestResidualSet": 0,
            "failedPatches": 0
          },
          "failures": []
        }
      },
      "beforeOutsideTriangles": 0,
      "afterOutsideTriangles": 0,
      "beforeHash": "4f53cda18c2baa0c0354bb5f9a3ecbe5ed12ab4d8e11ba873c2f11161202b945",
      "afterHash": "4f53cda18c2baa0c0354bb5f9a3ecbe5ed12ab4d8e11ba873c2f11161202b945",
      "passed": true
    },
    {
      "name": "Lower_fuselage_join003",
      "domains": [
        {
          "minimumAbsX": 0.074,
          "maximumAbsX": 0.3,
          "longitudinalY": [
            0.76416,
            2.1
          ],
          "verticalZ": [
            -0.2,
            0.22
          ],
          "reviewStatus": "预检采用最初实际中央底板保护界限 .074；.092仅是外环参数门槛"
        }
      ],
      "outsideOriginalVertices": 0,
      "preservedOutsideOriginalVertices": 0,
      "newOutsideSubdivisionVertices": 0,
      "unchangedOutsideOrientedTriangles": true,
      "maximumOutsideSurfaceDifference": 0,
      "outsideSurfaceSamples": 0,
      "worstOutsideSamples": [],
      "fullPatchCoverage": {
        "passed": true,
        "epsilon": 0.000001,
        "beforeToAfter": {
          "passed": true,
          "epsilon": 0.000001,
          "method": "Closed domain clipping; convex target-triangle neighborhood certificates over full polygon partitions",
          "stats": {
            "sourceTriangles": 12,
            "protectedPatches": 0,
            "targetTriangleCandidates": 0,
            "convexCertificates": 0,
            "certificateVertices": 0,
            "wholeFragmentRescanCertificates": 0,
            "coveragePasses": 0,
            "largestResidualSet": 0,
            "failedPatches": 0
          },
          "failures": []
        },
        "afterToBefore": {
          "passed": true,
          "epsilon": 0.000001,
          "method": "Closed domain clipping; convex target-triangle neighborhood certificates over full polygon partitions",
          "stats": {
            "sourceTriangles": 84,
            "protectedPatches": 0,
            "targetTriangleCandidates": 0,
            "convexCertificates": 0,
            "certificateVertices": 0,
            "wholeFragmentRescanCertificates": 0,
            "coveragePasses": 0,
            "largestResidualSet": 0,
            "failedPatches": 0
          },
          "failures": []
        }
      },
      "beforeOutsideTriangles": 0,
      "afterOutsideTriangles": 0,
      "beforeHash": "4f53cda18c2baa0c0354bb5f9a3ecbe5ed12ab4d8e11ba873c2f11161202b945",
      "afterHash": "4f53cda18c2baa0c0354bb5f9a3ecbe5ed12ab4d8e11ba873c2f11161202b945",
      "passed": true
    },
    {
      "name": "Lower_fuselage_join",
      "domains": [
        {
          "minimumAbsX": 0.074,
          "maximumAbsX": 0.3,
          "longitudinalY": [
            0.76416,
            2.1
          ],
          "verticalZ": [
            -0.2,
            0.22
          ],
          "reviewStatus": "预检采用最初实际中央底板保护界限 .074；.092仅是外环参数门槛"
        },
        {
          "minimumAbsX": 0.3954,
          "maximumAbsX": 0.4609,
          "longitudinalY": [
            -1.3403,
            -0.567
          ],
          "verticalZ": [
            -0.0965,
            -0.045
          ]
        }
      ],
      "outsideOriginalVertices": 8,
      "preservedOutsideOriginalVertices": 8,
      "newOutsideSubdivisionVertices": 8,
      "unchangedOutsideOrientedTriangles": false,
      "maximumOutsideSurfaceDifference": 4.96032240002604e-9,
      "outsideSurfaceSamples": 92,
      "worstOutsideSamples": [
        {
          "point": [
            -0.22340530157089233,
            -0.021443810313940048,
            -0.7641599774360657
          ],
          "direction": "after-to-before",
          "distance": 4.96032240002604e-9
        },
        {
          "point": [
            -0.22340530157089233,
            -0.021443810313940048,
            -0.7641599774360657
          ],
          "direction": "after-to-before",
          "distance": 4.96032240002604e-9
        },
        {
          "point": [
            -0.22340530157089233,
            -0.021443810313940048,
            -0.7641599774360657
          ],
          "direction": "after-to-before",
          "distance": 4.96032240002604e-9
        },
        {
          "point": [
            -0.22340530157089233,
            -0.021443810313940048,
            -0.7641599774360657
          ],
          "direction": "after-to-before",
          "distance": 4.96032240002604e-9
        },
        {
          "point": [
            -0.22340530157089233,
            -0.021443810313940048,
            -0.7641599774360657
          ],
          "direction": "after-to-before",
          "distance": 4.96032240002604e-9
        },
        {
          "point": [
            -0.22037799656391144,
            -0.018424537032842636,
            -0.7641599774360657
          ],
          "direction": "after-to-before",
          "distance": 4.195962752565564e-9
        },
        {
          "point": [
            -0.22037799656391144,
            -0.018424537032842636,
            -0.7641599774360657
          ],
          "direction": "after-to-before",
          "distance": 4.195962752565564e-9
        },
        {
          "point": [
            -0.22037799656391144,
            -0.018424537032842636,
            -0.7641599774360657
          ],
          "direction": "after-to-before",
          "distance": 4.195962752565564e-9
        }
      ],
      "fullPatchCoverage": {
        "passed": true,
        "epsilon": 0.000001,
        "beforeToAfter": {
          "passed": true,
          "epsilon": 0.000001,
          "method": "Closed domain clipping; convex target-triangle neighborhood certificates over full polygon partitions",
          "stats": {
            "sourceTriangles": 24,
            "protectedPatches": 8,
            "targetTriangleCandidates": 199,
            "convexCertificates": 100,
            "certificateVertices": 256,
            "wholeFragmentRescanCertificates": 0,
            "coveragePasses": 8,
            "largestResidualSet": 9,
            "failedPatches": 0
          },
          "failures": []
        },
        "afterToBefore": {
          "passed": true,
          "epsilon": 0.000001,
          "method": "Closed domain clipping; convex target-triangle neighborhood certificates over full polygon partitions",
          "stats": {
            "sourceTriangles": 2664,
            "protectedPatches": 28,
            "targetTriangleCandidates": 239,
            "convexCertificates": 111,
            "certificateVertices": 276,
            "wholeFragmentRescanCertificates": 0,
            "coveragePasses": 28,
            "largestResidualSet": 6,
            "failedPatches": 0
          },
          "failures": []
        }
      },
      "beforeOutsideTriangles": 8,
      "afterOutsideTriangles": 20,
      "beforeHash": "abf5227a6b16a0355b2b919906e4d3cd3c8ab9e4f4e2e2191b097ac864fde19b",
      "afterHash": "4bd60b2bf036be9fe9e56c071acb526813ed8b8ed66e263b8ecb5d262faf6967",
      "passed": true
    },
    {
      "name": "Lower_fuselage_join002",
      "domains": [
        {
          "minimumAbsX": 0.074,
          "maximumAbsX": 0.3,
          "longitudinalY": [
            0.76416,
            2.1
          ],
          "verticalZ": [
            -0.2,
            0.22
          ],
          "reviewStatus": "预检采用最初实际中央底板保护界限 .074；.092仅是外环参数门槛"
        },
        {
          "minimumAbsX": 0.3954,
          "maximumAbsX": 0.4609,
          "longitudinalY": [
            -1.3403,
            -0.567
          ],
          "verticalZ": [
            -0.0965,
            -0.045
          ]
        }
      ],
      "outsideOriginalVertices": 8,
      "preservedOutsideOriginalVertices": 8,
      "newOutsideSubdivisionVertices": 8,
      "unchangedOutsideOrientedTriangles": false,
      "maximumOutsideSurfaceDifference": 5.613230828207377e-9,
      "outsideSurfaceSamples": 92,
      "worstOutsideSamples": [
        {
          "point": [
            0.22076863050460815,
            -0.018814248964190483,
            -0.7641599774360657
          ],
          "direction": "after-to-before",
          "distance": 5.613230828207377e-9
        },
        {
          "point": [
            0.22076863050460815,
            -0.018814248964190483,
            -0.7641599774360657
          ],
          "direction": "after-to-before",
          "distance": 5.613230828207377e-9
        },
        {
          "point": [
            0.22076863050460815,
            -0.018814248964190483,
            -0.7641599774360657
          ],
          "direction": "after-to-before",
          "distance": 5.613230828207377e-9
        },
        {
          "point": [
            0.22076863050460815,
            -0.018814248964190483,
            -0.7641599774360657
          ],
          "direction": "after-to-before",
          "distance": 5.613230828207377e-9
        },
        {
          "point": [
            0.22076863050460815,
            -0.018814248964190483,
            -0.7641599774360657
          ],
          "direction": "after-to-before",
          "distance": 5.613230828207377e-9
        },
        {
          "point": [
            0.22076863050460815,
            -0.018814248964190483,
            -0.7641599774360657
          ],
          "direction": "after-to-before",
          "distance": 5.613230828207377e-9
        },
        {
          "point": [
            0.22340530157089233,
            -0.021443810313940048,
            -0.7641599774360657
          ],
          "direction": "after-to-before",
          "distance": 4.959363978519636e-9
        },
        {
          "point": [
            0.22340530157089233,
            -0.021443810313940048,
            -0.7641599774360657
          ],
          "direction": "after-to-before",
          "distance": 4.959363978519636e-9
        }
      ],
      "fullPatchCoverage": {
        "passed": true,
        "epsilon": 0.000001,
        "beforeToAfter": {
          "passed": true,
          "epsilon": 0.000001,
          "method": "Closed domain clipping; convex target-triangle neighborhood certificates over full polygon partitions",
          "stats": {
            "sourceTriangles": 24,
            "protectedPatches": 8,
            "targetTriangleCandidates": 198,
            "convexCertificates": 85,
            "certificateVertices": 240,
            "wholeFragmentRescanCertificates": 0,
            "coveragePasses": 8,
            "largestResidualSet": 6,
            "failedPatches": 0
          },
          "failures": []
        },
        "afterToBefore": {
          "passed": true,
          "epsilon": 0.000001,
          "method": "Closed domain clipping; convex target-triangle neighborhood certificates over full polygon partitions",
          "stats": {
            "sourceTriangles": 2664,
            "protectedPatches": 28,
            "targetTriangleCandidates": 239,
            "convexCertificates": 110,
            "certificateVertices": 311,
            "wholeFragmentRescanCertificates": 0,
            "coveragePasses": 28,
            "largestResidualSet": 4,
            "failedPatches": 0
          },
          "failures": []
        }
      },
      "beforeOutsideTriangles": 8,
      "afterOutsideTriangles": 20,
      "beforeHash": "d26bf81d9cba0c7ce4ce5eca5f0452b0f0d8483e28704f38cac8b4cc09969a0a",
      "afterHash": "aed812636ce12e246e2ef7094a63e873870d449bf1e1905f346166c0070d1dbf",
      "passed": true
    },
    {
      "name": "Tail_boom_join",
      "domains": [
        {
          "minimumAbsX": 0.074,
          "maximumAbsX": 0.3,
          "longitudinalY": [
            0.76416,
            2.1
          ],
          "verticalZ": [
            -0.2,
            0.22
          ],
          "reviewStatus": "预检采用最初实际中央底板保护界限 .074；.092仅是外环参数门槛"
        }
      ],
      "outsideOriginalVertices": 84,
      "preservedOutsideOriginalVertices": 84,
      "newOutsideSubdivisionVertices": 0,
      "unchangedOutsideOrientedTriangles": true,
      "maximumOutsideSurfaceDifference": 0,
      "outsideSurfaceSamples": 0,
      "worstOutsideSamples": [],
      "fullPatchCoverage": {
        "passed": true,
        "epsilon": 0.000001,
        "beforeToAfter": {
          "passed": true,
          "epsilon": 0.000001,
          "method": "Closed domain clipping; convex target-triangle neighborhood certificates over full polygon partitions",
          "stats": {
            "sourceTriangles": 80,
            "protectedPatches": 0,
            "targetTriangleCandidates": 0,
            "convexCertificates": 0,
            "certificateVertices": 0,
            "wholeFragmentRescanCertificates": 0,
            "coveragePasses": 0,
            "largestResidualSet": 0,
            "failedPatches": 0
          },
          "failures": []
        },
        "afterToBefore": {
          "passed": true,
          "epsilon": 0.000001,
          "method": "Closed domain clipping; convex target-triangle neighborhood certificates over full polygon partitions",
          "stats": {
            "sourceTriangles": 80,
            "protectedPatches": 0,
            "targetTriangleCandidates": 0,
            "convexCertificates": 0,
            "certificateVertices": 0,
            "wholeFragmentRescanCertificates": 0,
            "coveragePasses": 0,
            "largestResidualSet": 0,
            "failedPatches": 0
          },
          "failures": []
        }
      },
      "beforeOutsideTriangles": 148,
      "afterOutsideTriangles": 148,
      "beforeHash": "f8c52e26b5e48b27ba7056c52d484b87a16bd94acde42ac7d15a4f616856e70e",
      "afterHash": "f8c52e26b5e48b27ba7056c52d484b87a16bd94acde42ac7d15a4f616856e70e",
      "passed": true
    }
  ],
  "failures": []
}
