{
  "passed": true,
  "geometryChanges": [
    "ActuatorSideSlot_L",
    "ActuatorSideSlot_R",
    "BraceBodyCarriage_L",
    "BraceBodyCarriage_R",
    "Drive_FrontFoot_L",
    "Drive_FrontFoot_R",
    "Drive_FrontGuidePedestal_L",
    "Drive_FrontGuidePedestal_R",
    "Drive_FrontGuideSeat_L",
    "Drive_FrontGuideSeat_R",
    "Drive_FrontScrewBearing",
    "Drive_FrontScrewPedestal",
    "Drive_FrontTravelStop_L",
    "Drive_FrontTravelStop_R",
    "Drive_GuideBushing_L",
    "Drive_GuideBushing_R",
    "Drive_MotorFoot_L",
    "Drive_MotorFoot_R",
    "Drive_MotorGearboxAdapter",
    "Drive_MotorHousing",
    "Drive_NutCarriage",
    "Drive_NutInternalThread",
    "Drive_OutputWeb",
    "Drive_RearFoot_L",
    "Drive_RearFoot_R",
    "Drive_RearGuidePedestal_L",
    "Drive_RearGuidePedestal_R",
    "Drive_RearGuideSeat_L",
    "Drive_RearGuideSeat_R",
    "Drive_RearScrewBearing",
    "Drive_RearScrewPedestal",
    "Drive_RearTravelStop_L",
    "Drive_RearTravelStop_R",
    "Drive_ReductionHousing",
    "Fuselage",
    "Lower_fuselage_join",
    "Lower_fuselage_join001",
    "Lower_fuselage_join002",
    "Lower_fuselage_join003",
    "Tail_boom_join"
  ],
  "normalChanges": [],
  "transformChanges": [
    "BraceBodyCarriage_L",
    "BraceBodyCarriage_R",
    "Drive_Crossbeam",
    "Drive_FrontGuidePedestal_L",
    "Drive_FrontGuidePedestal_R",
    "Drive_FrontScrewPedestal",
    "Drive_FrontSupport",
    "Drive_GuideBridge_L",
    "Drive_GuideBridge_R",
    "Drive_GuideRail_L",
    "Drive_GuideRail_R",
    "Drive_MotorMount",
    "Drive_MotorRotor",
    "Drive_MotorSaddle_L",
    "Drive_MotorSaddle_R",
    "Drive_OutputWeb",
    "Drive_RearGuidePedestal_L",
    "Drive_RearGuidePedestal_R",
    "Drive_RearScrewPedestal",
    "Drive_RearSupport",
    "Drive_RingGear",
    "Drive_ScrewRotor"
  ],
  "addedNodes": [],
  "protected": 34,
  "animationChanges": [],
  "timelineChanges": [],
  "failures": []
}
