{
  passed: true,
  modelVersion: 24,
  runtimeSha256: '846185616204841c9939ea29b88827c9928c32232504571a5f7ab352fb455f6d',
  sourceSha256: '82ca7f6f9e98cb11737da6f1cb8b1507f71baf0ffcb57734b9beb7bb23e70126',
  reviewedContractSha256: 'b7a96cebc32dbc7ed7622e032e42da80b9bb5b4ee1b1d5f7f502e418207eaac0',
  layeredWingContractSha256: 'ed3dd660843d5e8ff61ea554c17217630dbf0b50524ce94c1647a65dc3d54e5c',
  supportContractSha256: '05ebaa25e8d45f6c785bf851245db07cc1882cdc6f1e9f6cbeeadca2497bb4d6',
  reviewedChanges: [
    'ActuatorSideSlot_L',
    'ActuatorSideSlot_R',
    'BraceBallPin_L_Wing',
    'BraceBallPin_R_Wing',
    'BraceBodyCarriage_L',
    'BraceBodyCarriage_R',
    'BraceRod_mesh_L',
    'BraceRod_mesh_R',
    'BraceWingSeat_L',
    'BraceWingSeat_R',
    'Composite_wing_L',
    'Composite_wing_R',
    'ControlFlexureFixed_L_Inboard',
    'ControlFlexureFixed_L_Outboard',
    'ControlFlexureFixed_R_Inboard',
    'ControlFlexureFixed_R_Outboard',
    'ControlFlexureMoving_L_Inboard',
    'ControlFlexureMoving_L_Outboard',
    'ControlFlexureMoving_R_Inboard',
    'ControlFlexureMoving_R_Outboard',
    'ControlHingeFixed_L_Inboard',
    'ControlHingeFixed_L_Outboard',
    'ControlHingeFixed_R_Inboard',
    'ControlHingeFixed_R_Outboard',
    'ControlHingeMoving_L_Inboard',
    'ControlHingeMoving_R_Inboard',
    'ControlHorn_L_Inboard',
    'ControlHorn_L_Outboard',
    'Cowl_boundary_L_Front',
    'Cowl_boundary_L_Rear',
    'Cowl_boundary_R_Front',
    'Cowl_boundary_R_Rear',
    'Drive_FrontFoot_L',
    'Drive_FrontFoot_R',
    'Drive_FrontGuidePedestal_L',
    'Drive_FrontGuidePedestal_R',
    'Drive_FrontGuideSeat_L',
    'Drive_FrontGuideSeat_R',
    'Drive_FrontScrewBearing',
    'Drive_FrontScrewPedestal',
    'Drive_FrontTravelStop_L',
    'Drive_FrontTravelStop_R',
    'Drive_GuideBushing_L',
    'Drive_GuideBushing_R',
    'Drive_MotorFoot_L',
    'Drive_MotorFoot_R',
    'Drive_MotorGearboxAdapter',
    'Drive_MotorHousing',
    'Drive_NutCarriage',
    'Drive_NutInternalThread',
    'Drive_OutputWeb',
    'Drive_RearFoot_L',
    'Drive_RearFoot_R',
    'Drive_RearGuidePedestal_L',
    'Drive_RearGuidePedestal_R',
    'Drive_RearGuideSeat_L',
    'Drive_RearGuideSeat_R',
    'Drive_RearScrewBearing',
    'Drive_RearScrewPedestal',
    'Drive_RearTravelStop_L',
    'Drive_RearTravelStop_R',
    'Drive_ReductionHousing',
    'Fixed_root_L',
    'Fixed_root_R',
    'Fixed_root_blue_L',
    'Fixed_root_blue_R',
    'Fuselage',
    'Landing_wear_tip_L_Front',
    'Landing_wear_tip_L_Rear',
    'Landing_wear_tip_R_Front',
    'Landing_wear_tip_R_Rear',
    'Lower_fuselage_join',
    'Lower_fuselage_join001',
    'Lower_fuselage_join002',
    'Lower_fuselage_join003',
    'MotorFrontBearing_L_Front',
    'MotorFrontBearing_L_Rear',
    'MotorFrontBearing_R_Front',
    'MotorFrontBearing_R_Rear',
    'Motor_cowl_L_Front',
    'Motor_cowl_L_Rear',
    'Motor_cowl_R_Front',
    'Motor_cowl_R_Rear',
    'Nacelle_L_Front',
    'Nacelle_L_Rear',
    'Nacelle_R_Front',
    'Nacelle_R_Rear',
    'Pod_U_access_panel_L_Front',
    'Pod_U_access_panel_L_Front001',
    'Pod_U_access_panel_L_Rear',
    'Pod_U_access_panel_L_Rear001',
    'Pod_U_access_panel_R_Front',
    'Pod_U_access_panel_R_Front001',
    'Pod_U_access_panel_R_Rear',
    'Pod_U_access_panel_R_Rear001',
    'Pod_mount_seam_L_Front',
    'Pod_mount_seam_L_Front001',
    'Pod_mount_seam_L_Rear',
    'Pod_mount_seam_L_Rear001',
    'Pod_mount_seam_R_Front',
    ... 22 more items
  ],
  sourceTransformChanges: [
    'BladeFold_L_Front_A',
    'BladeFold_L_Front_B',
    'BladeFold_L_Rear_A',
    'BladeFold_L_Rear_B',
    'BladeFold_R_Front_A',
    'BladeFold_R_Rear_B',
    'Blade_hinge_pin_L_Front_A',
    'Blade_hinge_pin_L_Front_B',
    'Blade_hinge_pin_L_Rear_A',
    'Blade_hinge_pin_L_Rear_B',
    'Blade_hinge_pin_R_Front_A',
    'Blade_hinge_pin_R_Rear_B',
    'BraceBallPin_L_Body',
    'BraceBallPin_L_Wing',
    'BraceBallPin_R_Body',
    'BraceBallPin_R_Wing',
    'BraceBall_L_Wing',
    'BraceBall_R_Wing',
    'BraceBodyCarriage_L',
    'BraceBodyCarriage_R',
    'BraceRodEyeNeck_L_Body',
    'BraceRodEyeNeck_L_Root',
    'BraceRodEyeNeck_R_Body',
    'BraceRodEyeNeck_R_Root',
    'BraceRodEye_L_Root',
    'BraceRodEye_R_Root',
    'BraceRodFerrule_L_Body',
    'BraceRodFerrule_L_Root',
    'BraceRodFerrule_R_Body',
    'BraceRodFerrule_R_Root',
    'BraceRod_L',
    'BraceRod_R',
    'BraceRod_mesh_L',
    'BraceRod_mesh_R',
    'BraceSpreader',
    'BraceWing_L',
    'BraceWing_R',
    'ControlAxisEnd_L_Inboard',
    'ControlAxisEnd_L_Outboard',
    'ControlAxisEnd_R_Inboard',
    'ControlAxisEnd_R_Outboard',
    'ControlAxisStart_L_Inboard',
    'ControlAxisStart_L_Outboard',
    'ControlAxisStart_R_Inboard',
    'ControlAxisStart_R_Outboard',
    'ControlPivot_L_Inboard',
    'ControlPivot_L_Outboard',
    'ControlPivot_R_Inboard',
    'ControlPivot_R_Outboard',
    'Drive_CouplingWitness',
    'Drive_Crossbeam',
    'Drive_FrontGuidePedestal_L',
    'Drive_FrontGuidePedestal_R',
    'Drive_FrontScrewPedestal',
    'Drive_FrontSupport',
    'Drive_GuideBridge_L',
    'Drive_GuideBridge_R',
    'Drive_GuideRail_L',
    'Drive_GuideRail_R',
    'Drive_LeadScrewCore',
    'Drive_MotorMount',
    'Drive_MotorRotor',
    'Drive_MotorRotorDisc',
    'Drive_MotorSaddle_L',
    'Drive_MotorSaddle_R',
    'Drive_MotorShaft',
    'Drive_MotorWitness',
    'Drive_OutputWeb',
    'Drive_PlanetCarrier',
    'Drive_PlanetPin_0',
    'Drive_PlanetPin_1',
    'Drive_PlanetPin_2',
    'Drive_PlanetRotor_0',
    'Drive_PlanetRotor_1',
    'Drive_PlanetRotor_2',
    'Drive_RearGuidePedestal_L',
    'Drive_RearGuidePedestal_R',
    'Drive_RearScrewPedestal',
    'Drive_RearSupport',
    'Drive_RingGear',
    'Drive_ScrewRotor',
    'MotorAxisEnd_L_Front',
    'MotorAxisEnd_L_Rear',
    'MotorAxisEnd_R_Front',
    'MotorAxisEnd_R_Rear',
    'MotorAxisStart_L_Front',
    'MotorAxisStart_L_Rear',
    'MotorAxisStart_R_Front',
    'MotorAxisStart_R_Rear',
    'Motor_spindle_L_Front',
    'Motor_spindle_L_Rear',
    'Motor_spindle_R_Front',
    'Motor_spindle_R_Rear',
    'Prop_L_Front',
    'Prop_L_Rear',
    'Prop_R_Front',
    'Prop_R_Rear',
    'RootAxisEnd_L',
    'RootAxisEnd_R',
    'RootAxisStart_L',
    ... 24 more items
  ],
  runtimeTransformChanges: [
    'BladeFold_L_Front_A',
    'BladeFold_L_Front_B',
    'BladeFold_L_Rear_A',
    'BladeFold_L_Rear_B',
    'BladeFold_R_Front_A',
    'BladeFold_R_Rear_B',
    'Blade_hinge_pin_L_Front_A',
    'Blade_hinge_pin_L_Front_B',
    'Blade_hinge_pin_L_Rear_A',
    'Blade_hinge_pin_L_Rear_B',
    'Blade_hinge_pin_R_Front_A',
    'Blade_hinge_pin_R_Rear_B',
    'BraceBallPin_L_Body',
    'BraceBallPin_L_Wing',
    'BraceBallPin_R_Body',
    'BraceBallPin_R_Wing',
    'BraceBall_L_Wing',
    'BraceBall_R_Wing',
    'BraceBodyCarriage_L',
    'BraceBodyCarriage_R',
    'BraceRodEyeNeck_L_Body',
    'BraceRodEyeNeck_L_Root',
    'BraceRodEyeNeck_R_Body',
    'BraceRodEyeNeck_R_Root',
    'BraceRodEye_L_Root',
    'BraceRodEye_R_Root',
    'BraceRodFerrule_L_Body',
    'BraceRodFerrule_L_Root',
    'BraceRodFerrule_R_Body',
    'BraceRodFerrule_R_Root',
    'BraceRod_L',
    'BraceRod_R',
    'BraceRod_mesh_L',
    'BraceRod_mesh_R',
    'BraceSpreader',
    'BraceWingSeat_L',
    'BraceWingSeat_R',
    'BraceWing_L',
    'BraceWing_R',
    'ControlAxisEnd_L_Inboard',
    'ControlAxisEnd_L_Outboard',
    'ControlAxisEnd_R_Inboard',
    'ControlAxisEnd_R_Outboard',
    'ControlAxisStart_L_Inboard',
    'ControlAxisStart_L_Outboard',
    'ControlAxisStart_R_Inboard',
    'ControlAxisStart_R_Outboard',
    'ControlPivot_L_Inboard',
    'ControlPivot_L_Outboard',
    'ControlPivot_R_Inboard',
    'ControlPivot_R_Outboard',
    'Cowl_boundary_L_Front',
    'Cowl_boundary_L_Rear',
    'Cowl_boundary_R_Front',
    'Cowl_boundary_R_Rear',
    'Drive_CouplingWitness',
    'Drive_Crossbeam',
    'Drive_FrontGuidePedestal_L',
    'Drive_FrontGuidePedestal_R',
    'Drive_FrontScrewPedestal',
    'Drive_FrontSupport',
    'Drive_GuideBridge_L',
    'Drive_GuideBridge_R',
    'Drive_GuideRail_L',
    'Drive_GuideRail_R',
    'Drive_LeadScrewCore',
    'Drive_MotorMount',
    'Drive_MotorRotor',
    'Drive_MotorRotorDisc',
    'Drive_MotorSaddle_L',
    'Drive_MotorSaddle_R',
    'Drive_MotorShaft',
    'Drive_MotorWitness',
    'Drive_OutputWeb',
    'Drive_PlanetCarrier',
    'Drive_PlanetPin_0',
    'Drive_PlanetPin_1',
    'Drive_PlanetPin_2',
    'Drive_PlanetRotor_0',
    'Drive_PlanetRotor_1',
    'Drive_PlanetRotor_2',
    'Drive_RearGuidePedestal_L',
    'Drive_RearGuidePedestal_R',
    'Drive_RearScrewPedestal',
    'Drive_RearSupport',
    'Drive_RingGear',
    'Drive_ScrewRotor',
    'Lower_fuselage_join',
    'Lower_fuselage_join001',
    'Lower_fuselage_join002',
    'Lower_fuselage_join003',
    'MotorAxisEnd_L_Front',
    'MotorAxisEnd_L_Rear',
    'MotorAxisEnd_R_Front',
    'MotorAxisEnd_R_Rear',
    'MotorAxisStart_L_Front',
    'MotorAxisStart_L_Rear',
    'MotorAxisStart_R_Front',
    'MotorAxisStart_R_Rear',
    'MotorFrontBearing_L_Front',
    ... 71 more items
  ],
  runtimeEncodingTransformChanges: [
    'BraceWingSeat_L',
    'BraceWingSeat_R',
    'Cowl_boundary_L_Front',
    'Cowl_boundary_L_Rear',
    'Cowl_boundary_R_Front',
    'Cowl_boundary_R_Rear',
    'Lower_fuselage_join',
    'Lower_fuselage_join001',
    'Lower_fuselage_join002',
    'Lower_fuselage_join003',
    'MotorFrontBearing_L_Front',
    'MotorFrontBearing_L_Rear',
    'MotorFrontBearing_R_Front',
    'MotorFrontBearing_R_Rear',
    'Nacelle_L_Front',
    'Nacelle_L_Rear',
    'Nacelle_R_Front',
    'Nacelle_R_Rear',
    'Pod_U_access_panel_L_Front',
    'Pod_U_access_panel_L_Front001',
    'Pod_U_access_panel_L_Rear',
    'Pod_U_access_panel_L_Rear001',
    'Pod_U_access_panel_R_Front',
    'Pod_U_access_panel_R_Front001',
    'Pod_U_access_panel_R_Rear',
    'Pod_U_access_panel_R_Rear001',
    'Pod_mount_seam_L_Front',
    'Pod_mount_seam_L_Front001',
    'Pod_mount_seam_L_Rear',
    'Pod_mount_seam_L_Rear001',
    'Pod_mount_seam_R_Front',
    'Pod_mount_seam_R_Front001',
    'Pod_mount_seam_R_Rear',
    'Pod_mount_seam_R_Rear001',
    'Pod_wing_saddle_L_Front',
    'Pod_wing_saddle_L_Rear',
    'Pod_wing_saddle_R_Front',
    'Pod_wing_saddle_R_Rear',
    'Tail_boom_join',
    'Wing_blue_angular_panel_L',
    'Wing_blue_angular_panel_R',
    'Wing_blue_leading_L',
    'Wing_blue_leading_R',
    'Wing_service_panel_L',
    'Wing_service_panel_L001',
    'Wing_service_panel_R',
    'Wing_service_panel_R001'
  ],
  acceptedLowerDriveHeightAndStraightOutputPreserved: true,
  hingeAndWingAnchorRelocationAuthorized: true,
  originalMaterialAreaThresholdsPreserved: true,
  allFitRadiusGapAndSamplingLimitsPreserved: true,
  changedFixedInterfaceIds: [
    'fixed:Drive_FrontTravelStop_L/Drive_GuideRail_L',
    'fixed:Drive_FrontTravelStop_R/Drive_GuideRail_R',
    'fixed:RootBearingFixed_L_Front/RootBearingHousing_L',
    'fixed:RootBearingHousing_L/RootBearingSeal_L_Front',
    'fixed:RootBearingFixed_L_Rear/RootBearingHousing_L',
    'fixed:RootBearingHousing_L/RootBearingSeal_L_Rear',
    'fixed:RootBearingHousing_L/RootFixedBearingPedestal_L',
    'fixed:RootBearingFixed_R_Front/RootBearingHousing_R',
    'fixed:RootBearingHousing_R/RootBearingSeal_R_Front',
    'fixed:RootBearingFixed_R_Rear/RootBearingHousing_R',
    'fixed:RootBearingHousing_R/RootBearingSeal_R_Rear',
    'fixed:RootBearingHousing_R/RootFixedBearingPedestal_R',
    'fixed:ControlFlexureFixed_L_Inboard/ControlHingeFixed_L_Inboard',
    'fixed:ControlFlexureFixed_L_Outboard/ControlHingeFixed_L_Outboard',
    'fixed:ControlFlexureFixed_R_Inboard/ControlHingeFixed_R_Inboard',
    'fixed:ControlFlexureFixed_R_Outboard/ControlHingeFixed_R_Outboard',
    'fixed:Landing_wear_tip_L_Front/Nacelle_L_Front',
    'fixed:Nacelle_L_Front/Pod_wing_saddle_L_Front',
    'fixed:Landing_wear_tip_L_Rear/Nacelle_L_Rear',
    'fixed:Nacelle_L_Rear/Pod_wing_saddle_L_Rear',
    'fixed:Landing_wear_tip_R_Front/Nacelle_R_Front',
    'fixed:Nacelle_R_Front/Pod_wing_saddle_R_Front',
    'fixed:Landing_wear_tip_R_Rear/Nacelle_R_Rear',
    'fixed:Nacelle_R_Rear/Pod_wing_saddle_R_Rear',
    'fixed:Fixed_root_L/RootFixedBearingPedestal_L',
    'fixed:RootFixedBearingPedestal_L/RootHingeShaft_L',
    'fixed:RootBearingFixed_L_Rear/RootFixedBearingPedestal_L',
    'fixed:RootBearingFixed_L_Front/RootBearingSeal_L_Front',
    'fixed:RootBearingFixed_L_Rear/RootBearingSeal_L_Rear',
    'fixed:RootHingeEndcap_L-0148/RootHingeShaft_L',
    'fixed:RootHingeEndcap_L0148/RootHingeShaft_L',
    'fixed:Composite_wing_L/RootCarrierBridge_L',
    'fixed:BraceWingSeat_L/Composite_wing_L',
    'fixed:BraceBallPin_L_Wing/BraceBall_L_Wing',
    'fixed:BraceBallPin_L_Wing/BraceWingSeat_L',
    'fixed:BraceRodEyeNeck_L_Root/BraceRodEye_L_Root',
    'fixed:BraceRodEyeNeck_L_Root/BraceRod_mesh_L',
    'fixed:BraceRodFerrule_L_Root/BraceRod_mesh_L',
    'fixed:Composite_wing_L/Nacelle_L_Front',
    'fixed:Motor_cowl_L_Front/Nacelle_L_Front',
    'fixed:MotorFrontBearing_L_Front/Motor_cowl_L_Front',
    'fixed:Composite_wing_L/Nacelle_L_Rear',
    'fixed:Motor_cowl_L_Rear/Nacelle_L_Rear',
    'fixed:MotorFrontBearing_L_Rear/Motor_cowl_L_Rear',
    'fixed:Fixed_root_R/RootFixedBearingPedestal_R',
    'fixed:RootFixedBearingPedestal_R/RootHingeShaft_R',
    'fixed:RootBearingFixed_R_Rear/RootFixedBearingPedestal_R',
    'fixed:RootBearingFixed_R_Front/RootBearingSeal_R_Front',
    'fixed:RootBearingFixed_R_Rear/RootBearingSeal_R_Rear',
    'fixed:RootHingeEndcap_R-0148/RootHingeShaft_R',
    'fixed:RootHingeEndcap_R0148/RootHingeShaft_R',
    'fixed:Composite_wing_R/RootCarrierBridge_R',
    'fixed:BraceWingSeat_R/Composite_wing_R',
    'fixed:BraceBallPin_R_Wing/BraceBall_R_Wing',
    'fixed:BraceBallPin_R_Wing/BraceWingSeat_R',
    'fixed:BraceRodEyeNeck_R_Root/BraceRodEye_R_Root',
    'fixed:BraceRodEyeNeck_R_Root/BraceRod_mesh_R',
    'fixed:BraceRodFerrule_R_Root/BraceRod_mesh_R',
    'fixed:Composite_wing_R/Nacelle_R_Front',
    'fixed:Motor_cowl_R_Front/Nacelle_R_Front',
    'fixed:MotorFrontBearing_R_Front/Motor_cowl_R_Front',
    'fixed:Composite_wing_R/Nacelle_R_Rear',
    'fixed:Motor_cowl_R_Rear/Nacelle_R_Rear',
    'fixed:MotorFrontBearing_R_Rear/Motor_cowl_R_Rear',
    'fixed:Composite_wing_L/ControlFlexureFixed_L_Inboard',
    'fixed:Composite_wing_R/ControlFlexureFixed_R_Inboard',
    'fixed:Composite_wing_L/ControlFlexureFixed_L_Outboard',
    'fixed:Composite_wing_R/ControlFlexureFixed_R_Outboard',
    'fixed:BraceBallPin_L_Wing/Composite_wing_L',
    'fixed:RootBearingSeal_L_Rear/RootFixedBearingPedestal_L',
    'fixed:BraceRodEyeNeck_L_Root/BraceRodFerrule_L_Root',
    'fixed:BraceBallPin_R_Wing/Composite_wing_R',
    'fixed:RootBearingSeal_R_Rear/RootFixedBearingPedestal_R',
    'fixed:BraceRodEyeNeck_R_Root/BraceRodFerrule_R_Root',
    'fixed:RootFairingFixed_L/RootFixedBearingPedestal_L',
    'fixed:RootCarrierBridge_L/RootFairingMoving_L',
    'fixed:RootFairingFixed_R/RootFixedBearingPedestal_R',
    'fixed:RootCarrierBridge_R/RootFairingMoving_R'
  ],
  relocatedFitCenters: [
    'root-carrier:L',
    'spherical:L:Root',
    'root-carrier:R',
    'spherical:R:Root'
  ],
  retiredFixedMaterialInterfaceIds: [
    'fixed:Composite_wing_L/RootFairingMoving_L',
    'fixed:Composite_wing_R/RootFairingMoving_R',
    'fixed:Fixed_root_L/RootFairingFixed_L',
    'fixed:Fixed_root_R/RootFairingFixed_R'
  ],
  newNonSupportingClearanceIds: [
    'clearance:fairing:L:Fixed',
    'clearance:fairing:L:Moving',
    'clearance:fairing:R:Fixed',
    'clearance:fairing:R:Moving'
  ],
  requiredClearanceVerificationStage: 'fairing-clearance',
  replacementClearancesAddNoSupportEdges: true,
  actualClearanceNotEstablishedBySchema: true,
  exactSupportCoordinatePaddingPreserved: true,
  supportCoordinateChangeCount: 78,
  singleRegionUnionPaddingCount: 74,
  exactTranslatedMultiRegionCount: 4,
  previousSupportBoundsSha256: 'a880438f7cdcef2d5f5958b08e813683acff8a9afac84049e388f5089185337e',
  requiredSupportAcceptanceStage: 'support',
  supportMaterialAcceptanceEstablished: false,
  lowerDrivePhysicalLayoutPreserved: true,
  reviewedDescriptionChangeCount: 1,
  newCollisionExemptions: [],
  wingProfileAndSeamPreserved: false
}
