全周包络 0 / 521 候选接触 0 未分离桨盘 0
全周包络 20 / 521 候选接触 0 未分离桨盘 0
全周包络 40 / 521 候选接触 0 未分离桨盘 0
全周包络 60 / 521 候选接触 0 未分离桨盘 0
全周包络 80 / 521 候选接触 0 未分离桨盘 0
全周包络 100 / 521 候选接触 0 未分离桨盘 0
全周包络 120 / 521 候选接触 0 未分离桨盘 0
全周包络 140 / 521 候选接触 0 未分离桨盘 0
全周包络 160 / 521 候选接触 0 未分离桨盘 0
全周包络 180 / 521 候选接触 0 未分离桨盘 0
全周包络 200 / 521 候选接触 0 未分离桨盘 0
全周包络 220 / 521 候选接触 0 未分离桨盘 0
全周包络 240 / 521 候选接触 0 未分离桨盘 0
全周包络 260 / 521 候选接触 0 未分离桨盘 0
全周包络 280 / 521 候选接触 0 未分离桨盘 0
全周包络 300 / 521 候选接触 0 未分离桨盘 0
全周包络 320 / 521 候选接触 0 未分离桨盘 0
全周包络 340 / 521 候选接触 0 未分离桨盘 0
全周包络 360 / 521 候选接触 0 未分离桨盘 0
全周包络 380 / 521 候选接触 0 未分离桨盘 0
全周包络 400 / 521 候选接触 0 未分离桨盘 0
全周包络 420 / 521 候选接触 0 未分离桨盘 0
全周包络 440 / 521 候选接触 0 未分离桨盘 0
全周包络 460 / 521 候选接触 0 未分离桨盘 0
全周包络 480 / 521 候选接触 0 未分离桨盘 0
全周包络 500 / 521 候选接触 0 未分离桨盘 0
全周包络 520 / 521 候选接触 0 未分离桨盘 0
{
  "out": "qa/current/results/rotor-envelope-runtime-report.json",
  "passed": true,
  "stressPassed": true,
  "sha256": "846185616204841c9939ea29b88827c9928c32232504571a5f7ab352fb455f6d",
  "contacts": [],
  "minimumCylinderSeparatingGap": 0.07001885199181312
}
