{
  "passed": true,
  "geometryChanges": [
    "ActuatorSideSlot_L",
    "ActuatorSideSlot_R",
    "BraceBallPin_L_Wing",
    "BraceBallPin_R_Wing",
    "BraceBodyCarriage_L",
    "BraceBodyCarriage_R",
    "BraceRod_mesh_L",
    "BraceRod_mesh_R",
    "BraceWingSeat_L",
    "BraceWingSeat_R",
    "Composite_wing_L",
    "Composite_wing_R",
    "ControlFlexureFixed_L_Inboard",
    "ControlFlexureFixed_L_Outboard",
    "ControlFlexureFixed_R_Inboard",
    "ControlFlexureFixed_R_Outboard",
    "ControlFlexureMoving_L_Inboard",
    "ControlFlexureMoving_L_Outboard",
    "ControlFlexureMoving_R_Inboard",
    "ControlFlexureMoving_R_Outboard",
    "ControlHingeFixed_L_Inboard",
    "ControlHingeFixed_L_Outboard",
    "ControlHingeFixed_R_Inboard",
    "ControlHingeFixed_R_Outboard",
    "ControlHingeMoving_L_Inboard",
    "ControlHingeMoving_R_Inboard",
    "ControlHorn_L_Inboard",
    "ControlHorn_L_Outboard",
    "Cowl_boundary_L_Rear",
    "Cowl_boundary_R_Rear",
    "Drive_FrontFoot_L",
    "Drive_FrontFoot_R",
    "Drive_FrontGuidePedestal_L",
    "Drive_FrontGuidePedestal_R",
    "Drive_FrontGuideSeat_L",
    "Drive_FrontGuideSeat_R",
    "Drive_FrontScrewBearing",
    "Drive_FrontScrewPedestal",
    "Drive_FrontTravelStop_L",
    "Drive_FrontTravelStop_R",
    "Drive_GuideBushing_L",
    "Drive_GuideBushing_R",
    "Drive_MotorFoot_L",
    "Drive_MotorFoot_R",
    "Drive_MotorGearboxAdapter",
    "Drive_MotorHousing",
    "Drive_NutCarriage",
    "Drive_NutInternalThread",
    "Drive_OutputWeb",
    "Drive_RearFoot_L",
    "Drive_RearFoot_R",
    "Drive_RearGuidePedestal_L",
    "Drive_RearGuidePedestal_R",
    "Drive_RearGuideSeat_L",
    "Drive_RearGuideSeat_R",
    "Drive_RearScrewBearing",
    "Drive_RearScrewPedestal",
    "Drive_RearTravelStop_L",
    "Drive_RearTravelStop_R",
    "Drive_ReductionHousing",
    "Fixed_root_blue_L",
    "Fixed_root_blue_R",
    "Fixed_root_L",
    "Fixed_root_R",
    "Fuselage",
    "Landing_wear_tip_L_Front",
    "Landing_wear_tip_L_Rear",
    "Landing_wear_tip_R_Front",
    "Landing_wear_tip_R_Rear",
    "Lower_fuselage_join",
    "Lower_fuselage_join001",
    "Lower_fuselage_join002",
    "Lower_fuselage_join003",
    "Motor_cowl_L_Front",
    "Motor_cowl_L_Rear",
    "Motor_cowl_R_Front",
    "Motor_cowl_R_Rear",
    "MotorFrontBearing_L_Rear",
    "MotorFrontBearing_R_Rear",
    "Nacelle_L_Rear",
    "Nacelle_R_Rear",
    "Pod_U_access_panel_L_Rear",
    "Pod_U_access_panel_R_Rear001",
    "Pod_wing_saddle_L_Front",
    "Pod_wing_saddle_L_Rear",
    "Pod_wing_saddle_R_Front",
    "Pod_wing_saddle_R_Rear",
    "RootBearingHousing_L",
    "RootBearingHousing_R",
    "RootFairingFixed_L",
    "RootFairingFixed_R",
    "RootFairingMoving_L",
    "RootFairingMoving_R",
    "Tail_boom_join",
    "Wing_blue_angular_panel_L",
    "Wing_blue_angular_panel_R",
    "Wing_blue_leading_L",
    "Wing_blue_leading_R",
    "Wing_service_panel_L001",
    "Wing_service_panel_R001"
  ],
  "normalChanges": [
    "Cowl_boundary_L_Front",
    "Cowl_boundary_R_Front",
    "MotorFrontBearing_L_Front",
    "MotorFrontBearing_R_Front",
    "Nacelle_L_Front",
    "Nacelle_R_Front",
    "Pod_U_access_panel_L_Front",
    "Pod_U_access_panel_L_Front001",
    "Pod_U_access_panel_L_Rear001",
    "Pod_U_access_panel_R_Front",
    "Pod_U_access_panel_R_Front001",
    "Pod_U_access_panel_R_Rear",
    "Wing_service_panel_L"
  ],
  "transformChanges": [
    "Blade_hinge_pin_L_Front_A",
    "Blade_hinge_pin_L_Front_B",
    "Blade_hinge_pin_L_Rear_A",
    "Blade_hinge_pin_L_Rear_B",
    "Blade_hinge_pin_R_Front_A",
    "Blade_hinge_pin_R_Front_B",
    "Blade_hinge_pin_R_Rear_B",
    "BladeFold_L_Front_A",
    "BladeFold_L_Front_B",
    "BladeFold_L_Rear_A",
    "BladeFold_L_Rear_B",
    "BladeFold_R_Front_A",
    "BladeFold_R_Front_B",
    "BladeFold_R_Rear_B",
    "BraceBall_L_Wing",
    "BraceBall_R_Wing",
    "BraceBallPin_L_Body",
    "BraceBallPin_L_Wing",
    "BraceBallPin_R_Body",
    "BraceBallPin_R_Wing",
    "BraceBodyCarriage_L",
    "BraceBodyCarriage_R",
    "BraceRod_L",
    "BraceRod_mesh_L",
    "BraceRod_mesh_R",
    "BraceRod_R",
    "BraceRodEye_L_Root",
    "BraceRodEye_R_Root",
    "BraceRodEyeNeck_L_Body",
    "BraceRodEyeNeck_L_Root",
    "BraceRodEyeNeck_R_Body",
    "BraceRodEyeNeck_R_Root",
    "BraceRodFerrule_L_Body",
    "BraceRodFerrule_L_Root",
    "BraceRodFerrule_R_Body",
    "BraceRodFerrule_R_Root",
    "BraceSpreader",
    "BraceWing_L",
    "BraceWing_R",
    "BraceWingSeat_L",
    "BraceWingSeat_R",
    "ControlAxisEnd_L_Inboard",
    "ControlAxisEnd_L_Outboard",
    "ControlAxisEnd_R_Inboard",
    "ControlAxisEnd_R_Outboard",
    "ControlAxisStart_L_Inboard",
    "ControlAxisStart_L_Outboard",
    "ControlAxisStart_R_Inboard",
    "ControlAxisStart_R_Outboard",
    "ControlPivot_L_Inboard",
    "ControlPivot_L_Outboard",
    "ControlPivot_R_Inboard",
    "ControlPivot_R_Outboard",
    "Cowl_boundary_L_Front",
    "Cowl_boundary_L_Rear",
    "Cowl_boundary_R_Front",
    "Cowl_boundary_R_Rear",
    "Drive_CouplingWitness",
    "Drive_Crossbeam",
    "Drive_FrontGuidePedestal_L",
    "Drive_FrontGuidePedestal_R",
    "Drive_FrontScrewPedestal",
    "Drive_FrontSupport",
    "Drive_GuideBridge_L",
    "Drive_GuideBridge_R",
    "Drive_GuideRail_L",
    "Drive_GuideRail_R",
    "Drive_LeadScrewCore",
    "Drive_MotorMount",
    "Drive_MotorRotor",
    "Drive_MotorRotorDisc",
    "Drive_MotorSaddle_L",
    "Drive_MotorSaddle_R",
    "Drive_MotorShaft",
    "Drive_MotorWitness",
    "Drive_OutputWeb",
    "Drive_PlanetCarrier",
    "Drive_PlanetPin_0",
    "Drive_PlanetPin_1",
    "Drive_PlanetPin_2",
    "Drive_PlanetRotor_0",
    "Drive_PlanetRotor_1",
    "Drive_PlanetRotor_2",
    "Drive_RearGuidePedestal_L",
    "Drive_RearGuidePedestal_R",
    "Drive_RearScrewPedestal",
    "Drive_RearSupport",
    "Drive_RingGear",
    "Drive_ScrewRotor",
    "Landing_wear_tip_L_Front",
    "Landing_wear_tip_L_Rear",
    "Landing_wear_tip_R_Front",
    "Landing_wear_tip_R_Rear",
    "Lower_fuselage_join",
    "Lower_fuselage_join001",
    "Lower_fuselage_join002",
    "Lower_fuselage_join003",
    "Motor_cowl_L_Front",
    "Motor_cowl_L_Rear",
    "Motor_cowl_R_Front",
    "Motor_cowl_R_Rear",
    "Motor_spindle_L_Front",
    "Motor_spindle_L_Rear",
    "Motor_spindle_R_Front",
    "Motor_spindle_R_Rear",
    "MotorAxisEnd_L_Front",
    "MotorAxisEnd_L_Rear",
    "MotorAxisEnd_R_Front",
    "MotorAxisEnd_R_Rear",
    "MotorAxisStart_L_Front",
    "MotorAxisStart_L_Rear",
    "MotorAxisStart_R_Front",
    "MotorAxisStart_R_Rear",
    "MotorFrontBearing_L_Front",
    "MotorFrontBearing_L_Rear",
    "MotorFrontBearing_R_Front",
    "MotorFrontBearing_R_Rear",
    "Nacelle_L_Front",
    "Nacelle_L_Rear",
    "Nacelle_R_Front",
    "Nacelle_R_Rear",
    "Pod_mount_seam_L_Front",
    "Pod_mount_seam_L_Front001",
    "Pod_mount_seam_L_Rear",
    "Pod_mount_seam_L_Rear001",
    "Pod_mount_seam_R_Front",
    "Pod_mount_seam_R_Front001",
    "Pod_mount_seam_R_Rear",
    "Pod_mount_seam_R_Rear001",
    "Pod_U_access_panel_L_Front",
    "Pod_U_access_panel_L_Front001",
    "Pod_U_access_panel_L_Rear",
    "Pod_U_access_panel_L_Rear001",
    "Pod_U_access_panel_R_Front",
    "Pod_U_access_panel_R_Front001",
    "Pod_U_access_panel_R_Rear",
    "Pod_U_access_panel_R_Rear001",
    "Pod_wing_saddle_L_Front",
    "Pod_wing_saddle_L_Rear",
    "Pod_wing_saddle_R_Front",
    "Pod_wing_saddle_R_Rear",
    "Prop_L_Front",
    "Prop_L_Rear",
    "Prop_R_Front",
    "Prop_R_Rear",
    "Root_access_cover_L",
    "Root_access_cover_R",
    "RootAxisEnd_L",
    "RootAxisEnd_R",
    "RootAxisStart_L",
    "RootAxisStart_R",
    "RootBearingCenter_L_Front",
    "RootBearingCenter_L_Rear",
    "RootBearingCenter_R_Front",
    "RootBearingCenter_R_Rear",
    "RootBearingFixed_L_Front",
    "RootBearingFixed_L_Rear",
    "RootBearingFixed_R_Front",
    "RootBearingFixed_R_Rear",
    "RootBearingSeal_L_Front",
    "RootBearingSeal_L_Rear",
    "RootBearingSeal_R_Front",
    "RootBearingSeal_R_Rear",
    "RootCarrierBridge_L",
    "RootCarrierBridge_R",
    "RootFixedBearingPedestal_L",
    "RootFixedBearingPedestal_R",
    "RootHingeEndcap_L-0148",
    "RootHingeEndcap_L0148",
    "RootHingeEndcap_R-0148",
    "RootHingeEndcap_R0148",
    "RootHingeShaft_L",
    "RootHingeShaft_R",
    "Tail_boom_join",
    "Wing_blue_angular_panel_L",
    "Wing_blue_angular_panel_R",
    "Wing_blue_leading_L",
    "Wing_blue_leading_R",
    "Wing_service_panel_L",
    "Wing_service_panel_L001",
    "Wing_service_panel_R",
    "Wing_service_panel_R001",
    "WingPivot_L",
    "WingPivot_R"
  ],
  "addedNodes": [],
  "protected": 0,
  "animationChanges": [
    {
      "clip": "TRANSWING_Hover_Cruise_Hover",
      "track": "BraceRod_L.position"
    },
    {
      "clip": "TRANSWING_Hover_Cruise_Hover",
      "track": "BraceRod_L.quaternion"
    },
    {
      "clip": "TRANSWING_Hover_Cruise_Hover",
      "track": "BraceRod_R.position"
    },
    {
      "clip": "TRANSWING_Hover_Cruise_Hover",
      "track": "BraceRod_R.quaternion"
    },
    {
      "clip": "TRANSWING_Hover_Cruise_Hover",
      "track": "BraceSpreader.position"
    },
    {
      "clip": "TRANSWING_Hover_Cruise_Hover",
      "track": "Drive_MotorRotor.quaternion"
    },
    {
      "clip": "TRANSWING_Hover_Cruise_Hover",
      "track": "Drive_PlanetRotor_0.quaternion"
    },
    {
      "clip": "TRANSWING_Hover_Cruise_Hover",
      "track": "Drive_PlanetRotor_1.quaternion"
    },
    {
      "clip": "TRANSWING_Hover_Cruise_Hover",
      "track": "Drive_PlanetRotor_2.quaternion"
    },
    {
      "clip": "TRANSWING_Hover_Cruise_Hover",
      "track": "Drive_ScrewRotor.quaternion"
    },
    {
      "clip": "TRANSWING_Motors_Start_Stop",
      "track": "BraceRod_L.position"
    },
    {
      "clip": "TRANSWING_Motors_Start_Stop",
      "track": "BraceRod_L.quaternion"
    },
    {
      "clip": "TRANSWING_Motors_Start_Stop",
      "track": "BraceRod_R.position"
    },
    {
      "clip": "TRANSWING_Motors_Start_Stop",
      "track": "BraceRod_R.quaternion"
    },
    {
      "clip": "TRANSWING_Motors_Start_Stop",
      "track": "BraceSpreader.position"
    },
    {
      "clip": "TRANSWING_Motors_Start_Stop",
      "track": "Drive_MotorRotor.quaternion"
    },
    {
      "clip": "TRANSWING_Motors_Start_Stop",
      "track": "Drive_PlanetRotor_0.quaternion"
    },
    {
      "clip": "TRANSWING_Motors_Start_Stop",
      "track": "Drive_PlanetRotor_1.quaternion"
    },
    {
      "clip": "TRANSWING_Motors_Start_Stop",
      "track": "Drive_PlanetRotor_2.quaternion"
    },
    {
      "clip": "TRANSWING_Motors_Start_Stop",
      "track": "Drive_ScrewRotor.quaternion"
    }
  ],
  "timelineChanges": [],
  "failures": []
}
