1 / 672 接触对 0 SAT 140530
11 / 672 接触对 0 SAT 140530
21 / 672 接触对 0 SAT 140530
31 / 672 接触对 0 SAT 140530
41 / 672 接触对 0 SAT 140530
51 / 672 接触对 0 SAT 140530
61 / 672 接触对 0 SAT 140530
71 / 672 接触对 0 SAT 140530
81 / 672 接触对 0 SAT 140530
91 / 672 接触对 0 SAT 140530
101 / 672 接触对 0 SAT 270593
111 / 672 接触对 0 SAT 270593
121 / 672 接触对 0 SAT 270593
131 / 672 接触对 0 SAT 270593
141 / 672 接触对 0 SAT 270593
151 / 672 接触对 0 SAT 270593
161 / 672 接触对 0 SAT 270593
171 / 672 接触对 0 SAT 270593
181 / 672 接触对 0 SAT 270593
191 / 672 接触对 0 SAT 270593
201 / 672 接触对 0 SAT 391919
211 / 672 接触对 0 SAT 391919
221 / 672 接触对 0 SAT 391919
231 / 672 接触对 0 SAT 391919
241 / 672 接触对 0 SAT 391919
251 / 672 接触对 0 SAT 391919
261 / 672 接触对 0 SAT 391919
271 / 672 接触对 0 SAT 391919
281 / 672 接触对 0 SAT 391919
291 / 672 接触对 0 SAT 494932
301 / 672 接触对 0 SAT 494932
311 / 672 接触对 0 SAT 494932
321 / 672 接触对 0 SAT 494932
331 / 672 接触对 0 SAT 494932
341 / 672 接触对 0 SAT 494932
351 / 672 接触对 0 SAT 494932
361 / 672 接触对 0 SAT 494932
371 / 672 接触对 0 SAT 494932
381 / 672 接触对 0 SAT 494932
391 / 672 接触对 0 SAT 576212
401 / 672 接触对 0 SAT 576212
411 / 672 接触对 0 SAT 576212
421 / 672 接触对 0 SAT 576212
431 / 672 接触对 0 SAT 576212
441 / 672 接触对 0 SAT 576212
451 / 672 接触对 0 SAT 576212
461 / 672 接触对 0 SAT 576212
471 / 672 接触对 0 SAT 576212
481 / 672 接触对 0 SAT 647229
491 / 672 接触对 0 SAT 647229
501 / 672 接触对 0 SAT 647229
511 / 672 接触对 0 SAT 647229
521 / 672 接触对 0 SAT 647229
531 / 672 接触对 0 SAT 647229
541 / 672 接触对 0 SAT 647229
551 / 672 接触对 0 SAT 647229
561 / 672 接触对 0 SAT 647229
571 / 672 接触对 0 SAT 647229
581 / 672 接触对 0 SAT 693704
591 / 672 接触对 0 SAT 693704
601 / 672 接触对 0 SAT 693704
611 / 672 接触对 0 SAT 693704
621 / 672 接触对 0 SAT 693704
631 / 672 接触对 0 SAT 693704
641 / 672 接触对 0 SAT 693704
651 / 672 接触对 0 SAT 693704
661 / 672 接触对 0 SAT 693704
671 / 672 接触对 0 SAT 693704
{
  "passed": true,
  "source": "assets/blender/xp4-source.glb",
  "sha256": "14deba2a8cb20fb13c6cc05f8c4c09d441285b9754b014499942ad39992f7ce4",
  "samples": 672,
  "contacts": [],
  "criticalOpen": []
}
