1 / 672 接触对 0 SAT 1269099
11 / 672 接触对 0 SAT 1525657
21 / 672 接触对 0 SAT 1768850
31 / 672 接触对 0 SAT 1848932
41 / 672 接触对 0 SAT 1848932
51 / 672 接触对 0 SAT 1848932
61 / 672 接触对 0 SAT 1848932
71 / 672 接触对 0 SAT 1848932
81 / 672 接触对 0 SAT 1848932
91 / 672 接触对 0 SAT 1848932
101 / 672 接触对 0 SAT 3551743
111 / 672 接触对 0 SAT 4871634
121 / 672 接触对 0 SAT 5965597
131 / 672 接触对 0 SAT 5965597
141 / 672 接触对 0 SAT 5965597
151 / 672 接触对 0 SAT 5965597
161 / 672 接触对 0 SAT 5965597
171 / 672 接触对 0 SAT 5965597
181 / 672 接触对 0 SAT 5965597
191 / 672 接触对 0 SAT 5965597
201 / 672 接触对 0 SAT 8484876
211 / 672 接触对 0 SAT 10073685
221 / 672 接触对 0 SAT 10913701
231 / 672 接触对 0 SAT 10913701
241 / 672 接触对 0 SAT 10913701
251 / 672 接触对 0 SAT 10913701
261 / 672 接触对 0 SAT 10913701
271 / 672 接触对 0 SAT 10913701
281 / 672 接触对 0 SAT 10913701
291 / 672 接触对 0 SAT 12535405
301 / 672 接触对 0 SAT 14353270
311 / 672 接触对 0 SAT 16087635
321 / 672 接触对 0 SAT 16285061
331 / 672 接触对 0 SAT 16285061
341 / 672 接触对 0 SAT 16285061
351 / 672 接触对 0 SAT 16285061
361 / 672 接触对 0 SAT 16285061
371 / 672 接触对 0 SAT 16285061
381 / 672 接触对 0 SAT 16285061
391 / 672 接触对 0 SAT 18345865
401 / 672 接触对 0 SAT 19998248
411 / 672 接触对 0 SAT 21143138
421 / 672 接触对 0 SAT 21143138
431 / 672 接触对 0 SAT 21143138
441 / 672 接触对 0 SAT 21143138
451 / 672 接触对 0 SAT 21143138
461 / 672 接触对 0 SAT 21143138
471 / 672 接触对 0 SAT 21143138
481 / 672 接触对 0 SAT 22177851
491 / 672 接触对 0 SAT 23427782
501 / 672 接触对 0 SAT 24598021
511 / 672 接触对 0 SAT 25058669
521 / 672 接触对 0 SAT 25058669
531 / 672 接触对 0 SAT 25058669
541 / 672 接触对 0 SAT 25058669
551 / 672 接触对 0 SAT 25058669
561 / 672 接触对 0 SAT 25058669
571 / 672 接触对 0 SAT 25058669
581 / 672 接触对 0 SAT 25868013
591 / 672 接触对 0 SAT 26111551
601 / 672 接触对 0 SAT 26341766
611 / 672 接触对 0 SAT 26341766
621 / 672 接触对 0 SAT 26341766
631 / 672 接触对 0 SAT 26341766
641 / 672 接触对 0 SAT 26341766
651 / 672 接触对 0 SAT 26341766
661 / 672 接触对 0 SAT 26341766
671 / 672 接触对 0 SAT 26341766
{
  "passed": true,
  "source": "public/models/xp4.glb",
  "sha256": "846185616204841c9939ea29b88827c9928c32232504571a5f7ab352fb455f6d",
  "samples": 672,
  "contacts": [],
  "criticalOpen": []
}
