reviewed-contract 0
support-coordinate-selftest 0
regenerated-contract 0
preservation 0
runtime-preservation 0
layered-scope 0
hinge-identity-selftest 0
hinge-identity 0
fairing-role-selftest 0
fairing-clearance-selftest 0
fairing-clearance 0
layered-sections-selftest 0
layered-geometry 0
motion-reference-selftest 0
motion-identity 0
layered-motion-impact 0
inheritance 0
affected-scope-selftest 0
patch-coverage-selftest 0
local-scope 0
slot-section-selftest 0
slot-boundary-vertices-selftest 0
slot-geometry 0
straight-output-selftest 0
straight-output-geometry 0
snapshot-topology-selftest 0
decoration-topology-selftest 0
solids 0
support-selftest 0
support 0
inspection 0
linkage 0
baked-winding 0
drive-motion 0
local-parity 0
triangle-selftest 0
solid-selftest 0
broadphase-selftest 0
exact-pair-cache-selftest 0
rotor-impact-selftest 0
fast-source 0
wing-source 0
spin-source 0
details-source 0
local-motion-source 0
rotor-envelope-source 0
fast-runtime 0
wing-runtime 0
spin-runtime 0
details-runtime 0
local-motion-runtime 0
rotor-envelope-runtime 0
exported-motor-clip 0
python-render 0
input-stability 0
