SUPPORT_BEGIN assets/blender/xp4-source.glb
SUPPORT_FIXED assets/blender/xp4-source.glb measured 0 inherited 0
SUPPORT_FIXED assets/blender/xp4-source.glb measured 25 inherited 0
SUPPORT_FIXED assets/blender/xp4-source.glb measured 50 inherited 0
SUPPORT_FIXED assets/blender/xp4-source.glb measured 75 inherited 0
SUPPORT_FIXED assets/blender/xp4-source.glb measured 75 inherited 1
SUPPORT_FIXED assets/blender/xp4-source.glb measured 75 inherited 2
SUPPORT_FIXED assets/blender/xp4-source.glb measured 75 inherited 3
SUPPORT_FIXED assets/blender/xp4-source.glb measured 75 inherited 4
SUPPORT_FIXED assets/blender/xp4-source.glb measured 75 inherited 5
SUPPORT_FIXED assets/blender/xp4-source.glb measured 100 inherited 13
SUPPORT_FIXED assets/blender/xp4-source.glb measured 125 inherited 16
SUPPORT_FIXED assets/blender/xp4-source.glb measured 150 inherited 18
SUPPORT_FIXED assets/blender/xp4-source.glb measured 175 inherited 18
SUPPORT_FIXED assets/blender/xp4-source.glb measured 200 inherited 25
SUPPORT_FITS assets/blender/xp4-source.glb fixed rows 238
SUPPORT_DECORATIONS assets/blender/xp4-source.glb rows 290
SUPPORT_FIXED_CONTACT_COVERAGE assets/blender/xp4-source.glb rows 331
assets/blender/xp4-source.glb meshes 283 interfaces 331 failures 0 []
SUPPORT_BEGIN public/models/xp4.glb
SUPPORT_FIXED public/models/xp4.glb measured 0 inherited 0
SUPPORT_FIXED public/models/xp4.glb measured 25 inherited 0
SUPPORT_FIXED public/models/xp4.glb measured 50 inherited 0
SUPPORT_FIXED public/models/xp4.glb measured 75 inherited 0
SUPPORT_FIXED public/models/xp4.glb measured 75 inherited 1
SUPPORT_FIXED public/models/xp4.glb measured 75 inherited 2
SUPPORT_FIXED public/models/xp4.glb measured 75 inherited 3
SUPPORT_FIXED public/models/xp4.glb measured 75 inherited 4
SUPPORT_FIXED public/models/xp4.glb measured 75 inherited 5
SUPPORT_FIXED public/models/xp4.glb measured 100 inherited 13
SUPPORT_FIXED public/models/xp4.glb measured 125 inherited 16
SUPPORT_FIXED public/models/xp4.glb measured 150 inherited 18
SUPPORT_FIXED public/models/xp4.glb measured 175 inherited 18
SUPPORT_FIXED public/models/xp4.glb measured 200 inherited 25
SUPPORT_FITS public/models/xp4.glb fixed rows 238
SUPPORT_DECORATIONS public/models/xp4.glb rows 290
SUPPORT_FIXED_CONTACT_COVERAGE public/models/xp4.glb rows 331
public/models/xp4.glb meshes 283 interfaces 331 failures 0 []
