1 / 836 接触对 0 SAT 1460510
11 / 836 接触对 0 SAT 4280614
21 / 836 接触对 0 SAT 8215654
31 / 836 接触对 0 SAT 10790305
41 / 836 接触对 0 SAT 14568789
51 / 836 接触对 0 SAT 17273936
61 / 836 接触对 0 SAT 21265678
71 / 836 接触对 0 SAT 24185950
81 / 836 接触对 0 SAT 28433718
91 / 836 接触对 0 SAT 31640714
101 / 836 接触对 0 SAT 36209622
111 / 836 接触对 0 SAT 39719568
121 / 836 接触对 0 SAT 44561024
131 / 836 接触对 0 SAT 48303105
141 / 836 接触对 0 SAT 53365034
151 / 836 接触对 0 SAT 57287674
161 / 836 接触对 0 SAT 62554009
171 / 836 接触对 0 SAT 66665666
181 / 836 接触对 0 SAT 72125583
191 / 836 接触对 0 SAT 76408950
201 / 836 接触对 0 SAT 82054554
211 / 836 接触对 0 SAT 86479681
221 / 836 接触对 0 SAT 92271722
231 / 836 接触对 0 SAT 96814374
241 / 836 接触对 0 SAT 102719808
251 / 836 接触对 0 SAT 107361033
261 / 836 接触对 0 SAT 113364862
271 / 836 接触对 0 SAT 118095713
281 / 836 接触对 0 SAT 124176927
291 / 836 接触对 0 SAT 128966839
301 / 836 接触对 0 SAT 135108325
311 / 836 接触对 0 SAT 140018069
321 / 836 接触对 0 SAT 146269394
331 / 836 接触对 0 SAT 151295241
341 / 836 接触对 0 SAT 157557288
351 / 836 接触对 0 SAT 162509528
361 / 836 接触对 0 SAT 168692540
371 / 836 接触对 0 SAT 173567514
381 / 836 接触对 0 SAT 179719005
391 / 836 接触对 0 SAT 184609433
401 / 836 接触对 0 SAT 190839382
411 / 836 接触对 0 SAT 195756320
421 / 836 接触对 0 SAT 201988758
431 / 836 接触对 0 SAT 206847032
441 / 836 接触对 0 SAT 212961352
451 / 836 接触对 0 SAT 217690833
461 / 836 接触对 0 SAT 223637944
471 / 836 接触对 0 SAT 228239817
481 / 836 接触对 0 SAT 234033622
491 / 836 接触对 0 SAT 238502202
501 / 836 接触对 0 SAT 244129197
511 / 836 接触对 0 SAT 248466067
521 / 836 接触对 0 SAT 253946982
531 / 836 接触对 0 SAT 258144664
541 / 836 接触对 0 SAT 263457134
551 / 836 接触对 0 SAT 267495688
561 / 836 接触对 0 SAT 272620943
571 / 836 接触对 0 SAT 276467888
581 / 836 接触对 0 SAT 281314636
591 / 836 接触对 0 SAT 284906521
601 / 836 接触对 0 SAT 289441270
611 / 836 接触对 0 SAT 292758196
621 / 836 接触对 0 SAT 296954854
631 / 836 接触对 0 SAT 299949432
641 / 836 接触对 0 SAT 303748746
651 / 836 接触对 0 SAT 306367205
661 / 836 接触对 0 SAT 309769651
671 / 836 接触对 0 SAT 312084266
681 / 836 接触对 0 SAT 315174160
691 / 836 接触对 0 SAT 317222214
701 / 836 接触对 0 SAT 319968669
711 / 836 接触对 0 SAT 321675785
721 / 836 接触对 0 SAT 324067071
731 / 836 接触对 0 SAT 324075813
741 / 836 接触对 0 SAT 325370398
751 / 836 接触对 0 SAT 325458046
761 / 836 接触对 0 SAT 325458046
771 / 836 接触对 0 SAT 325458046
781 / 836 接触对 0 SAT 325458046
791 / 836 接触对 0 SAT 325458046
801 / 836 接触对 0 SAT 325458046
811 / 836 接触对 0 SAT 326616010
821 / 836 接触对 0 SAT 326638394
831 / 836 接触对 0 SAT 326638394
{
  "passed": true,
  "source": "assets/blender/xp4-source.glb",
  "sha256": "801b02ca6b12c326a04e0a1fe7741a99f168c629384ae836f490f7779428570e",
  "samples": 836,
  "contacts": [],
  "criticalOpen": []
}
