1 / 836 接触对 0 SAT 1251393
11 / 836 接触对 0 SAT 3672871
21 / 836 接触对 0 SAT 7240237
31 / 836 接触对 0 SAT 9707700
41 / 836 接触对 0 SAT 13376719
51 / 836 接触对 0 SAT 15997930
61 / 836 接触对 0 SAT 19822963
71 / 836 接触对 0 SAT 22599382
81 / 836 接触对 0 SAT 26586572
91 / 836 接触对 0 SAT 29597840
101 / 836 接触对 0 SAT 33852443
111 / 836 接触对 0 SAT 37140898
121 / 836 接触对 0 SAT 41637643
131 / 836 接触对 0 SAT 45139092
141 / 836 接触对 0 SAT 49827068
151 / 836 接触对 0 SAT 53495622
161 / 836 接触对 0 SAT 58361113
171 / 836 接触对 0 SAT 62191750
181 / 836 接触对 0 SAT 67215198
191 / 836 接触对 0 SAT 71199703
201 / 836 接触对 0 SAT 76381074
211 / 836 接触对 0 SAT 80485643
221 / 836 接触对 0 SAT 85781426
231 / 836 接触对 0 SAT 89986361
241 / 836 接触对 0 SAT 95380003
251 / 836 接触对 0 SAT 99685163
261 / 836 接触对 0 SAT 105187849
271 / 836 接触对 0 SAT 109601242
281 / 836 接触对 0 SAT 115190884
291 / 836 接触对 0 SAT 119704017
301 / 836 接触对 0 SAT 125394062
311 / 836 接触对 0 SAT 130020386
321 / 836 接触对 0 SAT 135816591
331 / 836 接触对 0 SAT 140536814
341 / 836 接触对 0 SAT 146398770
351 / 836 接触对 0 SAT 151178072
361 / 836 接触对 0 SAT 157078939
371 / 836 接触对 0 SAT 161887112
381 / 836 接触对 0 SAT 167815154
391 / 836 接触对 0 SAT 172585305
401 / 836 接触对 0 SAT 178461869
411 / 836 接触对 0 SAT 183141938
421 / 836 接触对 0 SAT 188952095
431 / 836 接触对 0 SAT 193539631
441 / 836 接触对 0 SAT 199257805
451 / 836 接触对 0 SAT 203745551
461 / 836 接触对 0 SAT 209347617
471 / 836 接触对 0 SAT 213717159
481 / 836 接触对 0 SAT 219147310
491 / 836 接触对 0 SAT 223371166
501 / 836 接触对 0 SAT 228618253
511 / 836 接触对 0 SAT 232684516
521 / 836 接触对 0 SAT 237741160
531 / 836 接触对 0 SAT 241645166
541 / 836 接触对 0 SAT 246505565
551 / 836 接触对 0 SAT 250233604
561 / 836 接触对 0 SAT 254884353
571 / 836 接触对 0 SAT 258423311
581 / 836 接触对 0 SAT 262845514
591 / 836 接触对 0 SAT 266175272
601 / 836 接触对 0 SAT 270348646
611 / 836 接触对 0 SAT 273437742
621 / 836 接触对 0 SAT 277304710
631 / 836 接触对 0 SAT 280091150
641 / 836 接触对 0 SAT 283591708
651 / 836 接触对 0 SAT 286020976
661 / 836 接触对 0 SAT 289148904
671 / 836 接触对 0 SAT 291274458
681 / 836 接触对 0 SAT 294067245
691 / 836 接触对 0 SAT 295902781
701 / 836 接触对 0 SAT 298321321
711 / 836 接触对 0 SAT 299818176
721 / 836 接触对 0 SAT 301927941
731 / 836 接触对 0 SAT 301936681
741 / 836 接触对 0 SAT 303130142
751 / 836 接触对 0 SAT 303217790
761 / 836 接触对 0 SAT 303217790
771 / 836 接触对 0 SAT 303217790
781 / 836 接触对 0 SAT 303217790
791 / 836 接触对 0 SAT 303217790
801 / 836 接触对 0 SAT 303217790
811 / 836 接触对 0 SAT 304273549
821 / 836 接触对 0 SAT 304295933
831 / 836 接触对 0 SAT 304295933
{
  "passed": true,
  "source": "public/models/xp4.glb",
  "sha256": "846185616204841c9939ea29b88827c9928c32232504571a5f7ab352fb455f6d",
  "samples": 836,
  "contacts": [],
  "criticalOpen": []
}
