{
  "passed": true,
  "revision": 27,
  "sourceCandidateSha256": "2f6d6a1a5a616351643233342a1e175b2483aa3785b50185aac104799ac84f4b",
  "strictGateOwnerNames": [
    "Composite_wing_L",
    "Composite_wing_R"
  ],
  "jointMaterialAcceptanceImplied": false,
  "appearanceAccepted": false,
  "integrationApproved": false,
  "rows": [
    {
      "file": "xp4-source.glb",
      "sha256": "36dadf42ebbffbb81869ee8ddaecc69827dcaab0efdeee31cb87bb1fb6e1db2e",
      "node": "Composite_wing_L",
      "loaderType": "Group",
      "primitives": [
        "Composite_wing_L__flat_candidate_actual_triangle_surface002",
        "Composite_wing_L__flat_candidate_actual_triangle_surface002_1"
      ],
      "sourceTriangleCount": 52132,
      "rawTopology": {
        "closed": true,
        "components": 1,
        "boundaryEdges": 0,
        "nonmanifoldEdges": 0
      },
      "zeroAreaTriangles": [],
      "minimumOwnerLocalTriangleArea": 2.7755575615628914e-17,
      "ownerLocalBelowOrEqual1e18": [],
      "unchangedCollisionSnapshotTopology": {
        "closed": true,
        "components": 1,
        "boundaryEdges": 0
      },
      "skippedDegenerate": 0,
      "skippedTriangles": []
    },
    {
      "file": "xp4-source.glb",
      "sha256": "36dadf42ebbffbb81869ee8ddaecc69827dcaab0efdeee31cb87bb1fb6e1db2e",
      "node": "Composite_wing_R",
      "loaderType": "Group",
      "primitives": [
        "Composite_wing_R__flat_candidate_actual_triangle_surface002",
        "Composite_wing_R__flat_candidate_actual_triangle_surface002_1"
      ],
      "sourceTriangleCount": 52340,
      "rawTopology": {
        "closed": true,
        "components": 1,
        "boundaryEdges": 0,
        "nonmanifoldEdges": 0
      },
      "zeroAreaTriangles": [],
      "minimumOwnerLocalTriangleArea": 2.7755575615628914e-17,
      "ownerLocalBelowOrEqual1e18": [],
      "unchangedCollisionSnapshotTopology": {
        "closed": true,
        "components": 1,
        "boundaryEdges": 0
      },
      "skippedDegenerate": 0,
      "skippedTriangles": []
    },
    {
      "file": "xp4.glb",
      "sha256": "02970bbcc56ef8574643c12962b53917f52ca3d42eaab974660c080fd41ec250",
      "node": "Composite_wing_L",
      "loaderType": "Group",
      "primitives": [
        "Composite_wing_L__flat_candidate_actual_triangle_surface002",
        "Composite_wing_L__flat_candidate_actual_triangle_surface002_1"
      ],
      "sourceTriangleCount": 52132,
      "rawTopology": {
        "closed": true,
        "components": 1,
        "boundaryEdges": 0,
        "nonmanifoldEdges": 0
      },
      "zeroAreaTriangles": [],
      "minimumOwnerLocalTriangleArea": 2.7755575615628914e-17,
      "ownerLocalBelowOrEqual1e18": [],
      "unchangedCollisionSnapshotTopology": {
        "closed": true,
        "components": 1,
        "boundaryEdges": 0
      },
      "skippedDegenerate": 0,
      "skippedTriangles": []
    },
    {
      "file": "xp4.glb",
      "sha256": "02970bbcc56ef8574643c12962b53917f52ca3d42eaab974660c080fd41ec250",
      "node": "Composite_wing_R",
      "loaderType": "Group",
      "primitives": [
        "Composite_wing_R__flat_candidate_actual_triangle_surface002",
        "Composite_wing_R__flat_candidate_actual_triangle_surface002_1"
      ],
      "sourceTriangleCount": 52340,
      "rawTopology": {
        "closed": true,
        "components": 1,
        "boundaryEdges": 0,
        "nonmanifoldEdges": 0
      },
      "zeroAreaTriangles": [],
      "minimumOwnerLocalTriangleArea": 2.7755575615628914e-17,
      "ownerLocalBelowOrEqual1e18": [],
      "unchangedCollisionSnapshotTopology": {
        "closed": true,
        "components": 1,
        "boundaryEdges": 0
      },
      "skippedDegenerate": 0,
      "skippedTriangles": []
    }
  ],
  "unchangedThresholds": {
    "ownerLocalMinimumAreaExclusive": 1e-18,
    "triangleContactModuleSha256": "c8c8bc4f141aff261dbb0bac493fb9e7b4066cae9e1eb95f41cdd9b7718700bb",
    "solidContactModuleSha256": "ce7e6268a2b923be64a714716989206c325d283936f28cb7a72d98d2433f023d"
  },
  "scope": "Aggregate all material primitives of each current lower-skin physical owner and any newly added owner; preserve V26 area and original SAT filtering gates exactly. Raw topology and the unchanged collision snapshot must both pass. No appearance, material-thickness, clearance, collision or global aircraft acceptance is implied."
}
