{
  "passed": true,
  "evidenceType": "Node numerical execution of actual reducer, model driver, GLB nodes and camera matrices; not browser interaction or independent solid interference proof",
  "timestamp": "2026-10-07T14:36:34.197Z",
  "assetSha256": "334febcb77aa1a3f9eaead2c5931323093479664308b737362420d74d4b7f3dd",
  "conceptSha256": "55f0d778657593e8745ecd0711f5720c3d6f98abb91b9ffab0875eeef8d08996",
  "conceptBytes": 84352,
  "sourceSha256": {
    "src/experience.ts": "df10a1c1d2ad298019e225dba805878d7ec8e3aea119db427ab3db82ed7d0120",
    "src/details.ts": "6c8c441e86316562fed1f4dacc4d5f22c9719b2122ca48c183933cb5f0c28703",
    "src/surfaces.ts": "b06f0f8245791fd2a6aaf332f2f002acef96d083da6edae181bc0d362bf8749e",
    "src/simulation.ts": "79bb873f9c242e1bfc5ecc9bb5256094b4c7aa086afed12c955ede6bca5e8d07",
    "src/rig.ts": "70e56bf365a1a65019a496df93a4988eddd6e3bea789dd845884feae9f54a35e",
    "src/inspection.ts": "6169f60df2ca81abcf361b42fbdb751e7e7e50362cdae0bd4d0c9e000d599ca4",
    "src/Scene.tsx": "49077abccaa9469ca73fa973f8cb9574e5cb8d2e1b29916d73446f338a5ed7c6",
    "src/App.tsx": "6fac4579f3b12fae7f988d7d5385b6d9dd7aeb1ed9fc986d5d80d42ed18ac6b1",
    "src/DetailPanel.tsx": "5377da7b364d1c94eed0cc2cfc82c7f053a1ebe8270966040eeaa3f234c66c96"
  },
  "modeTransitions": 192,
  "pivotPoseChecks": 1344,
  "interruptedExits": 64,
  "projectedCorners": 240,
  "mainPivots": [
    {
      "name": "ControlPivot_L_Inboard",
      "group": "inboard",
      "control": "inboard_L",
      "axis": [
        -0.999951202083528,
        0.004629381707898791,
        -0.008727100131786087
      ],
      "rangeDegrees": [
        -12,
        12
      ],
      "sign": 1
    },
    {
      "name": "ControlPivot_L_Outboard",
      "group": "outboard",
      "control": "outboard_L",
      "axis": [
        -0.9997128448118365,
        0.023409394945670015,
        -0.005121342255938594
      ],
      "rangeDegrees": [
        -12,
        12
      ],
      "sign": 1
    },
    {
      "name": "ControlPivot_R_Inboard",
      "group": "inboard",
      "control": "inboard_R",
      "axis": [
        0.9999512017645168,
        0.004629398601985312,
        -0.008727127722394121
      ],
      "rangeDegrees": [
        -12,
        12
      ],
      "sign": -1
    },
    {
      "name": "ControlPivot_R_Outboard",
      "group": "outboard",
      "control": "outboard_R",
      "axis": [
        0.9997128449501631,
        0.0234093821407454,
        -0.0051213737844345904
      ],
      "rangeDegrees": [
        -12,
        12
      ],
      "sign": -1
    },
    {
      "name": "ControlPivot_Tail_L",
      "group": "tail",
      "control": "tail_L",
      "axis": [
        -0.7354951111537157,
        0.6368656152349416,
        -0.2311906780136322
      ],
      "rangeDegrees": [
        -12,
        12
      ],
      "sign": 1
    },
    {
      "name": "ControlPivot_Tail_R",
      "group": "tail",
      "control": "tail_R",
      "axis": [
        0.7354951111537157,
        0.6368656152349416,
        -0.2311906780136322
      ],
      "rangeDegrees": [
        -12,
        12
      ],
      "sign": -1
    },
    {
      "name": "CargoHoodPivot",
      "group": "hatch",
      "control": "hatch",
      "axis": [
        1,
        0,
        0
      ],
      "rangeDegrees": [
        0,
        55
      ],
      "sign": 1
    }
  ],
  "cargoInspectionLift": 0.18,
  "minimumHatchGroundClearance": 0.9092311920195129,
  "neutralFlightDefault": true,
  "conceptIsSeparateLazyAsset": true,
  "faultInjection": {
    "rejected": true,
    "invalidControlMixRejected": true,
    "runningFlightRejected": true,
    "explodedHatchRejected": true,
    "individualLeakedPivotsRejected": 7
  }
}
