prune: Removed types... Accessor (855)
prune: Removed types... Accessor (650)
{
  "modelVersion": 27,
  "runtimeBytes": 4094144,
  "meshInstances": 285,
  "nodes": 352,
  "criticalMeshes": 177,
  "renderedTriangles": 357418,
  "animations": [
    {
      "name": "TRANSWING_Hover_Cruise_Hover",
      "channels": 18,
      "startSeconds": 0,
      "durationSeconds": 8.291666984558105
    },
    {
      "name": "TRANSWING_Motors_Start_Stop",
      "channels": 26,
      "startSeconds": 0,
      "durationSeconds": 7
    }
  ],
  "sizeReview": {
    "version": 27,
    "actualRuntimeBytes": 4094144,
    "approvedBudgetBytes": null,
    "status": "PENDING_ROOT_BUDGET_DECISION",
    "priorV26ApprovedBudgetBytes": 3800000,
    "differenceFromPriorBudgetBytes": 294144,
    "geometryPrecisionReducedForSize": false,
    "meshesRemovedForSize": false
  }
}
