✔ 压缩模型包含两片完整机翼与四个随翼动力单元 (79.122906ms)
✔ 整翼铰链将真实电机轴线从竖直向上连续转为向前 (48.333859ms)
✔ V22保留整翼、四机启停与五条内部传动旋转轨 (5.37869ms)
✔ V27明确标识新修订；冻结V24的槽顶和十二销记录仅作历史来源 (8.633646ms)
✔ V27当前球心和全部支承节点真实存在，未改舱盖和舵铰契约保留 (46.705954ms)
✔ 冻结V24的23处表面接触见证仍完整保存，不作为V27新接触证明 (4.186932ms)
✔ V22压缩保留五传动空节点的静态TRS与全部旋转轨原值 (93.440857ms)
✔ 新球心、刚杆闭合、实际槽轮廓和低置布局均有可复算契约 (56.574396ms)
✔ V27 EMPTY下蒙皮锚保留，完整Composite双材质owner为实际Float32闭体 (405.104221ms)
✔ V27实际滑架4001姿态保留定长闭环，实际移动件不穿过当前固定止挡 (537.595279ms)
✔ 冻结V24的四片V22涂层法向记录只核历史身份，不继承到新裁分蓝皮 (7.184732ms)
✔ V27保留真实移轴；旧分层材料证书显式冻结且不替代新几何门 (41.33687ms)
✔ V24机腹槽为真实平直双唇，中央底板和未改源表面有明确保护 (2.489263ms)
✔ 低置驱动与每侧单直件保持原球心及一个同步滑架 (30.950021ms)
✔ 模型缓存键绑定当前实际文件，同版本视图复用相同地址 (8.308436ms)
ℹ tests 15
ℹ suites 0
ℹ pass 15
ℹ fail 0
ℹ cancelled 0
ℹ skipped 0
ℹ todo 0
ℹ duration_ms 1670.318025
