npm warn Unknown env config "http-proxy". This will stop working in the next major version of npm.

> transwing-studio@1.0.0 test
> node --import tsx --test src/*.test.ts

✔ 透视缩放相对于当前目标限制在0.2–240，不受飞行世界坐标影响 (7.22229ms)
✔ 整机与局部正交检查共用0.08–40倍缩放且不改变正交方向 (9.875234ms)
✔ 近景自适应裁面保留目标细节投影，放大能力为原6单位下限的30倍 (2.45885ms)
✔ 最远透视范围仍完整容纳整机且不会被远裁面或旧78单位雾吞没 (3.036555ms)
✔ Node合成滚轮事件锚定光标处细节，正交平移后不改变检查方向 (1.884935ms)
✔ Node合成双指事件保留捏合缩放和平移，即使检查模式禁止旋转 (1.58633ms)
✔ 深度更新及外部平移保留用户缩放、平移目标与方向，重置仍恢复预设 (5.347698ms)
✔ 极远正交视景切回透视的等效起点仍在裁面内，最终预设不受扩大范围影响 (1.438156ms)
✔ 细节模式保持静态装配姿态，排除飞行、倾转、拆解及自动环绕 (2.121089ms)
✔ 细节动作只接受当前部件、有限数值和明确行程 (1.082039ms)
✔ 快速反复切换六种细节清零旧动作，退出恢复进入前精确整翼姿态 (0.780204ms)
✔ 普通视角、关节、飞行、整翼、拆解、自由观察及复位均关闭舱盖 (0.64022ms)
✔ 暂停保持当前静态细节，过期动画tick不能重启飞行或整翼 (0.368535ms)
✔ 主GLB载入前选细节、改值、取消、复位和选概念均无残余姿态 (599.341539ms)
✔ 真实GLB含六个独立活动舵面及单独舱盖轴，默认全部中立关闭 (125.27463ms)
✔ 实际轴线驱动绝对限幅不累计、左右符号镜像且主飞行动作强制回中 (180.440093ms)
✔ 错误细节铰轴必须拒绝，不能以装饰网格估计旋转轴 (1.401679ms)
✔ 近看镜头按各部件全行程包络取景，宽屏和窄屏都不裁切 (178.97383ms)
✔ 舱盖完整55度包络悬空检视不穿地板，退出恢复正常groundOffset (155.149362ms)
✔ 互锁回归拒绝非法舱盖混控、飞行/拆解并行及任何一个残留偏转pivot (117.005483ms)
✔ 六类细节React静态标记及320px源码约束持续保留退出与换行 (413.497454ms)
✔ 可选概念模块错误边界仅显示局部错误，返回按钮清理细节并恢复主机 (1151.525521ms)
✔ 独立电机电调概念模块Meshopt解码与Float32原始几何、材质和拓扑完全等价 (167.077324ms)
✔ 首次打开为折叠暂停；加载前发起展开再重置仍停在折叠默认机位 (2.277476ms)
✔ 拖动后反复切换俯视与关节保留精确姿态，视角切换暂停机构 (0.904151ms)
✔ 飞行转关节捕获当前展开姿态，再开始完整飞行从折叠待命重新起飞 (0.480413ms)
✔ 自由观察不会丢失手动展开进度，暂停与连续反向互不启动飞行 (0.488559ms)
✔ 完整飞行顺序包含八个阶段 (4.058659ms)
✔ 全部阶段边界保持高度、整翼角度与速度连续 (1.074207ms)
✔ 转换中点驱动整翼，降落返回地面 (0.306348ms)
✔ 播放循环、暂停边界和重置时间稳定 (2.108315ms)
✔ 正视、侧视与俯视严格对应机体三条正交轴 (3.224123ms)
✔ 横屏与窄屏的所有检查视角完整容纳实际包围盒并保留边距 (5.09075ms)
✔ 检查相机自主管理投影，切换画质或像素比不改变模型取景 (0.721402ms)
✔ 俯视为严格 Y 轴正交投影，机头 +Z 朝上且高度变化不改变平面比例 (0.780616ms)
✔ 折叠首屏近景比完整航迹更近，宽窄屏均保留模型边距 (3.763355ms)
✔ 左右关节特写直接以实际轴心取景且保持镜像机位 (0.542985ms)
✔ 减少动态效果直接提交相机终态，反复换俯视、正视和特写不继承错误缩放 (3.735837ms)
✔ 连杆特写按整段运动范围固定取景，左右和宽窄屏都不裁切 (1.555871ms)
✔ 外部轨迹镜头随根位移平移，任意跳转保留机体投影和用户观察方向 (1.416625ms)
✔ 内部驱动只移开精确外壳白名单，机构、配件和旋桨保持原样 (6.519462ms)
✔ 重复开关、重复进入、卸载清理可恢复本次进入前状态，不累计资源 (2.958196ms)
✔ 可选外壳节点缺失不影响关闭与卸载 (0.536364ms)
✔ 内部驱动取景包含固定执行器、横梁和双侧连杆且不改变输入包围盒 (4.994106ms)
✔ 真实GLB在内部视图下继续同源联动，关闭后所有显示与材质属性原样恢复 (324.00282ms)
✔ 真实全行程包围盒给内部驱动固定取景，运动中无需每帧重新测量 (312.420554ms)
✔ 中文面板明确传动路径、概念布局边界与可恢复出口 (15.419119ms)
✔ 外部模式面板只引导观察，不提供覆盖Python控制的操作 (2.26087ms)
✔ V19横梁、螺母与导套是同一真实刚体，固定驱动部件不随行 (234.997335ms)
✔ V19行星齿数、轴位和两套导出动作一致 (200.596189ms)
✔ 压缩模型包含两片完整机翼与四个随翼动力单元 (238.174018ms)
✔ 整翼铰链将真实电机轴线从竖直向上连续转为向前 (78.84073ms)
✔ V22保留整翼、四机启停与五条内部传动旋转轨 (7.562943ms)
✔ V24仍保留V20槽顶内收方法和十二枚销端的真实几何收口 (14.236893ms)
✔ V22翼端球铰靠根侧且所有新增支承有实际节点与有限接口 (162.184917ms)
✔ V22压缩保留五传动空节点的静态TRS与全部旋转轨原值 (211.099466ms)
✔ V22红点、实际槽轮廓、内部布局和薄壁罩均有可复算契约 (65.034155ms)
✔ V24保留V23真实主翼缝、平顺后缘退让与原硬件净空 (11.89547ms)
✔ V23布尔赘片修复保持闭合外皮且不修改现存顶点坐标 (7.980616ms)
✔ V24机腹槽为真实平直双唇，中央底板和未改源表面有明确保护 (8.073452ms)
✔ 低置驱动与每侧单直件保持原球心及一个同步滑架 (72.70377ms)
✔ 偏轴翼端驱动共用滑架和刚性连杆，世界坐标变换不破坏两端闭合 (79.270656ms)
✔ 杆眼滚转由翼端销轴决定，任意姿态和往返都保持同一正交基 (40.130926ms)
✔ 拆解保持当前连杆和滑架原长原位，复装后恢复真实连接 (1.4164ms)
✔ 飞行位移、航向、侧倾和父级缩放不影响机体局部滑架求解 (5.819629ms)
✔ 不可闭合的刚性杆明确报错，不以缩放或静止端点掩盖 (1.207922ms)
✔ 待命起落支点精确接地且所有转换姿态完整落在测量范围 (464.079202ms)
✔ 最终压缩模型全部转换形态在四个正交检查视角内均不裁切 (291.047015ms)
✔ 暂停不继续旋桨且重复手动切换形态不会积累翼面旋转 (82.580801ms)
✔ 压缩模型保留独立刚性连杆控制节点且真实偏轴端点连续移动 (95.074638ms)
✔ 实际连杆在暂停、往返、任意跳转、拆解复装后都由当前进度唯一确定 (102.613964ms)
✔ 实际 GLB 在飞行父级位移、航向、侧倾及缩放下保持球头与杆眼连接 (82.055723ms)
✔ 折叠首帧与关节说明都源于实际模型，测量后恢复零展开 (135.469882ms)
✔ 实际当前模型在折叠近景、完整飞行航迹和左右关节特写中取景稳定 (382.075147ms)
✔ 从拆解转入关节特写不会继承上一帧机翼分离偏移 (51.335618ms)
✔ 四桨正时间步的实际叶尖沿各自固定电机轴产生约定的有向转角 (218.728506ms)
✔ 叶片真实截面具有朝速度方向的前缘、正轴几何螺距与径向扭转，两叶保持180度安装 (502.390023ms)
✔ V15拒绝方向与几何手性脱离的节点契约 (116.46472ms)
✔ 实际网格的八片桨叶展向垂直电机轴，保留真实桨距和厚度 (2468.684991ms)
✔ 任意旋转相位和整翼状态下桨尖扫掠圆面法向与真实电机轴平行 (2902.699357ms)
✔ 运行时从独立电机轴端点推导自转轴，不依赖局部 Y 或机翼/世界轴 (11.073261ms)
✔ 四机在任意翼角独立启动与停机，必须完全展开后转动、归零后折叠 (187.293987ms)
✔ 缺失或偏心的轴线标记明确拒绝，不会静默改为世界轴旋转 (0.955264ms)
✔ 取景范围包含所有活动桨的完整扫掠盘，静态折叠首帧保持近景 (211.840924ms)
✔ 飞行旋桨后手动跳转、反向、暂停与拆解复装保持整套桨毂和折叶一致 (996.048328ms)
✔ 四桨停桨收拢姿态的真实叶片顶点不进入自身动力舱或电机罩 (3096.841016ms)
✔ 折叶穿入检查能拒绝人为缩小铰点半径的错误几何 (77.783502ms)
✔ 面积二阶矩轴估计不随局部重剖分或重复共点改变 (3.71271ms)
✔ 面积积分轴检查仍拒绝人为倾斜真实桨帽，不以容差放宽掩盖偏轴 (39.363636ms)
✔ 连续半圈曝光是归一化叶片占空比，任意角度无16重鬼影、无不透明圆盘 (31.561246ms)
✔ 解析积分匹配密集真实时间采样，反向旋转与跨越相位零点连续 (39.50533ms)
✔ RPM改变弧长而非累加不透明度：空间积分守恒，连续区间分割不产生条纹 (21.770927ms)
✔ 轮廓来自实际部署叶片，保持渐尖/后掠及薄轴向包络，与当前折叶或整翼姿态无关 (671.870496ms)
✔ 停桨/收叶/清空与销毁立即撤销曝光，重建不会累积残影或释放原叶片资源 (624.623775ms)
✔ V15原1800 RPM/0.1秒输入仍积分三整圈，但真实快门样本覆盖多个相位 (20.189376ms)
✔ 外部暂停、断线、reset、seek和关闭立即取消快门且新step才恢复 (2.454912ms)
✔ JSON原0.1秒step内解析重建真正中间相位，暂停和定位无漂移 (60.501208ms)
✔ 0.1×慢放只改变整条记录播放速率，保留1800模拟RPM与真实相位并可看清旋转 (44.22441ms)
✔ 四机快门只显示真正运转的电机，收叶和0RPM不假转 (0.62095ms)
✔ V16连续快门遵守spinSign，不改变真实GLB权威节点与实体叶片几何 (423.981713ms)
✔ set暂停和销毁也停止呈现残影，不依赖pause专用操作 (42.353423ms)
✔ V17显示对比度有界、单调且保留透明端点，不把半圈曝光变成实体桨盘 (15.326947ms)
✔ V17机库仅轻调光比，保留背景与曝光，天空灯光不改 (0.7399ms)
✔ 四个真实桨毂和铰臂继承同一有符号轴相位，没有独立慢转或局部漂移 (130.378788ms)
✔ 显示增强只改新增快门材质，暂停即清除，不改权威电机、桨毂和叶片资源 (373.249809ms)
✔ 真实驱动在四机独立启停、任意翼角跳转与中断时保持停桨折叶互锁 (4486.753863ms)
✔ 新运行路径回归明确拒绝旧驱动保留任意桨相位直接折叶的缺陷 (66.457419ms)
✔ 真实折叶不得穿过同一桨毂下的自身销轴、叉臂或另一叶片 (2462.043993ms)
✔ 同桨净空回归拒绝把叶根轴孔重新填实的旧类缺陷 (2348.539217ms)
✔ 四个旋转桨帽在24相位和整翼转换前中后均不穿入固定电机轴 (5624.036785ms)
✔ 完全包容而没有表面交叉的固定轴干涉也被运行净空检查拒绝 (2.762053ms)
✔ 电机默认停机收桨，启动展叶完成前RPM恒为零 (3.057909ms)
✔ 停止依次减速、正向寻位、折叠；收桨期间中断重新启动连续 (7.123855ms)
✔ 启停滞回不会在低速阈值间反复展折，零dt完全冻结 (0.377483ms)
✔ 大dt采用分段积分，与1000个小步同相位同折角 (7.503076ms)
✔ 非法值、未知字段、错误枚举及无效四元数整批原子拒绝 (9.015492ms)
✔ 拆解与电机启动原子互斥，六片舵面可以分别提交 (0.815224ms)
✔ 载入前指令只接受不谎报applied，模型首帧确认后才发应用事件 (15.147235ms)
✔ 外部模式阻断本地demo，重复/stale revision不重放时间 (1.249176ms)
✔ 断线冻结、同viewer增量重连连续，失效历史snapshot安全归零 (1.120767ms)
✔ seek正向、反向与重复目标都安全重建，后续step才再次展开 (2.572176ms)
✔ 协议版本、危险输入与未知操作在外部模式原子拒绝 (3.702556ms)
✔ JSON记录与确定性step结果一致，可暂停、播放及任意逐帧seek (3.753832ms)
✔ 记录导入大小、条数、危险字段限制与非法后段原子拒绝 (21.629118ms)
✔ 退出/复位清除桨系、舵面、时间、外部模式；dispose移除事件与订阅 (0.795459ms)
✔ 远程静态站不尝试本机端口，不允许跨源URL、任意postMessage (1.660971ms)
✔ 同源连接生命周期：先ready注册、SSE接受、实际应用回执、关闭清理 (10.373127ms)
✔ 连接中断只冻结，非法SSE不覆盖已显示快照 (2.344902ms)
✔ 仿真面板SSR包含四机独立输入、离线声明、导入和退出入口 (21.414908ms)
✔ 更高revision夹带过期session序号仍被原子拒绝 (0.879153ms)
✔ 完整外部快照不得把缺失的电机或细节静默补零 (0.672942ms)
✔ Python租约释放带原因时正常交还本地控制，不能继续接受旧SSE (1.362385ms)
✔ 健康检查失败回到本地并给出真实错误，不宣称Python已连接 (0.617309ms)
✔ 连接检查尚未返回时复位，迟到成功不能重启SSE或覆盖新本地输入 (1.189009ms)
✔ 迟到DELETE清理不能抹掉关闭后新的本地电机操作 (22.189469ms)
✔ dispose期间迟到回执失败不能写已释放状态 (2.001295ms)
✔ 连接点击后立即复位也能取消尚未开始的健康检查 (0.309067ms)
✔ Python示例仅由点击触发同源读取，HTTP失败和过大内容明确拒绝 (10.051145ms)
✔ 重复导入只应用最后选择，迟到旧文件不能覆盖新回放 (1.056934ms)
✔ 导入期间关闭、Back或复位取消任务，不再复活回放 (0.423527ms)
✔ 外控中坏记录不打断会话；有效记录先释放外控再进入离线回放 (1.55578ms)
✔ 空记录可导入但不会建立永不停顿的回放时钟 (0.216881ms)
✔ Python实际协议消息与公开示例经过生产验证器，静态副本逐字一致 (47.738693ms)
✔ 外部与记录拆解必须立即安全清除残余转速，不能带速分离机翼 (1.053517ms)
✔ 退出必须先完成interrupt再DELETE，删除不能抢先令会话释放404 (1.839267ms)
✔ interrupt失败仍注销viewer并立即交还本地，明确后端释放未确认 (1.405021ms)
✔ interrupt超时有界后仍尝试DELETE，不受不响应abort的传输适配器阻塞 (9.472678ms)
✔ 服务端已释放控制时只注销viewer，不重复interrupt (0.791058ms)
✔ 外控导入后若后台释放失败，离线回放仍保留未确认警告 (1.081001ms)
✔ 独立倾转连续开始、精确暂停、无跳变反向并停在端点 (1.772063ms)
✔ 重复开始不改变当前进度、滑块中断播放、复位停在零点 (0.625328ms)
✔ 往返循环在两端反向并处理长时间步长及无效增量 (0.230196ms)
✔ 控制器驱动实际 GLB 双翼倾转且机身固定、撑杆始终连接 (136.351437ms)
✔ 平滑展开端点零速、任意手动姿态可反向且速度独立 (0.739524ms)
ℹ tests 154
ℹ suites 0
ℹ pass 154
ℹ fail 0
ℹ cancelled 0
ℹ skipped 0
ℹ todo 0
ℹ duration_ms 17919.732543
npm notice
npm notice New major version of npm available! 11.9.0 -> 12.2.0
npm notice Changelog: https://github.com/npm/cli/releases/tag/v12.2.0
npm notice To update run: npm install -g npm@12.2.0
npm notice
