{
  "schema": "transwing.v27-integrated-baked-animation.v1",
  "revision": 27,
  "passed": true,
  "pipelineTrialOnly": true,
  "browserPixelsTested": false,
  "appearanceAccepted": false,
  "jointMaterialAcceptanceImplied": false,
  "thresholds": {
    "visibleEyeBallDistance": 0.00002,
    "propHubToRealAxisDistance": 0.000002,
    "driveQuaternionError": 1e-10,
    "threadPhaseDriftRadians": 0.00005
  },
  "files": [
    {
      "filename": "xp4-source.glb",
      "passed": true,
      "sha256": "9aa024745764815bbeb1aac4dddd11b37ab1fe39453c631443dd4e21898ad923",
      "persistedMechanism": {
        "actualRightPivot": [
          1.5001282691955566,
          -1.4448717832565308,
          -0.22012822329998016
        ],
        "wingAnchorRightCruise": [
          1.1200000047683716,
          -1.0399999618530273,
          -0.17662404477596283
        ],
        "bodyAnchorRightCruise": [
          0.16,
          1.9,
          -0.02
        ],
        "rigidRodLength": 3.0967291777188986,
        "actualTravel": {
          "samples": 4001,
          "minimumY": 0.921356056511109,
          "maximumY": 1.900000123109269,
          "hoverY": 0.921356056511109,
          "cruiseY": 1.900000123109269,
          "continuousExtremaProof": false
        }
      },
      "clips": [
        {
          "name": "TRANSWING_Hover_Cruise_Hover",
          "channels": 18,
          "duration": 8.291666984558105,
          "samples": 5859,
          "maximumVisibleEyeBallDistance": 0.000005034297415101822,
          "maximumPropHubToRealAxisDistance": 1.0867649735959488e-7,
          "maximumDriveQuaternionError": 8.881784197001252e-16,
          "maximumThreadPhaseDriftRadians": 9.076740470348454e-8,
          "maximumMechanismPointError": 0.000008480659932032757,
          "maximumWingQuaternionError": 2.883493444016949e-11,
          "maximumEndpointMotorQuaternionError": 0,
          "maximumEndpointFoldQuaternionError": 3.552713678800501e-15,
          "maximumMotorQuaternionError": 0,
          "maximumFoldQuaternionError": 0,
          "stationaryFoldChecks": 0,
          "motorPoseReference": null,
          "actualSliderYRange": [
            0.9213560819625854,
            1.9000000953674319
          ]
        },
        {
          "name": "TRANSWING_Motors_Start_Stop",
          "channels": 26,
          "duration": 7,
          "samples": 5313,
          "maximumVisibleEyeBallDistance": 3.8428117828488316e-7,
          "maximumPropHubToRealAxisDistance": 1.0867644447540335e-7,
          "maximumDriveQuaternionError": 0,
          "maximumThreadPhaseDriftRadians": 2.864375403532904e-14,
          "maximumMechanismPointError": 9.522863299871647e-8,
          "maximumWingQuaternionError": 8.43769498715119e-15,
          "maximumEndpointMotorQuaternionError": 8.596456879672587e-13,
          "maximumEndpointFoldQuaternionError": 3.552713678800501e-15,
          "maximumMotorQuaternionError": 1.1826095658307167e-12,
          "maximumFoldQuaternionError": 4.773959005888173e-15,
          "stationaryFoldChecks": 18208,
          "motorPoseReference": "Independent analytical values at the frozen 673 Float32 quarter-frame knots, with linear angle interpolation matching glTF quaternion SLERP",
          "actualSliderYRange": [
            0.9213560819625853,
            0.9213560819625856
          ]
        }
      ],
      "threadRestPhaseFaultInjection": {
        "rejected": true,
        "injectedMaleThreadRotationRadians": 0.05
      }
    },
    {
      "filename": "xp4.glb",
      "passed": true,
      "sha256": "3dd49878c523734263488a498b61679a44b5da9f6a83e9b1ddf6033366a833a8",
      "persistedMechanism": {
        "actualRightPivot": [
          1.5001282691955566,
          -1.4448717832565308,
          -0.22012822329998016
        ],
        "wingAnchorRightCruise": [
          1.1200000047683716,
          -1.0399999618530273,
          -0.17662404477596283
        ],
        "bodyAnchorRightCruise": [
          0.16,
          1.9,
          -0.02
        ],
        "rigidRodLength": 3.0967291777188986,
        "actualTravel": {
          "samples": 4001,
          "minimumY": 0.921356056511109,
          "maximumY": 1.900000123109269,
          "hoverY": 0.921356056511109,
          "cruiseY": 1.900000123109269,
          "continuousExtremaProof": false
        }
      },
      "clips": [
        {
          "name": "TRANSWING_Hover_Cruise_Hover",
          "channels": 18,
          "duration": 8.291666984558105,
          "samples": 5859,
          "maximumVisibleEyeBallDistance": 0.000005034297414990324,
          "maximumPropHubToRealAxisDistance": 1.0867649735959488e-7,
          "maximumDriveQuaternionError": 8.881784197001252e-16,
          "maximumThreadPhaseDriftRadians": 9.076737628177511e-8,
          "maximumMechanismPointError": 0.000008480659932032757,
          "maximumWingQuaternionError": 2.883493444016949e-11,
          "maximumEndpointMotorQuaternionError": 0,
          "maximumEndpointFoldQuaternionError": 3.552713678800501e-15,
          "maximumMotorQuaternionError": 0,
          "maximumFoldQuaternionError": 0,
          "stationaryFoldChecks": 0,
          "motorPoseReference": null,
          "actualSliderYRange": [
            0.9213560819625854,
            1.9000000953674319
          ]
        },
        {
          "name": "TRANSWING_Motors_Start_Stop",
          "channels": 26,
          "duration": 7,
          "samples": 5313,
          "maximumVisibleEyeBallDistance": 3.8428117828488316e-7,
          "maximumPropHubToRealAxisDistance": 1.0867644447540335e-7,
          "maximumDriveQuaternionError": 0,
          "maximumThreadPhaseDriftRadians": 2.864375403532904e-14,
          "maximumMechanismPointError": 9.522863299871647e-8,
          "maximumWingQuaternionError": 8.43769498715119e-15,
          "maximumEndpointMotorQuaternionError": 8.596456879672587e-13,
          "maximumEndpointFoldQuaternionError": 3.552713678800501e-15,
          "maximumMotorQuaternionError": 1.1826095658307167e-12,
          "maximumFoldQuaternionError": 4.773959005888173e-15,
          "stationaryFoldChecks": 18208,
          "motorPoseReference": "Independent analytical values at the frozen 673 Float32 quarter-frame knots, with linear angle interpolation matching glTF quaternion SLERP",
          "actualSliderYRange": [
            0.9213560819625853,
            0.9213560819625856
          ]
        }
      ],
      "threadRestPhaseFaultInjection": {
        "rejected": true,
        "injectedMaleThreadRotationRadians": 0.05
      }
    }
  ]
}
