{
  "schema": "transwing.v27-integrated-runtime-compatibility.v1",
  "revision": 27,
  "passed": true,
  "pipelineTrialOnly": true,
  "productionSourceModified": false,
  "browserPixelsTested": false,
  "appearanceAccepted": false,
  "globalMaterialCollisionAcceptanceImplied": false,
  "thresholds": {
    "rigidRodClosure": 0.000001,
    "visibleEyeBallDistance": 0.00002,
    "propHubToRealAxisDistance": 0.000002,
    "threadPhaseDriftRadians": 0.00005
  },
  "productionAndExistingQAHashes": {
    "src/rig.ts": "4215cd44a02e36e62a2a7ccacd16a38b3fe9d82a727c0233af6d889caa56efb5",
    "src/motors.ts": "5297141cc670fd98034bd242e189f0d61681587db209a02da08fb73971c02824",
    "src/details.ts": "6b6a967e411a72e5bea6f44badb89f33746c01e5e1d770ce91d962a1d4cb1a66",
    "src/rotorExposure.ts": "478cb4cddd2027e41dc74134ca808c9eff47b72ed949219d2464d951d1ae303e",
    "src/internalDriveInspection.ts": "1a5fae23375a81475b43b9fe8d16bcce506a3b76663b1bba3ba9b288ad6f6a42",
    "qa/lib/runtime-rotor-motion.mts": "6a11997a0329c82e8463fa9c1517756a8699eed19d05489ab580bed6053ec91e"
  },
  "files": [
    {
      "filename": "xp4-source.glb",
      "passed": true,
      "errors": [],
      "sha256": "9aa024745764815bbeb1aac4dddd11b37ab1fe39453c631443dd4e21898ad923",
      "actualRenderMeshes": 287,
      "aliases": [
        {
          "side": "L",
          "ownerType": "Group",
          "renderPrimitives": 2,
          "aliasType": "Object3D"
        },
        {
          "side": "R",
          "ownerType": "Group",
          "renderPrimitives": 2,
          "aliasType": "Object3D"
        }
      ],
      "persistentMechanism": {
        "actualRightPivot": [
          1.5001282691955566,
          -1.4448717832565308,
          -0.22012822329998016
        ],
        "wingAnchorRightCruise": [
          1.1200000047683716,
          -1.0399999618530273,
          -0.17662404477596283
        ],
        "rigidRodLength": 3.0967291777188986,
        "actualTravel": {
          "samples": 4001,
          "minimumY": 0.921356056511109,
          "maximumY": 1.900000123109269,
          "hoverY": 0.921356056511109,
          "cruiseY": 1.900000123109269,
          "continuousExtremaProof": false
        }
      },
      "legacyDriveMetadata": [
        {
          "node": "Drive_ScrewRotor",
          "legacySliderRestY": 0.9718781424045453,
          "currentRestY": 0.9213560819625854,
          "usedByProduction": false
        },
        {
          "node": "Drive_MotorRotor",
          "legacySliderRestY": 0.9718781424045453,
          "currentRestY": 0.9213560819625854,
          "usedByProduction": false
        },
        {
          "node": "Drive_PlanetRotor_0",
          "currentRestY": 0.9213560819625854,
          "usedByProduction": false
        },
        {
          "node": "Drive_PlanetRotor_1",
          "currentRestY": 0.9213560819625854,
          "usedByProduction": false
        },
        {
          "node": "Drive_PlanetRotor_2",
          "currentRestY": 0.9213560819625854,
          "usedByProduction": false
        }
      ],
      "actualFrontStops": [
        {
          "side": "L",
          "stopBlenderYBounds": [
            0.8763560466468334,
            0.8843560628592968
          ],
          "stopCenterBlenderY": 0.8803560547530651,
          "innerFaceBlenderY": 0.8843560628592968,
          "bushingFrontFaceAtHoverBlenderY": 0.8883560821413996,
          "hoverGap": 0.004000019282102807,
          "method": "Loaded actual mesh world-space bounds, glTF Z negated to Blender Y"
        },
        {
          "side": "R",
          "stopBlenderYBounds": [
            0.8763560466468334,
            0.8843560628592968
          ],
          "stopCenterBlenderY": 0.8803560547530651,
          "innerFaceBlenderY": 0.8843560628592968,
          "bushingFrontFaceAtHoverBlenderY": 0.8883560821413996,
          "hoverGap": 0.004000019282102807,
          "method": "Loaded actual mesh world-space bounds, glTF Z negated to Blender Y"
        }
      ],
      "continuousParameterSamples": 4001,
      "maximumRigidRodClosureError": 1.1557574474513978e-7,
      "maximumVisibleEyeBallDistance": 1.8836374881924208e-7,
      "maximumPropHubToRealAxisDistance": 1.0867646873103498e-7,
      "maximumPersistentMechanismPointError": 2.2757582360866553e-7,
      "maximumWingQuaternionError": 8.659739592076221e-15,
      "maximumDriveQuaternionError": 2.220446049250313e-16,
      "maximumThreadPhaseDriftRadians": 8.326672684688674e-14,
      "actualMotorAxisChecks": 16004,
      "boundsChecks": 401,
      "actualTravel": {
        "minimumY": 0.9213560819625857,
        "maximumY": 1.900000169254385
      },
      "minimumFrontStopBushingGap": 0.004000019282102807,
      "endpoints": [
        {
          "unfold": 0,
          "wingAngleDegrees": 0,
          "sliderY": 0.9213560819625857,
          "wingR": [
            -0.5,
            0.5,
            0.5,
            0.5
          ],
          "rootEyeWorld": [
            1.4566241097369628,
            -0.6250001112129749,
            1.825000214313377
          ]
        },
        {
          "unfold": 0.5,
          "wingAngleDegrees": 60,
          "sliderY": 1.487146817502333,
          "wingR": [
            -0.2886751345948129,
            0.2886751345948129,
            0.2886751345948129,
            0.8660254037844386
          ],
          "rootEyeWorld": [
            1.0827493615939323,
            -0.5877494142097144,
            1.413874785944199
          ]
        },
        {
          "unfold": 1,
          "wingAngleDegrees": 120,
          "sliderY": 1.900000169254385,
          "wingR": [
            -5.551115123125783e-17,
            5.551115123125783e-17,
            5.551115123125783e-17,
            1
          ],
          "rootEyeWorld": [
            1.1200000271854467,
            -0.17662398882866417,
            1.0400000007029992
          ]
        }
      ],
      "explodedRestoreChecks": 8,
      "inspectionAndExposureLifecyclePassed": true,
      "productionMotorMotion": {
        "passed": true,
        "poseChecks": 34553,
        "axisPlaneChecks": 24
      },
      "productionMotionFaultInjection": {
        "rejected": true,
        "injected": "前桨带速收桨，与旧后桨范围无关"
      }
    },
    {
      "filename": "xp4.glb",
      "passed": true,
      "errors": [],
      "sha256": "3dd49878c523734263488a498b61679a44b5da9f6a83e9b1ddf6033366a833a8",
      "actualRenderMeshes": 287,
      "aliases": [
        {
          "side": "L",
          "ownerType": "Group",
          "renderPrimitives": 2,
          "aliasType": "Object3D"
        },
        {
          "side": "R",
          "ownerType": "Group",
          "renderPrimitives": 2,
          "aliasType": "Object3D"
        }
      ],
      "persistentMechanism": {
        "actualRightPivot": [
          1.5001282691955566,
          -1.4448717832565308,
          -0.22012822329998016
        ],
        "wingAnchorRightCruise": [
          1.1200000047683716,
          -1.0399999618530273,
          -0.17662404477596283
        ],
        "rigidRodLength": 3.0967291777188986,
        "actualTravel": {
          "samples": 4001,
          "minimumY": 0.921356056511109,
          "maximumY": 1.900000123109269,
          "hoverY": 0.921356056511109,
          "cruiseY": 1.900000123109269,
          "continuousExtremaProof": false
        }
      },
      "legacyDriveMetadata": [
        {
          "node": "Drive_ScrewRotor",
          "legacySliderRestY": 0.9718781424045453,
          "currentRestY": 0.9213560819625854,
          "usedByProduction": false
        },
        {
          "node": "Drive_MotorRotor",
          "legacySliderRestY": 0.9718781424045453,
          "currentRestY": 0.9213560819625854,
          "usedByProduction": false
        },
        {
          "node": "Drive_PlanetRotor_0",
          "currentRestY": 0.9213560819625854,
          "usedByProduction": false
        },
        {
          "node": "Drive_PlanetRotor_1",
          "currentRestY": 0.9213560819625854,
          "usedByProduction": false
        },
        {
          "node": "Drive_PlanetRotor_2",
          "currentRestY": 0.9213560819625854,
          "usedByProduction": false
        }
      ],
      "actualFrontStops": [
        {
          "side": "L",
          "stopBlenderYBounds": [
            0.8763560466468334,
            0.8843560628592968
          ],
          "stopCenterBlenderY": 0.8803560547530651,
          "innerFaceBlenderY": 0.8843560628592968,
          "bushingFrontFaceAtHoverBlenderY": 0.8883560821413996,
          "hoverGap": 0.004000019282102807,
          "method": "Loaded actual mesh world-space bounds, glTF Z negated to Blender Y"
        },
        {
          "side": "R",
          "stopBlenderYBounds": [
            0.8763560466468334,
            0.8843560628592968
          ],
          "stopCenterBlenderY": 0.8803560547530651,
          "innerFaceBlenderY": 0.8843560628592968,
          "bushingFrontFaceAtHoverBlenderY": 0.8883560821413996,
          "hoverGap": 0.004000019282102807,
          "method": "Loaded actual mesh world-space bounds, glTF Z negated to Blender Y"
        }
      ],
      "continuousParameterSamples": 4001,
      "maximumRigidRodClosureError": 1.1557574474513978e-7,
      "maximumVisibleEyeBallDistance": 1.8836374881924208e-7,
      "maximumPropHubToRealAxisDistance": 1.0867646873103498e-7,
      "maximumPersistentMechanismPointError": 2.2757582360866553e-7,
      "maximumWingQuaternionError": 8.659739592076221e-15,
      "maximumDriveQuaternionError": 2.220446049250313e-16,
      "maximumThreadPhaseDriftRadians": 1.0658141036401503e-13,
      "actualMotorAxisChecks": 16004,
      "boundsChecks": 401,
      "actualTravel": {
        "minimumY": 0.9213560819625857,
        "maximumY": 1.900000169254385
      },
      "minimumFrontStopBushingGap": 0.004000019282102807,
      "endpoints": [
        {
          "unfold": 0,
          "wingAngleDegrees": 0,
          "sliderY": 0.9213560819625857,
          "wingR": [
            -0.5,
            0.5,
            0.5,
            0.5
          ],
          "rootEyeWorld": [
            1.4566241097369628,
            -0.6250001112129749,
            1.825000214313377
          ]
        },
        {
          "unfold": 0.5,
          "wingAngleDegrees": 60,
          "sliderY": 1.487146817502333,
          "wingR": [
            -0.2886751345948129,
            0.2886751345948129,
            0.2886751345948129,
            0.8660254037844386
          ],
          "rootEyeWorld": [
            1.0827493615939323,
            -0.5877494142097144,
            1.413874785944199
          ]
        },
        {
          "unfold": 1,
          "wingAngleDegrees": 120,
          "sliderY": 1.900000169254385,
          "wingR": [
            -5.551115123125783e-17,
            5.551115123125783e-17,
            5.551115123125783e-17,
            1
          ],
          "rootEyeWorld": [
            1.1200000271854467,
            -0.17662398882866417,
            1.0400000007029992
          ]
        }
      ],
      "explodedRestoreChecks": 8,
      "inspectionAndExposureLifecyclePassed": true,
      "productionMotorMotion": {
        "passed": true,
        "poseChecks": 34553,
        "axisPlaneChecks": 24
      },
      "productionMotionFaultInjection": {
        "rejected": true,
        "injected": "前桨带速收桨，与旧后桨范围无关"
      }
    }
  ]
}
