{
  "passed": true,
  "revision": 27,
  "scope": "Synthetic negative checks of current-stage copies only; no fixture grants model acceptance.",
  "originalRuntimeSha256": "3dd49878c523734263488a498b61679a44b5da9f6a83e9b1ddf6033366a833a8",
  "originalRuntimeUnchanged": true,
  "tests": [
    {
      "test": "primitive-material-drift",
      "passed": true,
      "exitCode": 1,
      "expectedRejection": "Serialized material changed",
      "mutatedRuntimeSha256": "c43fc6aea0770f83aa0439d8e430fc52e47d78d5d897d7c9949014505c1ca0be",
      "log": "identity-negative-fixtures/primitive-material-drift/expected-rejection.log",
      "temporaryFixtureAssetsRetained": false
    },
    {
      "test": "critical-owner-trs-drift",
      "passed": true,
      "exitCode": 1,
      "expectedRejection": "serialized translation",
      "mutatedRuntimeSha256": "7fa7b68dde847723dc1f4f5b28c716f5710701c281805d41b1a21240388cc7d0",
      "log": "identity-negative-fixtures/critical-owner-trs-drift/expected-rejection.log",
      "temporaryFixtureAssetsRetained": false
    },
    {
      "test": "empty-alias-trs-drift",
      "passed": true,
      "exitCode": 1,
      "expectedRejection": "serialized translation",
      "mutatedRuntimeSha256": "b2902dea44e130357759c706d8d9a107262370da7badbd11de24c83e8834fde0",
      "log": "identity-negative-fixtures/empty-alias-trs-drift/expected-rejection.log",
      "temporaryFixtureAssetsRetained": false
    },
    {
      "test": "animation-interpolation-drift",
      "passed": true,
      "exitCode": 1,
      "expectedRejection": "Animation interpolation changed",
      "mutatedRuntimeSha256": "22667d037fd246061bc2e17997f5eb2425c0e8736d759b4f2ac317421b8e0f98",
      "log": "identity-negative-fixtures/animation-interpolation-drift/expected-rejection.log",
      "temporaryFixtureAssetsRetained": false
    },
    {
      "test": "inherited-critical-exemption-removed",
      "passed": true,
      "exitCode": 1,
      "expectedRejection": "Missing strict Float32 owner Composite_wing_R",
      "mutatedRuntimeSha256": "3dd49878c523734263488a498b61679a44b5da9f6a83e9b1ddf6033366a833a8",
      "log": "identity-negative-fixtures/inherited-critical-exemption-removed/expected-rejection.log",
      "temporaryFixtureAssetsRetained": false
    }
  ]
}
