npm warn Unknown env config "http-proxy". This will stop working in the next major version of npm.

> transwing-studio@1.0.0 test
> node --import tsx --test src/*.test.ts

✔ 透视缩放相对于当前目标限制在0.2–240，不受飞行世界坐标影响 (4.979428ms)
✔ 整机与局部正交检查共用0.08–40倍缩放且不改变正交方向 (2.400179ms)
✔ 近景自适应裁面保留目标细节投影，放大能力为原6单位下限的30倍 (1.122903ms)
✔ 最远透视范围仍完整容纳整机且不会被远裁面或旧78单位雾吞没 (4.73464ms)
✔ Node合成滚轮事件锚定光标处细节，正交平移后不改变检查方向 (1.482886ms)
✔ Node合成双指事件保留捏合缩放和平移，即使检查模式禁止旋转 (1.394102ms)
✔ 深度更新及外部平移保留用户缩放、平移目标与方向，重置仍恢复预设 (0.571241ms)
✔ 极远正交视景切回透视的等效起点仍在裁面内，最终预设不受扩大范围影响 (3.725788ms)
✔ 细节模式保持静态装配姿态，排除飞行、倾转、拆解及自动环绕 (7.085264ms)
✔ 细节动作只接受当前部件、有限数值和明确行程 (1.277827ms)
✔ 快速反复切换六种细节清零旧动作，退出恢复进入前精确整翼姿态 (4.90796ms)
✔ 普通视角、关节、飞行、整翼、拆解、自由观察及复位均关闭舱盖 (0.705063ms)
✔ 暂停保持当前静态细节，过期动画tick不能重启飞行或整翼 (0.255415ms)
✔ 主GLB载入前选细节、改值、取消、复位和选概念均无残余姿态 (440.470622ms)
✔ 真实GLB含六个独立活动舵面及单独舱盖轴，默认全部中立关闭 (61.238955ms)
✔ 实际轴线驱动绝对限幅不累计、左右符号镜像且主飞行动作强制回中 (91.510171ms)
✔ 错误细节铰轴必须拒绝，不能以装饰网格估计旋转轴 (1.35938ms)
✔ 近看镜头按各部件全行程包络取景，宽屏和窄屏都不裁切 (137.495826ms)
✔ 舱盖完整55度包络悬空检视不穿地板，退出恢复正常groundOffset (169.191791ms)
✔ 互锁回归拒绝非法舱盖混控、飞行/拆解并行及任何一个残留偏转pivot (83.851749ms)
✔ 六类细节React静态标记及320px源码约束持续保留退出与换行 (990.384029ms)
✔ 可选概念模块错误边界仅显示局部错误，返回按钮清理细节并恢复主机 (739.477002ms)
✔ 独立电机电调概念模块Meshopt解码与Float32原始几何、材质和拓扑完全等价 (122.735999ms)
✔ 首次打开为折叠暂停；加载前发起展开再重置仍停在折叠默认机位 (3.503223ms)
✔ 拖动后反复切换俯视与关节保留精确姿态，视角切换暂停机构 (0.509849ms)
✔ 飞行转关节捕获当前展开姿态，再开始完整飞行从折叠待命重新起飞 (0.254634ms)
✔ 自由观察不会丢失手动展开进度，暂停与连续反向互不启动飞行 (0.339362ms)
✔ 完整飞行顺序包含八个阶段 (1.82397ms)
✔ 全部阶段边界保持高度、整翼角度与速度连续 (0.678183ms)
✔ 转换中点驱动整翼，降落返回地面 (0.213222ms)
✔ 播放循环、暂停边界和重置时间稳定 (0.148574ms)
✔ 正视、侧视与俯视严格对应机体三条正交轴 (17.37496ms)
✔ 横屏与窄屏的所有检查视角完整容纳实际包围盒并保留边距 (7.045343ms)
✔ 检查相机自主管理投影，切换画质或像素比不改变模型取景 (0.220502ms)
✔ 俯视为严格 Y 轴正交投影，机头 +Z 朝上且高度变化不改变平面比例 (0.262396ms)
✔ 折叠首屏近景比完整航迹更近，宽窄屏均保留模型边距 (1.069263ms)
✔ 左右关节特写直接以实际轴心取景且保持镜像机位 (0.226952ms)
✔ 减少动态效果直接提交相机终态，反复换俯视、正视和特写不继承错误缩放 (1.560803ms)
✔ 连杆特写按整段运动范围固定取景，左右和宽窄屏都不裁切 (5.6901ms)
✔ 外部轨迹镜头随根位移平移，任意跳转保留机体投影和用户观察方向 (4.918497ms)
✔ 内部驱动只移开精确外壳白名单，机构、配件和旋桨保持原样 (9.098741ms)
✔ 重复开关、重复进入、卸载清理可恢复本次进入前状态，不累计资源 (6.556006ms)
✔ 可选外壳节点缺失不影响关闭与卸载 (0.399913ms)
✔ 内部驱动取景包含固定执行器、横梁和双侧连杆且不改变输入包围盒 (15.680585ms)
✔ 真实GLB在内部视图下继续同源联动，关闭后所有显示与材质属性原样恢复 (318.097316ms)
✔ 真实全行程包围盒给内部驱动固定取景，运动中无需每帧重新测量 (337.353794ms)
✔ 中文面板明确传动路径、概念布局边界与可恢复出口 (18.228377ms)
✔ 外部模式面板只引导观察，不提供覆盖Python控制的操作 (0.927078ms)
✔ V19横梁、螺母与导套是同一真实刚体，固定驱动部件不随行 (151.282295ms)
✔ V19行星齿数、轴位和两套导出动作一致 (69.269644ms)
✔ 压缩模型包含两片完整机翼与四个随翼动力单元 (184.747938ms)
✔ 整翼铰链将真实电机轴线从竖直向上连续转为向前 (104.091749ms)
✔ V22保留整翼、四机启停与五条内部传动旋转轨 (5.256736ms)
✔ V27明确标识新修订；冻结V24的槽顶和十二销记录仅作历史来源 (17.510075ms)
✔ V27当前球心和全部支承节点真实存在，未改舱盖和舵铰契约保留 (106.357836ms)
✔ 冻结V24的23处表面接触见证仍完整保存，不作为V27新接触证明 (6.487312ms)
✔ V22压缩保留五传动空节点的静态TRS与全部旋转轨原值 (197.112409ms)
✔ 新球心、刚杆闭合、实际槽轮廓和低置布局均有可复算契约 (65.288671ms)
✔ V27 EMPTY下蒙皮锚保留，完整Composite双材质owner为实际Float32闭体 (618.2214ms)
✔ V27实际滑架4001姿态保留定长闭环，实际移动件不穿过当前固定止挡 (688.911852ms)
✔ 冻结V24的四片V22涂层法向记录只核历史身份，不继承到新裁分蓝皮 (13.084962ms)
✔ V27保留真实移轴；旧分层材料证书显式冻结且不替代新几何门 (38.43659ms)
✔ V24机腹槽为真实平直双唇，中央底板和未改源表面有明确保护 (3.183841ms)
✔ 低置驱动与每侧单直件保持原球心及一个同步滑架 (38.908552ms)
✔ 模型缓存键绑定当前实际文件，同版本视图复用相同地址 (21.021008ms)
✔ 偏轴翼端驱动共用滑架和刚性连杆，世界坐标变换不破坏两端闭合 (33.235858ms)
✔ 杆眼滚转由翼端销轴决定，任意姿态和往返都保持同一正交基 (28.194435ms)
✔ 拆解保持当前连杆和滑架原长原位，复装后恢复真实连接 (1.256455ms)
✔ 飞行位移、航向、侧倾和父级缩放不影响机体局部滑架求解 (1.490788ms)
✔ 不可闭合的刚性杆明确报错，不以缩放或静止端点掩盖 (0.858424ms)
✔ 待命起落支点精确接地且所有转换姿态完整落在测量范围 (304.068056ms)
✔ 最终压缩模型全部转换形态在四个正交检查视角内均不裁切 (319.342674ms)
✔ 暂停不继续旋桨且重复手动切换形态不会积累翼面旋转 (79.216753ms)
✔ 压缩模型保留独立刚性连杆控制节点且真实偏轴端点连续移动 (83.553664ms)
✔ 实际连杆在暂停、往返、任意跳转、拆解复装后都由当前进度唯一确定 (137.196003ms)
✔ 实际 GLB 在飞行父级位移、航向、侧倾及缩放下保持球头与杆眼连接 (75.538488ms)
✔ 折叠首帧与关节说明都源于实际模型，测量后恢复零展开 (104.023621ms)
✔ 实际当前模型在折叠近景、完整飞行航迹和左右关节特写中取景稳定 (269.899787ms)
✔ 从拆解转入关节特写不会继承上一帧机翼分离偏移 (36.672139ms)
✔ 四桨正时间步的实际叶尖沿各自固定电机轴产生约定的有向转角 (239.852918ms)
✔ 叶片真实截面具有朝速度方向的前缘、正轴几何螺距与径向扭转，两叶保持180度安装 (2066.529986ms)
✔ V15拒绝方向与几何手性脱离的节点契约 (32.321689ms)
✔ 真实连续桨叶保留28点根截面、56点叶身截面与单点圆尖，接回和包络由实际顶点证明 (76.028642ms)
✔ 面积积分动力舱轴门仍拒绝四个真实舱体各自10度错轴 (377.305413ms)
✔ 实际网格的八片桨叶展向垂直电机轴，保留真实桨距和厚度 (3492.898392ms)
✔ 任意旋转相位和整翼状态下桨尖扫掠圆面法向与真实电机轴平行 (5039.414573ms)
✔ 运行时从独立电机轴端点推导自转轴，不依赖局部 Y 或机翼/世界轴 (4.280245ms)
✔ 四机在任意翼角独立启动与停机，必须完全展开后转动、归零后折叠 (185.087811ms)
✔ 缺失或偏心的轴线标记明确拒绝，不会静默改为世界轴旋转 (0.593794ms)
✔ 取景范围包含所有活动桨的完整扫掠盘，静态折叠首帧保持近景 (252.364625ms)
✔ 飞行旋桨后手动跳转、反向、暂停与拆解复装保持整套桨毂和折叶一致 (1484.31916ms)
✔ 四桨停桨收拢姿态的真实叶片顶点不进入自身动力舱或电机罩 (22174.79748ms)
✔ 折叶穿入检查能拒绝人为缩小铰点半径的错误几何 (305.278797ms)
✔ 面积二阶矩轴估计不随局部重剖分或重复共点改变 (3.894126ms)
✔ 面积积分轴检查仍拒绝人为倾斜真实桨帽，不以容差放宽掩盖偏轴 (69.06946ms)
✔ 连续半圈曝光是归一化叶片占空比，任意角度无16重鬼影、无不透明圆盘 (8.592106ms)
✔ 解析积分匹配密集真实时间采样，反向旋转与跨越相位零点连续 (32.391985ms)
✔ RPM改变弧长而非累加不透明度：空间积分守恒，连续区间分割不产生条纹 (32.396372ms)
✔ 轮廓来自实际部署叶片，保持渐尖/后掠及薄轴向包络，与当前折叶或整翼姿态无关 (732.703177ms)
✔ 停桨/收叶/清空与销毁立即撤销曝光，重建不会累积残影或释放原叶片资源 (690.020759ms)
✔ V15原1800 RPM/0.1秒输入仍积分三整圈，但真实快门样本覆盖多个相位 (5.488837ms)
✔ 外部暂停、断线、reset、seek和关闭立即取消快门且新step才恢复 (1.628836ms)
✔ JSON原0.1秒step内解析重建真正中间相位，暂停和定位无漂移 (85.960784ms)
✔ 0.1×慢放只改变整条记录播放速率，保留1800模拟RPM与真实相位并可看清旋转 (44.13966ms)
✔ 四机快门只显示真正运转的电机，收叶和0RPM不假转 (0.456668ms)
✔ V16连续快门遵守spinSign，不改变真实GLB权威节点与实体叶片几何 (525.093238ms)
✔ set暂停和销毁也停止呈现残影，不依赖pause专用操作 (37.19671ms)
✔ V17显示对比度有界、单调且保留透明端点，不把半圈曝光变成实体桨盘 (9.160343ms)
✔ V17机库仅轻调光比，保留背景与曝光，天空灯光不改 (2.923568ms)
✔ 四个真实桨毂和铰臂继承同一有符号轴相位，没有独立慢转或局部漂移 (105.076554ms)
✔ 显示增强只改新增快门材质，暂停即清除，不改权威电机、桨毂和叶片资源 (375.102682ms)
✔ 真实驱动在四机独立启停、任意翼角跳转与中断时保持停桨折叶互锁 (4769.001421ms)
✔ 新运行路径回归明确拒绝旧驱动保留任意桨相位直接折叶的缺陷 (43.627173ms)
✔ 真实折叶不得穿过同一桨毂下的自身销轴、叉臂或另一叶片 (4544.896104ms)
✔ 同桨净空回归拒绝把叶根轴孔重新填实的旧类缺陷 (3799.929385ms)
✔ 四个旋转桨帽在24相位和整翼转换前中后均不穿入固定电机轴 (4682.110832ms)
✔ 完全包容而没有表面交叉的固定轴干涉也被运行净空检查拒绝 (2.094778ms)
✔ 电机默认停机收桨，启动展叶完成前RPM恒为零 (1.500002ms)
✔ 停止依次减速、正向寻位、折叠；收桨期间中断重新启动连续 (11.029011ms)
✔ 启停滞回不会在低速阈值间反复展折，零dt完全冻结 (0.174633ms)
✔ 大dt采用分段积分，与1000个小步同相位同折角 (2.872101ms)
✔ 非法值、未知字段、错误枚举及无效四元数整批原子拒绝 (5.867838ms)
✔ 拆解与电机启动原子互斥，六片舵面可以分别提交 (1.45889ms)
✔ 载入前指令只接受不谎报applied，模型首帧确认后才发应用事件 (0.943753ms)
✔ 外部模式阻断本地demo，重复/stale revision不重放时间 (0.4908ms)
✔ 断线冻结、同viewer增量重连连续，失效历史snapshot安全归零 (0.602408ms)
✔ seek正向、反向与重复目标都安全重建，后续step才再次展开 (0.784673ms)
✔ 协议版本、危险输入与未知操作在外部模式原子拒绝 (0.334745ms)
✔ JSON记录与确定性step结果一致，可暂停、播放及任意逐帧seek (1.205017ms)
✔ 记录导入大小、条数、危险字段限制与非法后段原子拒绝 (4.617093ms)
✔ 退出/复位清除桨系、舵面、时间、外部模式；dispose移除事件与订阅 (0.384049ms)
✔ 远程静态站不尝试本机端口，不允许跨源URL、任意postMessage (0.494456ms)
✔ 同源连接生命周期：先ready注册、SSE接受、实际应用回执、关闭清理 (4.513756ms)
✔ 连接中断只冻结，非法SSE不覆盖已显示快照 (1.243264ms)
✔ 仿真面板SSR包含四机独立输入、离线声明、导入和退出入口 (10.884333ms)
✔ 更高revision夹带过期session序号仍被原子拒绝 (0.530791ms)
✔ 完整外部快照不得把缺失的电机或细节静默补零 (0.208274ms)
✔ Python租约释放带原因时正常交还本地控制，不能继续接受旧SSE (0.893988ms)
✔ 健康检查失败回到本地并给出真实错误，不宣称Python已连接 (0.303118ms)
✔ 连接检查尚未返回时复位，迟到成功不能重启SSE或覆盖新本地输入 (1.37243ms)
✔ 迟到DELETE清理不能抹掉关闭后新的本地电机操作 (10.191748ms)
✔ dispose期间迟到回执失败不能写已释放状态 (0.929561ms)
✔ 连接点击后立即复位也能取消尚未开始的健康检查 (0.141113ms)
✔ Python示例仅由点击触发同源读取，HTTP失败和过大内容明确拒绝 (2.049671ms)
✔ 重复导入只应用最后选择，迟到旧文件不能覆盖新回放 (0.538883ms)
✔ 导入期间关闭、Back或复位取消任务，不再复活回放 (0.255816ms)
✔ 外控中坏记录不打断会话；有效记录先释放外控再进入离线回放 (1.266801ms)
✔ 空记录可导入但不会建立永不停顿的回放时钟 (0.131498ms)
✔ Python实际协议消息与公开示例经过生产验证器，静态副本逐字一致 (26.278446ms)
✔ 外部与记录拆解必须立即安全清除残余转速，不能带速分离机翼 (0.470109ms)
✔ 退出必须先完成interrupt再DELETE，删除不能抢先令会话释放404 (0.829931ms)
✔ interrupt失败仍注销viewer并立即交还本地，明确后端释放未确认 (0.724973ms)
✔ interrupt超时有界后仍尝试DELETE，不受不响应abort的传输适配器阻塞 (15.029489ms)
✔ 服务端已释放控制时只注销viewer，不重复interrupt (3.761813ms)
✔ 外控导入后若后台释放失败，离线回放仍保留未确认警告 (0.928089ms)
✔ 独立倾转连续开始、精确暂停、无跳变反向并停在端点 (1.804291ms)
✔ 重复开始不改变当前进度、滑块中断播放、复位停在零点 (0.783892ms)
✔ 往返循环在两端反向并处理长时间步长及无效增量 (0.317449ms)
✔ 控制器驱动实际 GLB 双翼倾转且机身固定、撑杆始终连接 (127.448004ms)
✔ 平滑展开端点零速、任意手动姿态可反向且速度独立 (0.720647ms)
✔ 手动来源反复进入保留16种独立电机组合与转速，时钟保持可推进 (6.538179ms)
✔ 手动与演示切源清空上一来源电机命令，保留机体姿态并设置相应时钟 (0.459553ms)
✔ 外部与JSON回放保有来源控制权，本地入口不能断开或覆写状态 (5.034682ms)
✔ 已释放的运行时不能被新的本地入口复活 (0.243848ms)
✔ 本地演示或手动入口取消待完成导入，迟到文件不能夺回控制 (0.522118ms)
✔ 尚未开始健康检查的连接意图被新本地操作取消 (0.29194ms)
✔ 旧桥清理期间排队的接入不能覆盖后来的本地操作，之后仍可正常重连 (2.993784ms)
✔ Escape优先级覆盖16种可见层组合且没有释放外控的动作 (0.295666ms)
✔ 源码绑定：面板收起仅改变显示；不是浏览器点击验证 (26.502645ms)
✔ 源码绑定：手动回调不调用demo入口，Escape分支不关闭同源桥 (26.338116ms)
✔ 源码绑定：顶层Escape先捕获消费，导入监听器尊重已处理事件 (20.935079ms)
✔ 源码绑定：弹窗在背景inert前同步保存触发焦点 (14.856553ms)
✔ SSR：演示时电机编辑禁用，手动时四机独立可用，外控再次锁定 (12.618899ms)
✔ 实际CSS双向约束覆盖八种屏幕与检查面板开关，并拒绝旧固定高度 (45.713278ms)
✔ 画布变化沿现有尺寸依赖重新取景，开关检查面板不改变模型和镜头参数 (157.766297ms)
✔ 八种CSS计算画布比例完整容纳真实模型全展开、检查视角和飞行轨迹 (1118.407555ms)
ℹ tests 176
ℹ suites 0
ℹ pass 176
ℹ fail 0
ℹ cancelled 0
ℹ skipped 0
ℹ todo 0
ℹ duration_ms 34833.076407
npm notice
npm notice New major version of npm available! 11.9.0 -> 12.2.0
npm notice Changelog: https://github.com/npm/cli/releases/tag/v12.2.0
npm notice To update run: npm install -g npm@12.2.0
npm notice
