{
  "passed": true,
  "revision": 27,
  "sourceCandidateSha256": "742ef52939de40f5d2eb46b87d38c8e85f99bffafc270c302afd59b9ea398adf",
  "sourceSha256": "e065b47171b799251b5e1eb7764b1d0e7d75e336edd1615979b69edf52c65a42",
  "runtimeSha256": "352b1b6fd28026e5c9b50e981e1fb30aa4d5fad805084d7186ca2e9c7c375b16",
  "sourceBytes": 10158984,
  "runtimeBytes": 3696884,
  "runtimeBudgetDecision": "pending-root-decision",
  "priorV26BudgetBytesReferenceOnly": 3800000,
  "withinPriorV26ReferenceBudget": true,
  "budgetAcceptanceImplied": false,
  "integrationApproved": false,
  "appearanceAccepted": false,
  "jointMaterialAcceptanceImplied": false,
  "meshInstances": 285,
  "renderedMeshPrimitives": 287,
  "rawNodes": 352,
  "countsVerifiedAgainstCurrentReferenceAndBakeReceipt": true,
  "inheritedCriticalOwnersAndAliases": 179,
  "requiredCriticalGeometryOwners": 177,
  "completeCriticalGeometryMeshes": 177,
  "criticalPrimitiveCount": 179,
  "newRequiredCriticalOwners": [],
  "additionalCompressorDeclaredOwners": [],
  "semanticAliases": [
    {
      "node": "WingLowerClosure_L",
      "type": "EMPTY",
      "materialOwner": "Composite_wing_L",
      "parent": "WingPivot_L",
      "serializedTrsExactlyPreserved": true
    },
    {
      "node": "WingLowerClosure_R",
      "type": "EMPTY",
      "materialOwner": "Composite_wing_R",
      "parent": "WingPivot_R",
      "serializedTrsExactlyPreserved": true
    }
  ],
  "allHierarchyNamesAndParentsPreserved": true,
  "allMaterialDefinitionsAndBindingsPreserved": true,
  "maxCriticalLocalMatrixError": 0,
  "driveRestTransformsExactlyPreserved": [
    "Drive_ScrewRotor",
    "Drive_MotorRotor",
    "Drive_PlanetRotor_0",
    "Drive_PlanetRotor_1",
    "Drive_PlanetRotor_2"
  ],
  "animations": [
    {
      "name": "TRANSWING_Hover_Cruise_Hover",
      "tracks": 18,
      "duration": 8.291666984558105,
      "trackNames": [
        "BraceSpreader.position",
        "WingPivot_L.quaternion",
        "BladeFold_L_Rear_A.quaternion",
        "BladeFold_L_Rear_B.quaternion",
        "BraceRod_L.position",
        "BraceRod_L.quaternion",
        "BraceRod_L.scale",
        "WingPivot_R.quaternion",
        "BladeFold_R_Rear_A.quaternion",
        "BladeFold_R_Rear_B.quaternion",
        "BraceRod_R.position",
        "BraceRod_R.quaternion",
        "BraceRod_R.scale",
        "Drive_ScrewRotor.quaternion",
        "Drive_PlanetRotor_0.quaternion",
        "Drive_PlanetRotor_1.quaternion",
        "Drive_PlanetRotor_2.quaternion",
        "Drive_MotorRotor.quaternion"
      ],
      "allDecodedTimesAndValuesByteEqual": true,
      "interpolationAndTypesIdentical": true
    },
    {
      "name": "TRANSWING_Motors_Start_Stop",
      "tracks": 26,
      "duration": 7,
      "trackNames": [
        "BraceSpreader.position",
        "WingPivot_L.quaternion",
        "Prop_L_Front.quaternion",
        "BladeFold_L_Front_A.quaternion",
        "BladeFold_L_Front_B.quaternion",
        "Prop_L_Rear.quaternion",
        "BladeFold_L_Rear_A.quaternion",
        "BladeFold_L_Rear_B.quaternion",
        "BraceRod_L.position",
        "BraceRod_L.quaternion",
        "BraceRod_L.scale",
        "WingPivot_R.quaternion",
        "Prop_R_Front.quaternion",
        "BladeFold_R_Front_A.quaternion",
        "BladeFold_R_Front_B.quaternion",
        "Prop_R_Rear.quaternion",
        "BladeFold_R_Rear_A.quaternion",
        "BladeFold_R_Rear_B.quaternion",
        "BraceRod_R.position",
        "BraceRod_R.quaternion",
        "BraceRod_R.scale",
        "Drive_ScrewRotor.quaternion",
        "Drive_PlanetRotor_0.quaternion",
        "Drive_PlanetRotor_1.quaternion",
        "Drive_PlanetRotor_2.quaternion",
        "Drive_MotorRotor.quaternion"
      ],
      "allDecodedTimesAndValuesByteEqual": true,
      "interpolationAndTypesIdentical": true
    }
  ],
  "claimBoundary": "Current baked source/runtime identity only: all inherited and current critical owners, every material primitive, Float32 oriented positions, exact serialized local TRS, complete hierarchy/material assignments, and animation arrays. Full current-candidate material, wall/clearance, appearance, playback and production-rig gates remain separate. Frozen parent metadata grants no new material acceptance."
}
