{
  "passed": true,
  "revision": 27,
  "sourceCandidateSha256": "742ef52939de40f5d2eb46b87d38c8e85f99bffafc270c302afd59b9ea398adf",
  "strictGateOwnerNames": [
    "Composite_wing_L",
    "Composite_wing_R"
  ],
  "jointMaterialAcceptanceImplied": false,
  "appearanceAccepted": false,
  "integrationApproved": false,
  "rows": [
    {
      "file": "xp4-source.glb",
      "sha256": "e065b47171b799251b5e1eb7764b1d0e7d75e336edd1615979b69edf52c65a42",
      "node": "Composite_wing_L",
      "loaderType": "Group",
      "primitives": [
        "Composite_wing_L__flat_candidate_actual_triangle_surface001",
        "Composite_wing_L__flat_candidate_actual_triangle_surface001_1"
      ],
      "sourceTriangleCount": 39416,
      "rawTopology": {
        "closed": true,
        "components": 1,
        "boundaryEdges": 0,
        "nonmanifoldEdges": 0
      },
      "zeroAreaTriangles": [],
      "minimumOwnerLocalTriangleArea": 2.7755575615628914e-17,
      "ownerLocalBelowOrEqual1e18": [],
      "unchangedCollisionSnapshotTopology": {
        "closed": true,
        "components": 1,
        "boundaryEdges": 0
      },
      "skippedDegenerate": 0,
      "skippedTriangles": []
    },
    {
      "file": "xp4-source.glb",
      "sha256": "e065b47171b799251b5e1eb7764b1d0e7d75e336edd1615979b69edf52c65a42",
      "node": "Composite_wing_R",
      "loaderType": "Group",
      "primitives": [
        "Composite_wing_R__flat_candidate_actual_triangle_surface001",
        "Composite_wing_R__flat_candidate_actual_triangle_surface001_1"
      ],
      "sourceTriangleCount": 39424,
      "rawTopology": {
        "closed": true,
        "components": 1,
        "boundaryEdges": 0,
        "nonmanifoldEdges": 0
      },
      "zeroAreaTriangles": [],
      "minimumOwnerLocalTriangleArea": 2.7755575615628914e-17,
      "ownerLocalBelowOrEqual1e18": [],
      "unchangedCollisionSnapshotTopology": {
        "closed": true,
        "components": 1,
        "boundaryEdges": 0
      },
      "skippedDegenerate": 0,
      "skippedTriangles": []
    },
    {
      "file": "xp4.glb",
      "sha256": "352b1b6fd28026e5c9b50e981e1fb30aa4d5fad805084d7186ca2e9c7c375b16",
      "node": "Composite_wing_L",
      "loaderType": "Group",
      "primitives": [
        "Composite_wing_L__flat_candidate_actual_triangle_surface001",
        "Composite_wing_L__flat_candidate_actual_triangle_surface001_1"
      ],
      "sourceTriangleCount": 39416,
      "rawTopology": {
        "closed": true,
        "components": 1,
        "boundaryEdges": 0,
        "nonmanifoldEdges": 0
      },
      "zeroAreaTriangles": [],
      "minimumOwnerLocalTriangleArea": 2.7755575615628914e-17,
      "ownerLocalBelowOrEqual1e18": [],
      "unchangedCollisionSnapshotTopology": {
        "closed": true,
        "components": 1,
        "boundaryEdges": 0
      },
      "skippedDegenerate": 0,
      "skippedTriangles": []
    },
    {
      "file": "xp4.glb",
      "sha256": "352b1b6fd28026e5c9b50e981e1fb30aa4d5fad805084d7186ca2e9c7c375b16",
      "node": "Composite_wing_R",
      "loaderType": "Group",
      "primitives": [
        "Composite_wing_R__flat_candidate_actual_triangle_surface001",
        "Composite_wing_R__flat_candidate_actual_triangle_surface001_1"
      ],
      "sourceTriangleCount": 39424,
      "rawTopology": {
        "closed": true,
        "components": 1,
        "boundaryEdges": 0,
        "nonmanifoldEdges": 0
      },
      "zeroAreaTriangles": [],
      "minimumOwnerLocalTriangleArea": 2.7755575615628914e-17,
      "ownerLocalBelowOrEqual1e18": [],
      "unchangedCollisionSnapshotTopology": {
        "closed": true,
        "components": 1,
        "boundaryEdges": 0
      },
      "skippedDegenerate": 0,
      "skippedTriangles": []
    }
  ],
  "unchangedThresholds": {
    "ownerLocalMinimumAreaExclusive": 1e-18,
    "triangleContactModuleSha256": "c8c8bc4f141aff261dbb0bac493fb9e7b4066cae9e1eb95f41cdd9b7718700bb",
    "solidContactModuleSha256": "ce7e6268a2b923be64a714716989206c325d283936f28cb7a72d98d2433f023d"
  },
  "scope": "Aggregate all material primitives of each current lower-skin physical owner and any newly added owner; preserve V26 area and original SAT filtering gates exactly. Raw topology and the unchanged collision snapshot must both pass. No appearance, material-thickness, clearance, collision or global aircraft acceptance is implied."
}
