browserType.launch: Target page, context or browser has been closed
Browser logs:

<launching> /usr/bin/chromium --disable-field-trial-config --disable-background-networking --disable-background-timer-throttling --disable-backgrounding-occluded-windows --disable-back-forward-cache --disable-breakpad --disable-client-side-phishing-detection --disable-component-extensions-with-background-pages --disable-component-update --no-default-browser-check --disable-default-apps --disable-dev-shm-usage --disable-edgeupdater --disable-extensions --disable-features=AvoidUnnecessaryBeforeUnloadCheckSync,BoundaryEventDispatchTracksNodeRemoval,DestroyProfileOnBrowserClose,DialMediaRouteProvider,GlobalMediaControls,HttpsUpgrades,LensOverlay,MediaRouter,PaintHolding,ThirdPartyStoragePartitioning,BlockOriginHeaderModificationOnRedirect,Translate,AutoDeElevate,OptimizationHints,msForceBrowserSignIn,msEdgeUpdateLaunchServicesPreferredVersion --enable-features=CDPScreenshotNewSurface --allow-pre-commit-input --disable-hang-monitor --disable-ipc-flooding-protection --disable-popup-blocking --disable-prompt-on-repost --disable-renderer-backgrounding --disable-updater-scheduler --force-color-profile=srgb --metrics-recording-only --no-first-run --password-store=basic --use-mock-keychain --no-service-autorun --export-tagged-pdf --disable-search-engine-choice-screen --unsafely-disable-devtools-self-xss-warnings --edge-skip-compat-layer-relaunch --disable-infobars --disable-search-engine-choice-screen --disable-sync --enable-unsafe-swiftshader --headless --hide-scrollbars --mute-audio --blink-settings=primaryHoverType=2,availableHoverTypes=2,primaryPointerType=4,availablePointerTypes=4 --no-sandbox --no-sandbox --use-gl=angle --use-angle=swiftshader --enable-unsafe-swiftshader --disable-dev-shm-usage --user-data-dir=/tmp/playwright_chromiumdev_profile-JP4OVC --remote-debugging-pipe --no-startup-window
<launched> pid=17
[pid=17][err] /usr/bin/chromium: 9: [: 5225730048: unexpected operator
[pid=17][err] [17:17:1006/213805.947112:FATAL:chrome/browser/process_singleton_posix.cc:297] Check failed: . socket() failed: Operation not permitted (1)
[pid=17][err] [1006/213805.947612:ERROR:third_party/crashpad/crashpad/util/linux/scoped_ptrace_attach.cc:27] ptrace: Operation not permitted (1)
Call log:
[2m  - <launching> /usr/bin/chromium --disable-field-trial-config --disable-background-networking --disable-background-timer-throttling --disable-backgrounding-occluded-windows --disable-back-forward-cache --disable-breakpad --disable-client-side-phishing-detection --disable-component-extensions-with-background-pages --disable-component-update --no-default-browser-check --disable-default-apps --disable-dev-shm-usage --disable-edgeupdater --disable-extensions --disable-features=AvoidUnnecessaryBeforeUnloadCheckSync,BoundaryEventDispatchTracksNodeRemoval,DestroyProfileOnBrowserClose,DialMediaRouteProvider,GlobalMediaControls,HttpsUpgrades,LensOverlay,MediaRouter,PaintHolding,ThirdPartyStoragePartitioning,BlockOriginHeaderModificationOnRedirect,Translate,AutoDeElevate,OptimizationHints,msForceBrowserSignIn,msEdgeUpdateLaunchServicesPreferredVersion --enable-features=CDPScreenshotNewSurface --allow-pre-commit-input --disable-hang-monitor --disable-ipc-flooding-protection --disable-popup-blocking --disable-prompt-on-repost --disable-renderer-backgrounding --disable-updater-scheduler --force-color-profile=srgb --metrics-recording-only --no-first-run --password-store=basic --use-mock-keychain --no-service-autorun --export-tagged-pdf --disable-search-engine-choice-screen --unsafely-disable-devtools-self-xss-warnings --edge-skip-compat-layer-relaunch --disable-infobars --disable-search-engine-choice-screen --disable-sync --enable-unsafe-swiftshader --headless --hide-scrollbars --mute-audio --blink-settings=primaryHoverType=2,availableHoverTypes=2,primaryPointerType=4,availablePointerTypes=4 --no-sandbox --no-sandbox --use-gl=angle --use-angle=swiftshader --enable-unsafe-swiftshader --disable-dev-shm-usage --user-data-dir=/tmp/playwright_chromiumdev_profile-JP4OVC --remote-debugging-pipe --no-startup-window[22m
[2m  - <launched> pid=17[22m
[2m  - [pid=17][err] /usr/bin/chromium: 9: [: 5225730048: unexpected operator[22m
[2m  - [pid=17][err] [17:17:1006/213805.947112:FATAL:chrome/browser/process_singleton_posix.cc:297] Check failed: . socket() failed: Operation not permitted (1)[22m
[2m  - [pid=17][err] [1006/213805.947612:ERROR:third_party/crashpad/crashpad/util/linux/scoped_ptrace_attach.cc:27] ptrace: Operation not permitted (1)[22m
[2m  - [pid=17] <gracefully close start>[22m
[2m  - [pid=17] <kill>[22m
[2m  - [pid=17] <will force kill>[22m
[2m  - [pid=17] <process did exit: exitCode=null, signal=SIGABRT>[22m
[2m  - [pid=17] starting temporary directories cleanup[22m
[2m  - [pid=17] finished temporary directories cleanup[22m
[2m  - [pid=17] <gracefully close end>[22m

    at /tmp/transwing-oct07-analysis/browser-smoke.cjs:3:41
    at Object.<anonymous> (/tmp/transwing-oct07-analysis/browser-smoke.cjs:3:1549) {
  log: [
    '  - <launching> /usr/bin/chromium --disable-field-trial-config --disable-background-networking --disable-background-timer-throttling --disable-backgrounding-occluded-windows --disable-back-forward-cache --disable-breakpad --disable-client-side-phishing-detection --disable-component-extensions-with-background-pages --disable-component-update --no-default-browser-check --disable-default-apps --disable-dev-shm-usage --disable-edgeupdater --disable-extensions --disable-features=AvoidUnnecessaryBeforeUnloadCheckSync,BoundaryEventDispatchTracksNodeRemoval,DestroyProfileOnBrowserClose,DialMediaRouteProvider,GlobalMediaControls,HttpsUpgrades,LensOverlay,MediaRouter,PaintHolding,ThirdPartyStoragePartitioning,BlockOriginHeaderModificationOnRedirect,Translate,AutoDeElevate,OptimizationHints,msForceBrowserSignIn,msEdgeUpdateLaunchServicesPreferredVersion --enable-features=CDPScreenshotNewSurface --allow-pre-commit-input --disable-hang-monitor --disable-ipc-flooding-protection --disable-popup-blocking --disable-prompt-on-repost --disable-renderer-backgrounding --disable-updater-scheduler --force-color-profile=srgb --metrics-recording-only --no-first-run --password-store=basic --use-mock-keychain --no-service-autorun --export-tagged-pdf --disable-search-engine-choice-screen --unsafely-disable-devtools-self-xss-warnings --edge-skip-compat-layer-relaunch --disable-infobars --disable-search-engine-choice-screen --disable-sync --enable-unsafe-swiftshader --headless --hide-scrollbars --mute-audio --blink-settings=primaryHoverType=2,availableHoverTypes=2,primaryPointerType=4,availablePointerTypes=4 --no-sandbox --no-sandbox --use-gl=angle --use-angle=swiftshader --enable-unsafe-swiftshader --disable-dev-shm-usage --user-data-dir=/tmp/playwright_chromiumdev_profile-JP4OVC --remote-debugging-pipe --no-startup-window',
    '  - <launched> pid=17',
    '  - [pid=17][err] /usr/bin/chromium: 9: [: 5225730048: unexpected operator',
    '  - [pid=17][err] [17:17:1006/213805.947112:FATAL:chrome/browser/process_singleton_posix.cc:297] Check failed: . socket() failed: Operation not permitted (1)',
    '  - [pid=17][err] [1006/213805.947612:ERROR:third_party/crashpad/crashpad/util/linux/scoped_ptrace_attach.cc:27] ptrace: Operation not permitted (1)',
    '  - [pid=17] <gracefully close start>',
    '  - [pid=17] <kill>',
    '  - [pid=17] <will force kill>',
    '  - [pid=17] <process did exit: exitCode=null, signal=SIGABRT>',
    '  - [pid=17] starting temporary directories cleanup',
    '  - [pid=17] finished temporary directories cleanup',
    '  - [pid=17] <gracefully close end>'
  ]
}
