node:internal/modules/run_main:107
    triggerUncaughtException(
    ^

AssertionError [ERR_ASSERTION]: Composite_wing_L serialized translation changed
+ actual - expected

  [
+   0.15012920065021515,
-   0.15012820065021515,
    0.020128294825553894,
    -0.02987179532647133
  ]

    at serializedTrs (file:///workspace/scratch/40bf3b17dbf8/transwing-new-annotations-20261007/work/transwing-studio/scripts/revision_20261007_inset/integrated_verify_source_runtime.mjs:38:187)
    at file:///workspace/scratch/40bf3b17dbf8/transwing-new-annotations-20261007/work/transwing-studio/scripts/revision_20261007_inset/integrated_verify_source_runtime.mjs:78:2 {
  generatedMessage: false,
  code: 'ERR_ASSERTION',
  actual: [ 0.15012920065021515, 0.020128294825553894, -0.02987179532647133 ],
  expected: [ 0.15012820065021515, 0.020128294825553894, -0.02987179532647133 ],
  operator: 'deepStrictEqual',
  diff: 'simple'
}

Node.js v24.19.0
