{
  "schema": "transwing.v27-integrated-baked-animation.v1",
  "revision": 27,
  "passed": true,
  "pipelineTrialOnly": true,
  "browserPixelsTested": false,
  "appearanceAccepted": false,
  "jointMaterialAcceptanceImplied": false,
  "thresholds": {
    "visibleEyeBallDistance": 0.00002,
    "propHubToRealAxisDistance": 0.000002,
    "driveQuaternionError": 1e-10,
    "threadPhaseDriftRadians": 0.00005
  },
  "files": [
    {
      "filename": "xp4-source.glb",
      "passed": true,
      "sha256": "3971bdc21cc5058fef3e38fba3031326f55e8714021627f721f402f9aa281651",
      "persistedMechanism": {
        "actualRightPivot": [
          1.5001282691955566,
          -1.4448717832565308,
          -0.22012822329998016
        ],
        "wingAnchorRightCruise": [
          1.059999942779541,
          -1.0399999618530273,
          -0.17669521272182465
        ],
        "bodyAnchorRightCruise": [
          0.16,
          1.9,
          -0.02
        ],
        "rigidRodLength": 3.0786610396187717,
        "actualTravel": {
          "samples": 4001,
          "minimumY": 0.8409326081856277,
          "maximumY": 1.9000001249111587,
          "hoverY": 0.8409326081856277,
          "cruiseY": 1.9000001249111587,
          "minimumAtUnfold": 0,
          "maximumAtUnfold": 1,
          "continuousExtremaProof": false
        }
      },
      "clips": [
        {
          "name": "TRANSWING_Hover_Cruise_Hover",
          "channels": 18,
          "duration": 8.291666984558105,
          "samples": 5859,
          "maximumVisibleEyeBallDistance": 0.000005304531537361694,
          "maximumPropHubToRealAxisDistance": 1.0867649735959488e-7,
          "maximumDriveQuaternionError": 8.881784197001252e-16,
          "maximumThreadPhaseDriftRadians": 8.566390530262424e-8,
          "maximumMechanismPointError": 0.000009118031030933414,
          "maximumWingQuaternionError": 2.883493444016949e-11,
          "maximumEndpointMotorQuaternionError": 0,
          "maximumEndpointFoldQuaternionError": 3.552713678800501e-15,
          "maximumMotorQuaternionError": 0,
          "maximumFoldQuaternionError": 0,
          "stationaryFoldChecks": 0,
          "motorPoseReference": null,
          "actualSliderYRange": [
            0.8409326672554016,
            1.9000000953674319
          ]
        },
        {
          "name": "TRANSWING_Motors_Start_Stop",
          "channels": 26,
          "duration": 7,
          "samples": 5313,
          "maximumVisibleEyeBallDistance": 5.337077004268153e-7,
          "maximumPropHubToRealAxisDistance": 1.0867644447540335e-7,
          "maximumDriveQuaternionError": 1.1102230246251565e-16,
          "maximumThreadPhaseDriftRadians": 2.853273173286652e-14,
          "maximumMechanismPointError": 1.1831247238894388e-7,
          "maximumWingQuaternionError": 8.43769498715119e-15,
          "maximumEndpointMotorQuaternionError": 8.596456879672587e-13,
          "maximumEndpointFoldQuaternionError": 3.552713678800501e-15,
          "maximumMotorQuaternionError": 1.1826095658307167e-12,
          "maximumFoldQuaternionError": 4.773959005888173e-15,
          "stationaryFoldChecks": 18208,
          "motorPoseReference": "Independent analytical values at the frozen 673 Float32 quarter-frame knots, with linear angle interpolation matching glTF quaternion SLERP",
          "actualSliderYRange": [
            0.8409326672554015,
            0.8409326672554017
          ]
        }
      ],
      "threadRestPhaseFaultInjection": {
        "rejected": true,
        "injectedMaleThreadRotationRadians": 0.05
      }
    },
    {
      "filename": "xp4.glb",
      "passed": true,
      "sha256": "6c5c62f495d0296df72a23e3f2ce5fe5b66216640e40b8c81a3cc2d72bd0ad59",
      "persistedMechanism": {
        "actualRightPivot": [
          1.5001282691955566,
          -1.4448717832565308,
          -0.22012822329998016
        ],
        "wingAnchorRightCruise": [
          1.059999942779541,
          -1.0399999618530273,
          -0.17669521272182465
        ],
        "bodyAnchorRightCruise": [
          0.16,
          1.9,
          -0.02
        ],
        "rigidRodLength": 3.0786610396187717,
        "actualTravel": {
          "samples": 4001,
          "minimumY": 0.8409326081856277,
          "maximumY": 1.9000001249111587,
          "hoverY": 0.8409326081856277,
          "cruiseY": 1.9000001249111587,
          "minimumAtUnfold": 0,
          "maximumAtUnfold": 1,
          "continuousExtremaProof": false
        }
      },
      "clips": [
        {
          "name": "TRANSWING_Hover_Cruise_Hover",
          "channels": 18,
          "duration": 8.291666984558105,
          "samples": 5859,
          "maximumVisibleEyeBallDistance": 0.000005304531537361694,
          "maximumPropHubToRealAxisDistance": 1.0867649735959488e-7,
          "maximumDriveQuaternionError": 8.881784197001252e-16,
          "maximumThreadPhaseDriftRadians": 8.566390530262424e-8,
          "maximumMechanismPointError": 0.000009118031030933414,
          "maximumWingQuaternionError": 2.883493444016949e-11,
          "maximumEndpointMotorQuaternionError": 0,
          "maximumEndpointFoldQuaternionError": 3.552713678800501e-15,
          "maximumMotorQuaternionError": 0,
          "maximumFoldQuaternionError": 0,
          "stationaryFoldChecks": 0,
          "motorPoseReference": null,
          "actualSliderYRange": [
            0.8409326672554016,
            1.9000000953674319
          ]
        },
        {
          "name": "TRANSWING_Motors_Start_Stop",
          "channels": 26,
          "duration": 7,
          "samples": 5313,
          "maximumVisibleEyeBallDistance": 5.337077004268153e-7,
          "maximumPropHubToRealAxisDistance": 1.0867644447540335e-7,
          "maximumDriveQuaternionError": 1.1102230246251565e-16,
          "maximumThreadPhaseDriftRadians": 2.8428648324307915e-14,
          "maximumMechanismPointError": 1.1831247238894388e-7,
          "maximumWingQuaternionError": 8.43769498715119e-15,
          "maximumEndpointMotorQuaternionError": 8.596456879672587e-13,
          "maximumEndpointFoldQuaternionError": 3.552713678800501e-15,
          "maximumMotorQuaternionError": 1.1826095658307167e-12,
          "maximumFoldQuaternionError": 4.773959005888173e-15,
          "stationaryFoldChecks": 18208,
          "motorPoseReference": "Independent analytical values at the frozen 673 Float32 quarter-frame knots, with linear angle interpolation matching glTF quaternion SLERP",
          "actualSliderYRange": [
            0.8409326672554015,
            0.8409326672554017
          ]
        }
      ],
      "threadRestPhaseFaultInjection": {
        "rejected": true,
        "injectedMaleThreadRotationRadians": 0.05
      }
    }
  ]
}
