{
  "revision": 27,
  "inventoryComplete": true,
  "sourceCandidateSha256": "0212650e9d6ba53d694d700837d929c9797103ea88a0cff104f338a4f3169193",
  "actualSourceReferenceOwnerCount": 285,
  "newMeshOwnersComparedToFrozenM": [],
  "files": [
    {
      "file": "xp4-source.glb",
      "sha256": "3971bdc21cc5058fef3e38fba3031326f55e8714021627f721f402f9aa281651",
      "logicalOwners": 285,
      "renderedMeshPrimitives": 287,
      "renderedTriangles": 357070,
      "rawClosedOwners": 263,
      "allOwnersRawClosed": false,
      "openOrNonmanifoldOwnerNames": [
        "Ventral_antenna",
        "Ventral_antenna.001",
        "Lower_fuselage_join",
        "Lower_fuselage_join.002",
        "V_tail_blue_leading_L",
        "Fixed_root_blue_L",
        "Pod_mount_seam_L_Front",
        "Pod_mount_seam_L_Front.001",
        "Pod_mount_seam_L_Rear",
        "Pod_mount_seam_L_Rear.001",
        "Wing_blue_angular_panel_L",
        "Wing_blue_leading_L",
        "WingLowerClosureBlue_L",
        "V_tail_blue_leading_R",
        "Fixed_root_blue_R",
        "Pod_mount_seam_R_Front",
        "Pod_mount_seam_R_Front.001",
        "Pod_mount_seam_R_Rear",
        "Pod_mount_seam_R_Rear.001",
        "Wing_blue_angular_panel_R",
        "Wing_blue_leading_R",
        "WingLowerClosureBlue_R"
      ],
      "ownersWithSatDegenerateFiltering": []
    },
    {
      "file": "xp4.glb",
      "sha256": "6c5c62f495d0296df72a23e3f2ce5fe5b66216640e40b8c81a3cc2d72bd0ad59",
      "logicalOwners": 285,
      "renderedMeshPrimitives": 287,
      "renderedTriangles": 357070,
      "rawClosedOwners": 254,
      "allOwnersRawClosed": false,
      "openOrNonmanifoldOwnerNames": [
        "Ventral_antenna",
        "Ventral_antenna.001",
        "Ventral_small_sensor",
        "Lower_fuselage_join",
        "Lower_fuselage_join.002",
        "V_tail_blue_leading_L",
        "Fixed_root_blue_L",
        "Pod_mount_seam_L_Front",
        "Pod_mount_seam_L_Front.001",
        "Pod_mount_seam_L_Rear",
        "Pod_mount_seam_L_Rear.001",
        "Blade_hinge_arm_L_Front_A",
        "Blade_hinge_arm_L_Front_B",
        "Blade_hinge_arm_L_Rear_A",
        "Blade_hinge_arm_L_Rear_B",
        "Wing_blue_angular_panel_L",
        "Wing_blue_leading_L",
        "WingLowerClosureBlue_L",
        "V_tail_blue_leading_R",
        "Fixed_root_blue_R",
        "Pod_mount_seam_R_Front",
        "Pod_mount_seam_R_Front.001",
        "Pod_mount_seam_R_Rear",
        "Pod_mount_seam_R_Rear.001",
        "Blade_hinge_arm_R_Front_A",
        "Blade_hinge_arm_R_Front_B",
        "Blade_hinge_arm_R_Rear_A",
        "Blade_hinge_arm_R_Rear_B",
        "Wing_blue_angular_panel_R",
        "Wing_blue_leading_R",
        "WingLowerClosureBlue_R"
      ],
      "ownersWithSatDegenerateFiltering": [
        {
          "node": "Ventral_small_sensor",
          "count": 24
        },
        {
          "node": "Blade_hinge_arm_L_Front_A",
          "count": 8
        },
        {
          "node": "Blade_hinge_arm_L_Front_B",
          "count": 8
        },
        {
          "node": "Blade_hinge_arm_L_Rear_A",
          "count": 8
        },
        {
          "node": "Blade_hinge_arm_L_Rear_B",
          "count": 8
        },
        {
          "node": "Blade_hinge_arm_R_Front_A",
          "count": 8
        },
        {
          "node": "Blade_hinge_arm_R_Front_B",
          "count": 8
        },
        {
          "node": "Blade_hinge_arm_R_Rear_A",
          "count": 8
        },
        {
          "node": "Blade_hinge_arm_R_Rear_B",
          "count": 8
        }
      ]
    }
  ],
  "globalClosureAcceptanceClaimed": false,
  "jointMaterialAcceptanceImplied": false,
  "appearanceAccepted": false,
  "integrationApproved": false,
  "scope": "Exhaustive physical-owner inventory includes every material primitive and both Group-owned Composite wings. Open coatings, nonmanifold surfaces and original SAT filtering are visible evidence, not silently granted exemptions. Strict lower-skin/new-owner topology is separately recorded in SEMANTIC_OWNER_TOPOLOGY_CHECK.json. No global closure, wall, clearance, appearance or material acceptance is claimed."
}
