{
  "revision": 27,
  "inventoryComplete": true,
  "sourceCandidateSha256": "f38764881b5c597cc3be98aab79a9b2ad932f6c8c07359d7f9f30c218969c084",
  "actualSourceReferenceOwnerCount": 285,
  "newMeshOwnersComparedToFrozenM": [],
  "files": [
    {
      "file": "xp4-source.glb",
      "sha256": "db57f5fa421f10e5be27d236ad6d7733e354f3827d09d8d96f5adc55971e3be1",
      "logicalOwners": 285,
      "renderedMeshPrimitives": 287,
      "renderedTriangles": 357070,
      "rawClosedOwners": 263,
      "allOwnersRawClosed": false,
      "openOrNonmanifoldOwnerNames": [
        "Ventral_antenna",
        "Ventral_antenna.001",
        "Lower_fuselage_join",
        "Lower_fuselage_join.002",
        "V_tail_blue_leading_L",
        "Fixed_root_blue_L",
        "Pod_mount_seam_L_Front",
        "Pod_mount_seam_L_Front.001",
        "Pod_mount_seam_L_Rear",
        "Pod_mount_seam_L_Rear.001",
        "Wing_blue_angular_panel_L",
        "Wing_blue_leading_L",
        "WingLowerClosureBlue_L",
        "V_tail_blue_leading_R",
        "Fixed_root_blue_R",
        "Pod_mount_seam_R_Front",
        "Pod_mount_seam_R_Front.001",
        "Pod_mount_seam_R_Rear",
        "Pod_mount_seam_R_Rear.001",
        "Wing_blue_angular_panel_R",
        "Wing_blue_leading_R",
        "WingLowerClosureBlue_R"
      ],
      "ownersWithSatDegenerateFiltering": []
    },
    {
      "file": "xp4.glb",
      "sha256": "334febcb77aa1a3f9eaead2c5931323093479664308b737362420d74d4b7f3dd",
      "logicalOwners": 285,
      "renderedMeshPrimitives": 287,
      "renderedTriangles": 357070,
      "rawClosedOwners": 254,
      "allOwnersRawClosed": false,
      "openOrNonmanifoldOwnerNames": [
        "Ventral_antenna",
        "Ventral_antenna.001",
        "Ventral_small_sensor",
        "Lower_fuselage_join",
        "Lower_fuselage_join.002",
        "V_tail_blue_leading_L",
        "Fixed_root_blue_L",
        "Pod_mount_seam_L_Front",
        "Pod_mount_seam_L_Front.001",
        "Pod_mount_seam_L_Rear",
        "Pod_mount_seam_L_Rear.001",
        "Blade_hinge_arm_L_Front_A",
        "Blade_hinge_arm_L_Front_B",
        "Blade_hinge_arm_L_Rear_A",
        "Blade_hinge_arm_L_Rear_B",
        "Wing_blue_angular_panel_L",
        "Wing_blue_leading_L",
        "WingLowerClosureBlue_L",
        "V_tail_blue_leading_R",
        "Fixed_root_blue_R",
        "Pod_mount_seam_R_Front",
        "Pod_mount_seam_R_Front.001",
        "Pod_mount_seam_R_Rear",
        "Pod_mount_seam_R_Rear.001",
        "Blade_hinge_arm_R_Front_A",
        "Blade_hinge_arm_R_Front_B",
        "Blade_hinge_arm_R_Rear_A",
        "Blade_hinge_arm_R_Rear_B",
        "Wing_blue_angular_panel_R",
        "Wing_blue_leading_R",
        "WingLowerClosureBlue_R"
      ],
      "ownersWithSatDegenerateFiltering": [
        {
          "node": "Ventral_small_sensor",
          "count": 24
        },
        {
          "node": "Blade_hinge_arm_L_Front_A",
          "count": 8
        },
        {
          "node": "Blade_hinge_arm_L_Front_B",
          "count": 8
        },
        {
          "node": "Blade_hinge_arm_L_Rear_A",
          "count": 8
        },
        {
          "node": "Blade_hinge_arm_L_Rear_B",
          "count": 8
        },
        {
          "node": "Blade_hinge_arm_R_Front_A",
          "count": 8
        },
        {
          "node": "Blade_hinge_arm_R_Front_B",
          "count": 8
        },
        {
          "node": "Blade_hinge_arm_R_Rear_A",
          "count": 8
        },
        {
          "node": "Blade_hinge_arm_R_Rear_B",
          "count": 8
        }
      ]
    }
  ],
  "globalClosureAcceptanceClaimed": false,
  "jointMaterialAcceptanceImplied": false,
  "appearanceAccepted": false,
  "integrationApproved": false,
  "scope": "Exhaustive physical-owner inventory includes every material primitive and both Group-owned Composite wings. Open coatings, nonmanifold surfaces and original SAT filtering are visible evidence, not silently granted exemptions. Strict lower-skin/new-owner topology is separately recorded in SEMANTIC_OWNER_TOPOLOGY_CHECK.json. No global closure, wall, clearance, appearance or material acceptance is claimed."
}
