{
  "passed": true,
  "revision": 27,
  "jointMaterialAcceptanceImplied": false,
  "appearanceAccepted": false,
  "integrationApproved": false,
  "candidateReferenceSha256": "939549ab03762439d0c643073bbf110574729ff7990899e976943c6a965fc9f3",
  "sourceCandidateSha256": "f38764881b5c597cc3be98aab79a9b2ad932f6c8c07359d7f9f30c218969c084",
  "bakedBlendSha256": "74f4c082d150dedc160565eefbd5bc99ec0ff87999e86a835f7f4b62a32e4274",
  "completeMeshIdentitiesCompared": 285,
  "allNamedParentsCompared": 352,
  "countsVerifiedAgainstCurrentReferenceAndBakeReceipt": true,
  "completeGeometryIncludesUnusedVerticesOrientedPolygonsAndMaterialSlots": true,
  "actualCandidateReopenedAndIndependentlyCompared": true,
  "animatedFramesRequireSeparateActualGLTFPlaybackVerification": true,
  "checks": [
    {
      "artifact": "pinned-current-candidate",
      "sha256": "f38764881b5c597cc3be98aab79a9b2ad932f6c8c07359d7f9f30c218969c084",
      "completeMeshIdentitiesCompared": 285,
      "allNamedParentsCompared": 352,
      "staticLocalFramesCompared": 352,
      "differences": []
    },
    {
      "artifact": "fresh-baked-blend",
      "sha256": "74f4c082d150dedc160565eefbd5bc99ec0ff87999e86a835f7f4b62a32e4274",
      "completeMeshIdentitiesCompared": 285,
      "allNamedParentsCompared": 352,
      "staticLocalFramesCompared": 330,
      "differences": []
    }
  ],
  "differences": [],
  "claimBoundary": "Complete current-candidate and baked native geometry identity only. No thickness, clearance, collision, visual, animation-playback or integration acceptance is granted."
}
Blender 4.3.2
Read blend: "/workspace/scratch/40bf3b17dbf8/transwing-new-annotations-20261007/edge-linkage-revision/transwing-studio/qa/revision-20261007/candidate-inset-integrated-b-edge-linkage.blend"
Read blend: "/workspace/scratch/40bf3b17dbf8/transwing-new-annotations-20261007/edge-linkage-revision/transwing-studio/qa/revision-20261007-inset/baked-edge-linkage-final/xp4.blend"

Blender quit
