{
  "passed": true,
  "revision": 27,
  "sourceCandidateSha256": "f38764881b5c597cc3be98aab79a9b2ad932f6c8c07359d7f9f30c218969c084",
  "sourceSha256": "db57f5fa421f10e5be27d236ad6d7733e354f3827d09d8d96f5adc55971e3be1",
  "runtimeSha256": "334febcb77aa1a3f9eaead2c5931323093479664308b737362420d74d4b7f3dd",
  "sourceBytes": 10920584,
  "runtimeBytes": 4035036,
  "runtimeBudgetDecision": "pending-root-decision",
  "priorV26BudgetBytesReferenceOnly": 3800000,
  "withinPriorV26ReferenceBudget": false,
  "budgetAcceptanceImplied": false,
  "integrationApproved": false,
  "appearanceAccepted": false,
  "jointMaterialAcceptanceImplied": false,
  "meshInstances": 285,
  "renderedMeshPrimitives": 287,
  "rawNodes": 352,
  "countsVerifiedAgainstCurrentReferenceAndBakeReceipt": true,
  "inheritedCriticalOwnersAndAliases": 179,
  "requiredCriticalGeometryOwners": 177,
  "completeCriticalGeometryMeshes": 177,
  "criticalPrimitiveCount": 179,
  "newRequiredCriticalOwners": [],
  "additionalCompressorDeclaredOwners": [],
  "semanticAliases": [
    {
      "node": "WingLowerClosure_L",
      "type": "EMPTY",
      "materialOwner": "Composite_wing_L",
      "parent": "WingPivot_L",
      "serializedTrsExactlyPreserved": true
    },
    {
      "node": "WingLowerClosure_R",
      "type": "EMPTY",
      "materialOwner": "Composite_wing_R",
      "parent": "WingPivot_R",
      "serializedTrsExactlyPreserved": true
    }
  ],
  "allHierarchyNamesAndParentsPreserved": true,
  "allMaterialDefinitionsAndBindingsPreserved": true,
  "maxCriticalLocalMatrixError": 0,
  "driveRestTransformsExactlyPreserved": [
    "Drive_ScrewRotor",
    "Drive_MotorRotor",
    "Drive_PlanetRotor_0",
    "Drive_PlanetRotor_1",
    "Drive_PlanetRotor_2"
  ],
  "animations": [
    {
      "name": "TRANSWING_Hover_Cruise_Hover",
      "tracks": 18,
      "duration": 8.291666984558105,
      "trackNames": [
        "BraceSpreader.position",
        "WingPivot_L.quaternion",
        "BladeFold_L_Rear_A.quaternion",
        "BladeFold_L_Rear_B.quaternion",
        "BraceRod_L.position",
        "BraceRod_L.quaternion",
        "BraceRod_L.scale",
        "WingPivot_R.quaternion",
        "BladeFold_R_Rear_A.quaternion",
        "BladeFold_R_Rear_B.quaternion",
        "BraceRod_R.position",
        "BraceRod_R.quaternion",
        "BraceRod_R.scale",
        "Drive_ScrewRotor.quaternion",
        "Drive_PlanetRotor_0.quaternion",
        "Drive_PlanetRotor_1.quaternion",
        "Drive_PlanetRotor_2.quaternion",
        "Drive_MotorRotor.quaternion"
      ],
      "allDecodedTimesAndValuesByteEqual": true,
      "interpolationAndTypesIdentical": true
    },
    {
      "name": "TRANSWING_Motors_Start_Stop",
      "tracks": 26,
      "duration": 7,
      "trackNames": [
        "BraceSpreader.position",
        "WingPivot_L.quaternion",
        "Prop_L_Front.quaternion",
        "BladeFold_L_Front_A.quaternion",
        "BladeFold_L_Front_B.quaternion",
        "Prop_L_Rear.quaternion",
        "BladeFold_L_Rear_A.quaternion",
        "BladeFold_L_Rear_B.quaternion",
        "BraceRod_L.position",
        "BraceRod_L.quaternion",
        "BraceRod_L.scale",
        "WingPivot_R.quaternion",
        "Prop_R_Front.quaternion",
        "BladeFold_R_Front_A.quaternion",
        "BladeFold_R_Front_B.quaternion",
        "Prop_R_Rear.quaternion",
        "BladeFold_R_Rear_A.quaternion",
        "BladeFold_R_Rear_B.quaternion",
        "BraceRod_R.position",
        "BraceRod_R.quaternion",
        "BraceRod_R.scale",
        "Drive_ScrewRotor.quaternion",
        "Drive_PlanetRotor_0.quaternion",
        "Drive_PlanetRotor_1.quaternion",
        "Drive_PlanetRotor_2.quaternion",
        "Drive_MotorRotor.quaternion"
      ],
      "allDecodedTimesAndValuesByteEqual": true,
      "interpolationAndTypesIdentical": true
    }
  ],
  "claimBoundary": "Current baked source/runtime identity only: all inherited and current critical owners, every material primitive, Float32 oriented positions, exact serialized local TRS, complete hierarchy/material assignments, and animation arrays. Full current-candidate material, wall/clearance, appearance, playback and production-rig gates remain separate. Frozen parent metadata grants no new material acceptance."
}
